 pm3lite

 Timestamp is 3a37d3c1 (Wed Dec 13 13:53:37 2000)

 Preferred load address is 00400000

 Start         Length     Name                   Class
 0001:00000000 0008c98eH .text                   CODE
 0002:00000000 00005e2cH .rdata                  DATA
 0002:00005e30 00006238H .xdata$x                DATA
 0002:0000c070 0000e6f2H .edata                  DATA
 0003:00000000 00000004H .CRT$XCA                DATA
 0003:00000004 00000004H .CRT$XCL                DATA
 0003:00000008 0000000cH .CRT$XCU                DATA
 0003:00000014 00000004H .CRT$XCZ                DATA
 0003:00000018 00000004H .CRT$XIA                DATA
 0003:0000001c 00000004H .CRT$XIZ                DATA
 0003:00000020 00006da4H .data                   DATA
 0003:00006dc8 00001e58H .bss                    DATA
 0004:00000000 00000118H .idata$2                DATA
 0004:00000118 00000028H .idata$3                DATA
 0004:00000140 00000f0cH .idata$4                DATA
 0004:0000104c 00000f0cH .idata$5                DATA
 0004:00001f58 00001830H .idata$6                DATA
 0005:00000000 00001db0H .rsrc$01                DATA
 0005:00001db0 0016ebfcH .rsrc$02                DATA

  Address         Publics by Value              Rva+Base   Lib:Object

 0001:00000000       ??4RDXDbAddr@@QAEAAV0@ABV0@@Z 00401000 f OpenGLSettings.obj
 0001:00000030       ??4RDXLockObj@@QAEAAV0@ABV0@@Z 00401030 f OpenGLSettings.obj
 0001:00000060       ??0DbAddr@@IAE@XZ          00401060 f OpenGLSettings.obj
 0001:00000090       ??0DbAddr@@QAE@J@Z         00401090 f OpenGLSettings.obj
 0001:000000c0       ?GetDba@DbAddr@@QBEKXZ     004010c0 f OpenGLSettings.obj
 0001:000000e0       ?SetDba@DbAddr@@QAEXK@Z    004010e0 f OpenGLSettings.obj
 0001:00000100       ??4DbAddr@@QAEAAV0@ABV0@@Z 00401100 f OpenGLSettings.obj
 0001:00000130       ??0VistaObj@@IAE@PAVVistaDb@@@Z 00401130 f OpenGLSettings.obj
 0001:00000180       ?SetStatus@VistaObj@@QAEXH@Z 00401180 f OpenGLSettings.obj
 0001:000001b0       ?GetStatus@VistaObj@@QAEHXZ 004011b0 f OpenGLSettings.obj
 0001:000001d0       ??1VistaObj@@UAE@XZ        004011d0 f OpenGLSettings.obj
 0001:000001f0       ?GetDb@VistaObj@@UAEPAVVistaDb@@XZ 004011f0 f OpenGLSettings.obj
 0001:00000230       ?SetDb@VistaObj@@UAEPAVVistaDb@@PAV2@@Z 00401230 f OpenGLSettings.obj
 0001:00000260       ?RecName@VistaObj@@UAEPADXZ 00401260 f OpenGLSettings.obj
 0001:00000280       ??0VistaObj@@QAE@ABV0@@Z   00401280 f OpenGLSettings.obj
 0001:00000310       ??4VistaObj@@QAEAAV0@ABV0@@Z 00401310 f OpenGLSettings.obj
 0001:000003a0       ??_FVistaObj@@QAEXXZ       004013a0 f OpenGLSettings.obj
 0001:000003c0       ??_GVistaObj@@UAEPAXI@Z    004013c0 f OpenGLSettings.obj
 0001:00000400       ??_EVistaObj@@UAEPAXI@Z    00401400 f OpenGLSettings.obj
 0001:00000470       ?SetDbdPath@ActivateTask@@IAEPADPAD@Z 00401470 f OpenGLSettings.obj
 0001:000004a0       ?DupStr@@YAPADPAPADQAD@Z   004014a0 f OpenGLSettings.obj
 0001:000004f0       ?SetDbfPath@ActivateTask@@IAEPADPAD@Z 004014f0 f OpenGLSettings.obj
 0001:00000520       ?SetTafPath@ActivateTask@@IAEPADPAD@Z 00401520 f OpenGLSettings.obj
 0001:00000550       ?SetLogPath@ActivateTask@@IAEPADPAD@Z 00401550 f OpenGLSettings.obj
 0001:00000580       ?SetUID@ActivateTask@@IAEPADPAD@Z 00401580 f OpenGLSettings.obj
 0001:000005b0       ?GetDbdPath@ActivateTask@@QAEPADXZ 004015b0 f OpenGLSettings.obj
 0001:000005d0       ?GetDbfPath@ActivateTask@@QAEPADXZ 004015d0 f OpenGLSettings.obj
 0001:000005f0       ?GetTafPath@ActivateTask@@QAEPADXZ 004015f0 f OpenGLSettings.obj
 0001:00000610       ?GetLogPath@ActivateTask@@QAEPADXZ 00401610 f OpenGLSettings.obj
 0001:00000630       ?GetUID@ActivateTask@@QAEPADXZ 00401630 f OpenGLSettings.obj
 0001:00000650       ??0ActivateTask@@QAE@PAD00@Z 00401650 f OpenGLSettings.obj
 0001:000006b0       ??1ActivateTask@@QAE@XZ    004016b0 f OpenGLSettings.obj
 0001:000006d0       ??4ActivateTask@@QAEAAV0@ABV0@@Z 004016d0 f OpenGLSettings.obj
 0001:00000700       ??_FActivateTask@@QAEXXZ   00401700 f OpenGLSettings.obj
 0001:00000730       ??_GActivateTask@@QAEPAXI@Z 00401730 f OpenGLSettings.obj
 0001:00000770       ??_EActivateTask@@QAEPAXI@Z 00401770 f OpenGLSettings.obj
 0001:000007e0       ?SetStatus@RDXTask@@IAEXH@Z 004017e0 f OpenGLSettings.obj
 0001:00000810       ?DbTask@RDXTask@@QAEPAUDB_TASK_S@@XZ 00401810 f OpenGLSettings.obj
 0001:00000830       ?Okay@RDXTask@@QAE?AW4T_F@@XZ 00401830 f OpenGLSettings.obj
 0001:00000860       ?GetStatus@RDXTask@@QAEHXZ 00401860 f OpenGLSettings.obj
 0001:00000880       ?dbdpath@RDXTask@@QAEHPAD@Z 00401880 f OpenGLSettings.obj
 0001:000008b0       ?dbfpath@RDXTask@@QAEHPAD@Z 004018b0 f OpenGLSettings.obj
 0001:000008e0       ?dblog@RDXTask@@QAEHPAD@Z  004018e0 f OpenGLSettings.obj
 0001:00000910       ?dbtaf@RDXTask@@QAEHPAD@Z  00401910 f OpenGLSettings.obj
 0001:00000940       ?dbuserid@RDXTask@@QAEHPAD@Z 00401940 f OpenGLSettings.obj
 0001:00000970       ?checkid@RDXTask@@QAEHPAD@Z 00401970 f OpenGLSettings.obj
 0001:000009a0       ?internals@RDXTask@@QAEHHHHPAXI@Z 004019a0 f OpenGLSettings.obj
 0001:000009e0       ?destroy@RDXTask@@QAEHPAD@Z 004019e0 f OpenGLSettings.obj
 0001:00000a10       ?freeall@RDXTask@@QAEHXZ   00401a10 f OpenGLSettings.obj
 0001:00000a40       ?lockcomm@RDXTask@@QAEHH@Z 00401a40 f OpenGLSettings.obj
 0001:00000a70       ?lockmgr@RDXTask@@QAEHPAD@Z 00401a70 f OpenGLSettings.obj
 0001:00000aa0       ?off_opt@RDXTask@@QAEHH@Z  00401aa0 f OpenGLSettings.obj
 0001:00000ad0       ?on_opt@RDXTask@@QAEHK@Z   00401ad0 f OpenGLSettings.obj
 0001:00000b00       ?recover@RDXTask@@QAEHPAD@Z 00401b00 f OpenGLSettings.obj
 0001:00000b30       ?renfile@RDXTask@@QAEHPADF0@Z 00401b30 f OpenGLSettings.obj
 0001:00000b60       ?renclean@RDXTask@@QAEHXZ  00401b60 f OpenGLSettings.obj
 0001:00000b90       ?setpages@RDXTask@@QAEHHH@Z 00401b90 f OpenGLSettings.obj
 0001:00000bc0       ?setfiles@RDXTask@@QAEHH@Z 00401bc0 f OpenGLSettings.obj
 0001:00000bf0       ?set_dberr@RDXTask@@QAEHP6GXHPAD@Z@Z 00401bf0 f OpenGLSettings.obj
 0001:00000c20       ?timeout@RDXTask@@QAEHH@Z  00401c20 f OpenGLSettings.obj
 0001:00000c50       ?trabort@RDXTask@@QAEHXZ   00401c50 f OpenGLSettings.obj
 0001:00000c80       ?trbegin@RDXTask@@QAEHQAD@Z 00401c80 f OpenGLSettings.obj
 0001:00000cb0       ?trend@RDXTask@@QAEHXZ     00401cb0 f OpenGLSettings.obj
 0001:00000ce0       ??4RDXTask@@QAEAAV0@ABV0@@Z 00401ce0 f OpenGLSettings.obj
 0001:00000d10       ??_GRDXTask@@QAEPAXI@Z     00401d10 f OpenGLSettings.obj
 0001:00000d50       ??_ERDXTask@@QAEPAXI@Z     00401d50 f OpenGLSettings.obj
 0001:00000dc0       ?SetTransact@VistaTask@@AAEXPAVTransAction@@@Z 00401dc0 f OpenGLSettings.obj
 0001:00000df0       ?GetOpenType@VistaTask@@IAEPADXZ 00401df0 f OpenGLSettings.obj
 0001:00000e10       ?GetTransact@VistaTask@@QAEPAVTransAction@@XZ 00401e10 f OpenGLSettings.obj
 0001:00000e30       ?GetDbTotNumber@VistaTask@@QAEHXZ 00401e30 f OpenGLSettings.obj
 0001:00000e60       ??0VistaTask@@QAE@ABV0@@Z  00401e60 f OpenGLSettings.obj
 0001:00000f60       ??4VistaTask@@QAEAAV0@ABV0@@Z 00401f60 f OpenGLSettings.obj
 0001:00001060       ??_GVistaTask@@QAEPAXI@Z   00402060 f OpenGLSettings.obj
 0001:000010a0       ??_EVistaTask@@QAEPAXI@Z   004020a0 f OpenGLSettings.obj
 0001:00001120       ?SetDbn@RDXDb@@IAEXH@Z     00402120 f OpenGLSettings.obj
 0001:00001150       ?GetDbn@RDXDb@@QAEHXZ      00402150 f OpenGLSettings.obj
 0001:00001170       ?GetDbStatus@RDXDb@@QAEHXZ 00402170 f OpenGLSettings.obj
 0001:00001190       ?recstat@RDXDb@@QAEHKK@Z   00402190 f OpenGLSettings.obj
 0001:000011d0       ?rlbclr@RDXDb@@QAEHXZ      004021d0 f OpenGLSettings.obj
 0001:00001210       ?rlbset@RDXDb@@QAEHXZ      00402210 f OpenGLSettings.obj
 0001:00001250       ?rlbtst@RDXDb@@QAEHXZ      00402250 f OpenGLSettings.obj
 0001:00001290       ?cmstat@RDXDb@@QAEHH@Z     00402290 f OpenGLSettings.obj
 0001:000012d0       ?cmtype@RDXDb@@QAEHHPAH@Z  004022d0 f OpenGLSettings.obj
 0001:00001310       ?connect@RDXDb@@QAEHH@Z    00402310 f OpenGLSettings.obj
 0001:00001350       ?costat@RDXDb@@QAEHH@Z     00402350 f OpenGLSettings.obj
 0001:00001390       ?cotype@RDXDb@@QAEHHPAH@Z  00402390 f OpenGLSettings.obj
 0001:000013d0       ?crget@RDXDb@@QAEHPAK@Z    004023d0 f OpenGLSettings.obj
 0001:00001410       ?crread@RDXDb@@QAEHJPAX@Z  00402410 f OpenGLSettings.obj
 0001:00001450       ?crset@RDXDb@@QAEHPAK@Z    00402450 f OpenGLSettings.obj
 0001:00001490       ?crstat@RDXDb@@QAEHXZ      00402490 f OpenGLSettings.obj
 0001:000014d0       ?crtype@RDXDb@@QAEHPAH@Z   004024d0 f OpenGLSettings.obj
 0001:00001510       ?crwrite@RDXDb@@QAEHJPAX@Z 00402510 f OpenGLSettings.obj
 0001:00001550       ?csmget@RDXDb@@QAEHHPAK@Z  00402550 f OpenGLSettings.obj
 0001:00001590       ?csmread@RDXDb@@QAEHHJPAX@Z 00402590 f OpenGLSettings.obj
 0001:000015e0       ?csmset@RDXDb@@QAEHHPAK@Z  004025e0 f OpenGLSettings.obj
 0001:00001620       ?csmwrite@RDXDb@@QAEHHJPAX@Z 00402620 f OpenGLSettings.obj
 0001:00001670       ?csoget@RDXDb@@QAEHHPAK@Z  00402670 f OpenGLSettings.obj
 0001:000016b0       ?csoread@RDXDb@@QAEHHJPAX@Z 004026b0 f OpenGLSettings.obj
 0001:00001700       ?csoset@RDXDb@@QAEHHPAK@Z  00402700 f OpenGLSettings.obj
 0001:00001740       ?csowrite@RDXDb@@QAEHHJPAX@Z 00402740 f OpenGLSettings.obj
 0001:00001790       ?csstat@RDXDb@@QAEHH@Z     00402790 f OpenGLSettings.obj
 0001:000017d0       ?ctbpath@RDXDb@@QAEHPAD@Z  004027d0 f OpenGLSettings.obj
 0001:00001810       ?ctscm@RDXDb@@QAEHHPAK@Z   00402810 f OpenGLSettings.obj
 0001:00001850       ?ctsco@RDXDb@@QAEHHPAK@Z   00402850 f OpenGLSettings.obj
 0001:00001890       ?ctscr@RDXDb@@QAEHPAK@Z    00402890 f OpenGLSettings.obj
 0001:000018d0       ?curkey@RDXDb@@QAEHXZ      004028d0 f OpenGLSettings.obj
 0001:00001910       ?d_delete@RDXDb@@QAEHXZ    00402910 f OpenGLSettings.obj
 0001:00001950       ?disdel@RDXDb@@QAEHXZ      00402950 f OpenGLSettings.obj
 0001:00001990       ?recnext@RDXDb@@QAEHXZ     00402990 f OpenGLSettings.obj
 0001:000019d0       ?recprev@RDXDb@@QAEHXZ     004029d0 f OpenGLSettings.obj
 0001:00001a10       ?discon@RDXDb@@QAEHH@Z     00402a10 f OpenGLSettings.obj
 0001:00001a50       ?fillnew@RDXDb@@QAEHHPAX@Z 00402a50 f OpenGLSettings.obj
 0001:00001a90       ?findco@RDXDb@@QAEHH@Z     00402a90 f OpenGLSettings.obj
 0001:00001ad0       ?findfm@RDXDb@@QAEHH@Z     00402ad0 f OpenGLSettings.obj
 0001:00001b10       ?findlm@RDXDb@@QAEHH@Z     00402b10 f OpenGLSettings.obj
 0001:00001b50       ?findnm@RDXDb@@QAEHH@Z     00402b50 f OpenGLSettings.obj
 0001:00001b90       ?findpm@RDXDb@@QAEHH@Z     00402b90 f OpenGLSettings.obj
 0001:00001bd0       ?gtscm@RDXDb@@QAEHHPAK@Z   00402bd0 f OpenGLSettings.obj
 0001:00001c10       ?gtsco@RDXDb@@QAEHHPAK@Z   00402c10 f OpenGLSettings.obj
 0001:00001c50       ?gtscr@RDXDb@@QAEHPAK@Z    00402c50 f OpenGLSettings.obj
 0001:00001c90       ?gtscs@RDXDb@@QAEHHPAK@Z   00402c90 f OpenGLSettings.obj
 0001:00001cd0       ?initialize@RDXDb@@QAEHXZ  00402cd0 f OpenGLSettings.obj
 0001:00001d10       ?initfile@RDXDb@@QAEHF@Z   00402d10 f OpenGLSettings.obj
 0001:00001d50       ?ismember@RDXDb@@QAEHH@Z   00402d50 f OpenGLSettings.obj
 0001:00001d90       ?isowner@RDXDb@@QAEHH@Z    00402d90 f OpenGLSettings.obj
 0001:00001dd0       ?keybuild@RDXDb@@QAEHXZ    00402dd0 f OpenGLSettings.obj
 0001:00001e10       ?keydel@RDXDb@@QAEHJ@Z     00402e10 f OpenGLSettings.obj
 0001:00001e50       ?keyexist@RDXDb@@QAEHJ@Z   00402e50 f OpenGLSettings.obj
 0001:00001e90       ?keyfind@RDXDb@@QAEHJPAX@Z 00402e90 f OpenGLSettings.obj
 0001:00001ed0       ?keyfree@RDXDb@@QAEHJ@Z    00402ed0 f OpenGLSettings.obj
 0001:00001f10       ?keyfrst@RDXDb@@QAEHJ@Z    00402f10 f OpenGLSettings.obj
 0001:00001f50       ?keylast@RDXDb@@QAEHJ@Z    00402f50 f OpenGLSettings.obj
 0001:00001f90       ?keylock@RDXDb@@QAEHJPAD@Z 00402f90 f OpenGLSettings.obj
 0001:00001fd0       ?keylstat@RDXDb@@QAEHJPAD@Z 00402fd0 f OpenGLSettings.obj
 0001:00002010       ?keynext@RDXDb@@QAEHJ@Z    00403010 f OpenGLSettings.obj
 0001:00002050       ?keyprev@RDXDb@@QAEHJ@Z    00403050 f OpenGLSettings.obj
 0001:00002090       ?keyread@RDXDb@@QAEHPAX@Z  00403090 f OpenGLSettings.obj
 0001:000020d0       ?keystore@RDXDb@@QAEHJ@Z   004030d0 f OpenGLSettings.obj
 0001:00002110       ?internals@RDXDb@@QAEHHHHPAXI@Z 00403110 f OpenGLSettings.obj
 0001:00002150       ?lock@RDXDb@@QAEHHPAUlock_request@@@Z 00403150 f OpenGLSettings.obj
 0001:00002190       ?makenew@RDXDb@@QAEHH@Z    00403190 f OpenGLSettings.obj
 0001:000021d0       ?members@RDXDb@@QAEHHPAJ@Z 004031d0 f OpenGLSettings.obj
 0001:00002210       ?recfree@RDXDb@@QAEHH@Z    00403210 f OpenGLSettings.obj
 0001:00002250       ?recfrst@RDXDb@@QAEHH@Z    00403250 f OpenGLSettings.obj
 0001:00002290       ?reclast@RDXDb@@QAEHH@Z    00403290 f OpenGLSettings.obj
 0001:000022d0       ?reclock@RDXDb@@QAEHHPAD@Z 004032d0 f OpenGLSettings.obj
 0001:00002310       ?reclstat@RDXDb@@QAEHHPAD@Z 00403310 f OpenGLSettings.obj
 0001:00002350       ?recread@RDXDb@@QAEHPAX@Z  00403350 f OpenGLSettings.obj
 0001:00002390       ?recset@RDXDb@@QAEHH@Z     00403390 f OpenGLSettings.obj
 0001:000023d0       ?recwrite@RDXDb@@QAEHPAX@Z 004033d0 f OpenGLSettings.obj
 0001:00002410       ?setfree@RDXDb@@QAEHH@Z    00403410 f OpenGLSettings.obj
 0001:00002450       ?setkey@RDXDb@@QAEHJPAX@Z  00403450 f OpenGLSettings.obj
 0001:00002490       ?setlock@RDXDb@@QAEHHPAX@Z 00403490 f OpenGLSettings.obj
 0001:000024d0       ?setlstat@RDXDb@@QAEHHPAX@Z 004034d0 f OpenGLSettings.obj
 0001:00002510       ?setmm@RDXDb@@QAEHHH@Z     00403510 f OpenGLSettings.obj
 0001:00002550       ?setmo@RDXDb@@QAEHHH@Z     00403550 f OpenGLSettings.obj
 0001:00002590       ?setmr@RDXDb@@QAEHH@Z      00403590 f OpenGLSettings.obj
 0001:000025d0       ?setom@RDXDb@@QAEHHH@Z     004035d0 f OpenGLSettings.obj
 0001:00002610       ?setoo@RDXDb@@QAEHHH@Z     00403610 f OpenGLSettings.obj
 0001:00002650       ?setor@RDXDb@@QAEHH@Z      00403650 f OpenGLSettings.obj
 0001:00002690       ?setrm@RDXDb@@QAEHH@Z      00403690 f OpenGLSettings.obj
 0001:000026d0       ?setro@RDXDb@@QAEHH@Z      004036d0 f OpenGLSettings.obj
 0001:00002710       ?stscm@RDXDb@@QAEHHK@Z     00403710 f OpenGLSettings.obj
 0001:00002750       ?stsco@RDXDb@@QAEHHK@Z     00403750 f OpenGLSettings.obj
 0001:00002790       ?stscr@RDXDb@@QAEHK@Z      00403790 f OpenGLSettings.obj
 0001:000027d0       ?stscs@RDXDb@@QAEHHK@Z     004037d0 f OpenGLSettings.obj
 0001:00002810       ?utscm@RDXDb@@QAEHHPAK@Z   00403810 f OpenGLSettings.obj
 0001:00002850       ?utsco@RDXDb@@QAEHHPAK@Z   00403850 f OpenGLSettings.obj
 0001:00002890       ?utscr@RDXDb@@QAEHPAK@Z    00403890 f OpenGLSettings.obj
 0001:000028d0       ?utscs@RDXDb@@QAEHHPAK@Z   004038d0 f OpenGLSettings.obj
 0001:00002910       ??0RDXDb@@QAE@XZ           00403910 f OpenGLSettings.obj
 0001:00002940       ??0RDXDb@@QAE@ABV0@@Z      00403940 f OpenGLSettings.obj
 0001:00002990       ??4RDXDb@@QAEAAV0@ABV0@@Z  00403990 f OpenGLSettings.obj
 0001:000029d0       ??_GRDXDb@@UAEPAXI@Z       004039d0 f OpenGLSettings.obj
 0001:00002a10       ??_ERDXDb@@UAEPAXI@Z       00403a10 f OpenGLSettings.obj
 0001:00002a80       ?GetName@VistaDb@@IAEPADXZ 00403a80 f OpenGLSettings.obj
 0001:00002aa0       ?SetOpenStat@VistaDb@@IAEXW4OpenStat@@@Z 00403aa0 f OpenGLSettings.obj
 0001:00002ad0       ?IsOpen@VistaDb@@QAE?AW4T_F@@XZ 00403ad0 f OpenGLSettings.obj
 0001:00002af0       ?MakeCurrent@VistaDb@@UAEXXZ 00403af0 f OpenGLSettings.obj
 0001:00002b10       ?GetTask@VistaDb@@QAEPAVVistaTask@@XZ 00403b10 f OpenGLSettings.obj
 0001:00002b30       ??0VistaDb@@QAE@ABV0@@Z    00403b30 f OpenGLSettings.obj
 0001:00002bf0       ??4VistaDb@@QAEAAV0@ABV0@@Z 00403bf0 f OpenGLSettings.obj
 0001:00002c80       ??_GVistaDb@@UAEPAXI@Z     00403c80 f OpenGLSettings.obj
 0001:00002cc0       ??_EVistaDb@@UAEPAXI@Z     00403cc0 f OpenGLSettings.obj
 0001:00002d40       ??0StoreDb@@QAE@ABV0@@Z    00403d40 f OpenGLSettings.obj
 0001:00002dc0       ??4StoreDb@@QAEAAV0@ABV0@@Z 00403dc0 f OpenGLSettings.obj
 0001:00002df0       ??1StoreDb@@UAE@XZ         00403df0 f OpenGLSettings.obj
 0001:00002e50       ??_GStoreDb@@UAEPAXI@Z     00403e50 f OpenGLSettings.obj
 0001:00002e90       ??_EStoreDb@@UAEPAXI@Z     00403e90 f OpenGLSettings.obj
 0001:00002f10       ??0StoreTask@@QAE@XZ       00403f10 f OpenGLSettings.obj
 0001:00002f90       ??0StoreTask@@QAE@PAD@Z    00403f90 f OpenGLSettings.obj
 0001:00003010       ??0StoreTask@@QAE@AAVActivateTask@@@Z 00404010 f OpenGLSettings.obj
 0001:00003090       ??0StoreTask@@QAE@PADAAVActivateTask@@@Z 00404090 f OpenGLSettings.obj
 0001:00003110       ??0StoreTask@@QAE@ABV0@@Z  00404110 f OpenGLSettings.obj
 0001:00003190       ??4StoreTask@@QAEAAV0@ABV0@@Z 00404190 f OpenGLSettings.obj
 0001:000031c0       ??1StoreTask@@QAE@XZ       004041c0 f OpenGLSettings.obj
 0001:00003220       ??_GStoreTask@@QAEPAXI@Z   00404220 f OpenGLSettings.obj
 0001:00003260       ??_EStoreTask@@QAEPAXI@Z   00404260 f OpenGLSettings.obj
 0001:000032e0       ??0SetObj@@QAE@H@Z         004042e0 f OpenGLSettings.obj
 0001:00003310       ?Num@SetObj@@QBEHXZ        00404310 f OpenGLSettings.obj
 0001:00003330       ??4SetObj@@QAEAAV0@ABV0@@Z 00404330 f OpenGLSettings.obj
 0001:00003360       ?NotRead@StoreObj@@IAE?AW4T_F@@XZ 00404360 f OpenGLSettings.obj
 0001:00003390       ?Okay@StoreObj@@QAE?AW4T_F@@XZ 00404390 f OpenGLSettings.obj
 0001:000033c0       ??AStoreObj@@QAEAAV0@AAVKeyObj@@@Z 004043c0 f OpenGLSettings.obj
 0001:000033f0       ??AStoreObj@@QAEAAV0@AAVDbAddr@@@Z 004043f0 f OpenGLSettings.obj
 0001:00003420       ?First@StoreObj@@QAEAAV1@XZ 00404420 f OpenGLSettings.obj
 0001:00003440       ?Last@StoreObj@@QAEAAV1@XZ 00404440 f OpenGLSettings.obj
 0001:00003460       ?Next@StoreObj@@QAEAAV1@XZ 00404460 f OpenGLSettings.obj
 0001:00003480       ?Prev@StoreObj@@QAEAAV1@XZ 00404480 f OpenGLSettings.obj
 0001:000034a0       ?First@StoreObj@@QAEAAV1@AAVKeyObj@@@Z 004044a0 f OpenGLSettings.obj
 0001:000034d0       ?Last@StoreObj@@QAEAAV1@AAVKeyObj@@@Z 004044d0 f OpenGLSettings.obj
 0001:00003500       ?Next@StoreObj@@QAEAAV1@AAVKeyObj@@@Z 00404500 f OpenGLSettings.obj
 0001:00003530       ?Prev@StoreObj@@QAEAAV1@AAVKeyObj@@@Z 00404530 f OpenGLSettings.obj
 0001:00003560       ?ReadLock@StoreObj@@QAE?AW4T_F@@XZ 00404560 f OpenGLSettings.obj
 0001:00003590       ?WriteLock@StoreObj@@QAE?AW4T_F@@XZ 00404590 f OpenGLSettings.obj
 0001:000035c0       ?ExclusiveLock@StoreObj@@QAE?AW4T_F@@XZ 004045c0 f OpenGLSettings.obj
 0001:000035f0       ?KeepLock@StoreObj@@QAE?AW4T_F@@XZ 004045f0 f OpenGLSettings.obj
 0001:00003620       ??_FStoreObj@@QAEXXZ       00404620 f OpenGLSettings.obj
 0001:00003640       ??_GStoreObj@@UAEPAXI@Z    00404640 f OpenGLSettings.obj
 0001:00003680       ??_EStoreObj@@UAEPAXI@Z    00404680 f OpenGLSettings.obj
 0001:000036f0       ??0KeyObj@@QAE@J@Z         004046f0 f OpenGLSettings.obj
 0001:00003720       ??0KeyObj@@QAE@JPAD@Z      00404720 f OpenGLSettings.obj
 0001:00003750       ??0KeyObj@@QAE@JAAH@Z      00404750 f OpenGLSettings.obj
 0001:00003780       ??0KeyObj@@QAE@JAAJ@Z      00404780 f OpenGLSettings.obj
 0001:000037b0       ??0KeyObj@@QAE@JAAN@Z      004047b0 f OpenGLSettings.obj
 0001:000037e0       ??0KeyObj@@QAE@JAAM@Z      004047e0 f OpenGLSettings.obj
 0001:00003810       ??0KeyObj@@QAE@JPAX@Z      00404810 f OpenGLSettings.obj
 0001:00003840       ?Set@KeyObj@@QAEAAV1@PAD@Z 00404840 f OpenGLSettings.obj
 0001:00003870       ?Set@KeyObj@@QAEAAV1@AAH@Z 00404870 f OpenGLSettings.obj
 0001:000038a0       ?Set@KeyObj@@QAEAAV1@AAJ@Z 004048a0 f OpenGLSettings.obj
 0001:000038d0       ?Set@KeyObj@@QAEAAV1@AAN@Z 004048d0 f OpenGLSettings.obj
 0001:00003900       ?Set@KeyObj@@QAEAAV1@AAM@Z 00404900 f OpenGLSettings.obj
 0001:00003930       ?Set@KeyObj@@QAEAAV1@PAX@Z 00404930 f OpenGLSettings.obj
 0001:00003960       ?Fld@KeyObj@@QBEJXZ        00404960 f OpenGLSettings.obj
 0001:00003980       ?HasValue@KeyObj@@QBE?AW4T_F@@XZ 00404980 f OpenGLSettings.obj
 0001:000039b0       ?Value@KeyObj@@QBEPAXXZ    004049b0 f OpenGLSettings.obj
 0001:000039d0       ??4KeyObj@@QAEAAV0@ABV0@@Z 004049d0 f OpenGLSettings.obj
 0001:00003a00       ??0ObjInfo@@IAE@XZ         00404a00 f OpenGLSettings.obj
 0001:00003a30       ?Set@ObjInfo@@QAEXAAVStoreObj@@@Z 00404a30 f OpenGLSettings.obj
 0001:00003a70       ?NotSet@ObjInfo@@QAE?AW4T_F@@XZ 00404a70 f OpenGLSettings.obj
 0001:00003aa0       ?RecType@ObjInfo@@QAEHXZ   00404aa0 f OpenGLSettings.obj
 0001:00003ac0       ?GetObj@ObjInfo@@QAEPAVStoreObj@@XZ 00404ac0 f OpenGLSettings.obj
 0001:00003ae0       ??4ObjInfo@@QAEAAV0@ABV0@@Z 00404ae0 f OpenGLSettings.obj
 0001:00003b10       ?GetInfo@Polymorph@@IAEPAVObjInfo@@XZ 00404b10 f OpenGLSettings.obj
 0001:00003b30       ??CPolymorph@@QAEPAVStoreObj@@XZ 00404b30 f OpenGLSettings.obj
 0001:00003b60       ?GetObj@Polymorph@@QAEPAVStoreObj@@XZ 00404b60 f OpenGLSettings.obj
 0001:00003b90       ?RecType@Polymorph@@UAEHXZ 00404b90 f OpenGLSettings.obj
 0001:00003bc0       ??0Polymorph@@QAE@AAV0@@Z  00404bc0 f OpenGLSettings.obj
 0001:00003c70       ??4Polymorph@@QAEAAV0@AAV0@@Z 00404c70 f OpenGLSettings.obj
 0001:00003cd0       ??_GPolymorph@@UAEPAXI@Z   00404cd0 f OpenGLSettings.obj
 0001:00003d10       ??_EPolymorph@@UAEPAXI@Z   00404d10 f OpenGLSettings.obj
 0001:00003d80       ??0triton@@QAE@XZ          00404d80 f OpenGLSettings.obj
 0001:00003e00       ?OpenMe@triton@@QAEXXZ     00404e00 f OpenGLSettings.obj
 0001:00003e20       ?MakeCurrent@triton@@UAEXXZ 00404e20 f OpenGLSettings.obj
 0001:00003e40       ??0triton@@QAE@ABV0@@Z     00404e40 f OpenGLSettings.obj
 0001:00003ec0       ??4triton@@QAEAAV0@ABV0@@Z 00404ec0 f OpenGLSettings.obj
 0001:00003ef0       ??1triton@@UAE@XZ          00404ef0 f OpenGLSettings.obj
 0001:00003f50       ??_Gtriton@@UAEPAXI@Z      00404f50 f OpenGLSettings.obj
 0001:00003f90       ??_Etriton@@UAEPAXI@Z      00404f90 f OpenGLSettings.obj
 0001:00004010       ??0TransformObj@@QAE@XZ    00405010 f OpenGLSettings.obj
 0001:00004090       ??1TransformObj@@UAE@XZ    00405090 f OpenGLSettings.obj
 0001:00004100       ?RecType@TransformObj@@UAEHXZ 00405100 f OpenGLSettings.obj
 0001:00004120       ?RecName@TransformObj@@UAEPADXZ 00405120 f OpenGLSettings.obj
 0001:00004140       ?RecData@TransformObj@@UAEPAXXZ 00405140 f OpenGLSettings.obj
 0001:00004160       ?RecDataSize@TransformObj@@QAEJXZ 00405160 f OpenGLSettings.obj
 0001:00004180       ?_GetDb@TransformObj@@UAEPAVVistaDb@@XZ 00405180 f OpenGLSettings.obj
 0001:000041a0       ??ATransformObj@@QAEAAV0@W4NavCtrl@@@Z 004051a0 f OpenGLSettings.obj
 0001:000041d0       ??ATransformObj@@QAEAAV0@AAVKeyObj@@@Z 004051d0 f OpenGLSettings.obj
 0001:00004200       ??ATransformObj@@QAEAAV0@AAVDbAddr@@@Z 00405200 f OpenGLSettings.obj
 0001:00004230       ??ETransformObj@@QAEAAV0@XZ 00405230 f OpenGLSettings.obj
 0001:00004250       ??FTransformObj@@QAEAAV0@XZ 00405250 f OpenGLSettings.obj
 0001:00004270       ??ETransformObj@@QAEAAV0@H@Z 00405270 f OpenGLSettings.obj
 0001:00004290       ??FTransformObj@@QAEAAV0@H@Z 00405290 f OpenGLSettings.obj
 0001:000042b0       ??5TransformObj@@QAEAAVClassesObj@@AAV1@@Z 004052b0 f OpenGLSettings.obj
 0001:000042e0       ?OwnerUsingSet@TransformObj@@QAEAAVClassesObj@@AAV2@H@Z 004052e0 f OpenGLSettings.obj
 0001:00004310       ?Members@TransformObj@@QAEJAAVClassesObj@@H@Z 00405310 f OpenGLSettings.obj
 0001:00004340       ??0TransformObj@@QAE@AAV0@@Z 00405340 f OpenGLSettings.obj
 0001:000043f0       ??4TransformObj@@QAEAAV0@AAV0@@Z 004053f0 f OpenGLSettings.obj
 0001:00004450       ??_GTransformObj@@UAEPAXI@Z 00405450 f OpenGLSettings.obj
 0001:00004490       ??_ETransformObj@@UAEPAXI@Z 00405490 f OpenGLSettings.obj
 0001:00004510       ??0ClassesObj@@QAE@XZ      00405510 f OpenGLSettings.obj
 0001:00004590       ??0ClassesObj@@QAE@AAVSetObj@@@Z 00405590 f OpenGLSettings.obj
 0001:00004610       ??0ClassesObj@@QAE@AAVKeyObj@@@Z 00405610 f OpenGLSettings.obj
 0001:00004690       ??0ClassesObj@@QAE@AAVSystemObj@@@Z 00405690 f OpenGLSettings.obj
 0001:00004720       ??0ClassesObj@@QAE@AAV0@@Z 00405720 f OpenGLSettings.obj
 0001:000047b0       ??0ClassesObj@@QAE@AAVTransformObj@@@Z 004057b0 f OpenGLSettings.obj
 0001:00004840       ??0ClassesObj@@QAE@AAVGroupsObj@@@Z 00405840 f OpenGLSettings.obj
 0001:000048d0       ??0ClassesObj@@QAE@AAVPropertiesObj@@@Z 004058d0 f OpenGLSettings.obj
 0001:00004960       ??1ClassesObj@@UAE@XZ      00405960 f OpenGLSettings.obj
 0001:000049d0       ?RecType@ClassesObj@@UAEHXZ 004059d0 f OpenGLSettings.obj
 0001:000049f0       ?RecName@ClassesObj@@UAEPADXZ 004059f0 f OpenGLSettings.obj
 0001:00004a10       ?RecData@ClassesObj@@UAEPAXXZ 00405a10 f OpenGLSettings.obj
 0001:00004a30       ?RecDataSize@ClassesObj@@QAEJXZ 00405a30 f OpenGLSettings.obj
 0001:00004a50       ?_GetDb@ClassesObj@@UAEPAVVistaDb@@XZ 00405a50 f OpenGLSettings.obj
 0001:00004a70       ??AClassesObj@@QAEAAV0@W4NavCtrl@@@Z 00405a70 f OpenGLSettings.obj
 0001:00004aa0       ??AClassesObj@@QAEAAV0@AAVKeyObj@@@Z 00405aa0 f OpenGLSettings.obj
 0001:00004ad0       ??AClassesObj@@QAEAAV0@AAVDbAddr@@@Z 00405ad0 f OpenGLSettings.obj
 0001:00004b00       ??EClassesObj@@QAEAAV0@XZ  00405b00 f OpenGLSettings.obj
 0001:00004b20       ??FClassesObj@@QAEAAV0@XZ  00405b20 f OpenGLSettings.obj
 0001:00004b40       ??EClassesObj@@QAEAAV0@H@Z 00405b40 f OpenGLSettings.obj
 0001:00004b60       ??FClassesObj@@QAEAAV0@H@Z 00405b60 f OpenGLSettings.obj
 0001:00004b80       ??5ClassesObj@@QAEAAV0@AAV0@@Z 00405b80 f OpenGLSettings.obj
 0001:00004bb0       ?OwnerUsingSet@ClassesObj@@QAEAAV1@AAV1@H@Z 00405bb0 f OpenGLSettings.obj
 0001:00004be0       ?Members@ClassesObj@@QAEJAAV1@H@Z 00405be0 f OpenGLSettings.obj
 0001:00004c10       ??5ClassesObj@@QAEAAVConeObj@@AAV1@@Z 00405c10 f OpenGLSettings.obj
 0001:00004c40       ?OwnerUsingSet@ClassesObj@@QAEAAVConeObj@@AAV2@H@Z 00405c40 f OpenGLSettings.obj
 0001:00004c70       ?Members@ClassesObj@@QAEJAAVConeObj@@H@Z 00405c70 f OpenGLSettings.obj
 0001:00004ca0       ??5ClassesObj@@QAEAAVCylinderObj@@AAV1@@Z 00405ca0 f OpenGLSettings.obj
 0001:00004cd0       ?OwnerUsingSet@ClassesObj@@QAEAAVCylinderObj@@AAV2@H@Z 00405cd0 f OpenGLSettings.obj
 0001:00004d00       ?Members@ClassesObj@@QAEJAAVCylinderObj@@H@Z 00405d00 f OpenGLSettings.obj
 0001:00004d30       ??5ClassesObj@@QAEAAVSphereObj@@AAV1@@Z 00405d30 f OpenGLSettings.obj
 0001:00004d60       ?OwnerUsingSet@ClassesObj@@QAEAAVSphereObj@@AAV2@H@Z 00405d60 f OpenGLSettings.obj
 0001:00004d90       ?Members@ClassesObj@@QAEJAAVSphereObj@@H@Z 00405d90 f OpenGLSettings.obj
 0001:00004dc0       ??5ClassesObj@@QAEAAVBoxObj@@AAV1@@Z 00405dc0 f OpenGLSettings.obj
 0001:00004df0       ?OwnerUsingSet@ClassesObj@@QAEAAVBoxObj@@AAV2@H@Z 00405df0 f OpenGLSettings.obj
 0001:00004e20       ?Members@ClassesObj@@QAEJAAVBoxObj@@H@Z 00405e20 f OpenGLSettings.obj
 0001:00004e50       ??5ClassesObj@@QAEAAVComplexObj@@AAV1@@Z 00405e50 f OpenGLSettings.obj
 0001:00004e80       ?OwnerUsingSet@ClassesObj@@QAEAAVComplexObj@@AAV2@H@Z 00405e80 f OpenGLSettings.obj
 0001:00004eb0       ?Members@ClassesObj@@QAEJAAVComplexObj@@H@Z 00405eb0 f OpenGLSettings.obj
 0001:00004ee0       ??5ClassesObj@@QAEAAVCirTorusObj@@AAV1@@Z 00405ee0 f OpenGLSettings.obj
 0001:00004f10       ?OwnerUsingSet@ClassesObj@@QAEAAVCirTorusObj@@AAV2@H@Z 00405f10 f OpenGLSettings.obj
 0001:00004f40       ?Members@ClassesObj@@QAEJAAVCirTorusObj@@H@Z 00405f40 f OpenGLSettings.obj
 0001:00004f70       ??5ClassesObj@@QAEAAVRectTorusObj@@AAV1@@Z 00405f70 f OpenGLSettings.obj
 0001:00004fa0       ?OwnerUsingSet@ClassesObj@@QAEAAVRectTorusObj@@AAV2@H@Z 00405fa0 f OpenGLSettings.obj
 0001:00004fd0       ?Members@ClassesObj@@QAEJAAVRectTorusObj@@H@Z 00405fd0 f OpenGLSettings.obj
 0001:00005000       ??5ClassesObj@@QAEAAVPyramidObj@@AAV1@@Z 00406000 f OpenGLSettings.obj
 0001:00005030       ?OwnerUsingSet@ClassesObj@@QAEAAVPyramidObj@@AAV2@H@Z 00406030 f OpenGLSettings.obj
 0001:00005060       ?Members@ClassesObj@@QAEJAAVPyramidObj@@H@Z 00406060 f OpenGLSettings.obj
 0001:00005090       ??5ClassesObj@@QAEAAVLineObj@@AAV1@@Z 00406090 f OpenGLSettings.obj
 0001:000050c0       ?OwnerUsingSet@ClassesObj@@QAEAAVLineObj@@AAV2@H@Z 004060c0 f OpenGLSettings.obj
 0001:000050f0       ?Members@ClassesObj@@QAEJAAVLineObj@@H@Z 004060f0 f OpenGLSettings.obj
 0001:00005120       ??5ClassesObj@@QAEAAVPointObj@@AAV1@@Z 00406120 f OpenGLSettings.obj
 0001:00005150       ?OwnerUsingSet@ClassesObj@@QAEAAVPointObj@@AAV2@H@Z 00406150 f OpenGLSettings.obj
 0001:00005180       ?Members@ClassesObj@@QAEJAAVPointObj@@H@Z 00406180 f OpenGLSettings.obj
 0001:000051b0       ?Connect@ClassesObj@@QAE?AW4T_F@@AAVSystemObj@@H@Z 004061b0 f OpenGLSettings.obj
 0001:000051e0       ?GotoSet@ClassesObj@@QAEAAVStoreObj@@AAVSystemObj@@W4NavCtrl@@H@Z 004061e0 f OpenGLSettings.obj
 0001:00005210       ?DisConnect@ClassesObj@@QAE?AW4T_F@@AAVSystemObj@@H@Z 00406210 f OpenGLSettings.obj
 0001:00005240       ?Set@ClassesObj@@QAEHAAVSystemObj@@@Z 00406240 f OpenGLSettings.obj
 0001:00005260       ??6ClassesObj@@QAEAAVSystemObj@@AAV1@@Z 00406260 f OpenGLSettings.obj
 0001:00005290       ?MemberUsingSet@ClassesObj@@QAEAAVSystemObj@@AAV2@H@Z 00406290 f OpenGLSettings.obj
 0001:000052c0       ?Connect@ClassesObj@@QAE?AW4T_F@@AAV1@H@Z 004062c0 f OpenGLSettings.obj
 0001:000052f0       ?GotoSet@ClassesObj@@QAEAAVStoreObj@@AAV1@W4NavCtrl@@H@Z 004062f0 f OpenGLSettings.obj
 0001:00005320       ?DisConnect@ClassesObj@@QAE?AW4T_F@@AAV1@H@Z 00406320 f OpenGLSettings.obj
 0001:00005350       ?Set@ClassesObj@@QAEHAAV1@@Z 00406350 f OpenGLSettings.obj
 0001:00005370       ??6ClassesObj@@QAEAAV0@AAV0@@Z 00406370 f OpenGLSettings.obj
 0001:000053a0       ?MemberUsingSet@ClassesObj@@QAEAAV1@AAV1@H@Z 004063a0 f OpenGLSettings.obj
 0001:000053d0       ?Connect@ClassesObj@@QAE?AW4T_F@@AAVTransformObj@@H@Z 004063d0 f OpenGLSettings.obj
 0001:00005400       ?GotoSet@ClassesObj@@QAEAAVStoreObj@@AAVTransformObj@@W4NavCtrl@@H@Z 00406400 f OpenGLSettings.obj
 0001:00005430       ?DisConnect@ClassesObj@@QAE?AW4T_F@@AAVTransformObj@@H@Z 00406430 f OpenGLSettings.obj
 0001:00005460       ?Set@ClassesObj@@QAEHAAVTransformObj@@@Z 00406460 f OpenGLSettings.obj
 0001:00005480       ??6ClassesObj@@QAEAAVTransformObj@@AAV1@@Z 00406480 f OpenGLSettings.obj
 0001:000054b0       ?MemberUsingSet@ClassesObj@@QAEAAVTransformObj@@AAV2@H@Z 004064b0 f OpenGLSettings.obj
 0001:000054e0       ?Connect@ClassesObj@@QAE?AW4T_F@@AAVGroupsObj@@H@Z 004064e0 f OpenGLSettings.obj
 0001:00005510       ?GotoSet@ClassesObj@@QAEAAVStoreObj@@AAVGroupsObj@@W4NavCtrl@@H@Z 00406510 f OpenGLSettings.obj
 0001:00005540       ?DisConnect@ClassesObj@@QAE?AW4T_F@@AAVGroupsObj@@H@Z 00406540 f OpenGLSettings.obj
 0001:00005570       ?Set@ClassesObj@@QAEHAAVGroupsObj@@@Z 00406570 f OpenGLSettings.obj
 0001:00005590       ??6ClassesObj@@QAEAAVGroupsObj@@AAV1@@Z 00406590 f OpenGLSettings.obj
 0001:000055c0       ?MemberUsingSet@ClassesObj@@QAEAAVGroupsObj@@AAV2@H@Z 004065c0 f OpenGLSettings.obj
 0001:000055f0       ?Connect@ClassesObj@@QAE?AW4T_F@@AAVPropertiesObj@@H@Z 004065f0 f OpenGLSettings.obj
 0001:00005620       ?GotoSet@ClassesObj@@QAEAAVStoreObj@@AAVPropertiesObj@@W4NavCtrl@@H@Z 00406620 f OpenGLSettings.obj
 0001:00005650       ?DisConnect@ClassesObj@@QAE?AW4T_F@@AAVPropertiesObj@@H@Z 00406650 f OpenGLSettings.obj
 0001:00005680       ?Set@ClassesObj@@QAEHAAVPropertiesObj@@@Z 00406680 f OpenGLSettings.obj
 0001:000056a0       ??6ClassesObj@@QAEAAVPropertiesObj@@AAV1@@Z 004066a0 f OpenGLSettings.obj
 0001:000056d0       ?MemberUsingSet@ClassesObj@@QAEAAVPropertiesObj@@AAV2@H@Z 004066d0 f OpenGLSettings.obj
 0001:00005700       ??4ClassesObj@@QAEAAV0@AAV0@@Z 00406700 f OpenGLSettings.obj
 0001:00005760       ??_GClassesObj@@UAEPAXI@Z  00406760 f OpenGLSettings.obj
 0001:000057a0       ??_EClassesObj@@UAEPAXI@Z  004067a0 f OpenGLSettings.obj
 0001:00005820       ??0GroupsObj@@QAE@XZ       00406820 f OpenGLSettings.obj
 0001:000058a0       ??0GroupsObj@@QAE@AAVKeyObj@@@Z 004068a0 f OpenGLSettings.obj
 0001:00005920       ??1GroupsObj@@UAE@XZ       00406920 f OpenGLSettings.obj
 0001:00005990       ?RecType@GroupsObj@@UAEHXZ 00406990 f OpenGLSettings.obj
 0001:000059b0       ?RecName@GroupsObj@@UAEPADXZ 004069b0 f OpenGLSettings.obj
 0001:000059d0       ?RecData@GroupsObj@@UAEPAXXZ 004069d0 f OpenGLSettings.obj
 0001:000059f0       ?RecDataSize@GroupsObj@@QAEJXZ 004069f0 f OpenGLSettings.obj
 0001:00005a10       ?_GetDb@GroupsObj@@UAEPAVVistaDb@@XZ 00406a10 f OpenGLSettings.obj
 0001:00005a30       ??AGroupsObj@@QAEAAV0@W4NavCtrl@@@Z 00406a30 f OpenGLSettings.obj
 0001:00005a60       ??AGroupsObj@@QAEAAV0@AAVKeyObj@@@Z 00406a60 f OpenGLSettings.obj
 0001:00005a90       ??AGroupsObj@@QAEAAV0@AAVDbAddr@@@Z 00406a90 f OpenGLSettings.obj
 0001:00005ac0       ??EGroupsObj@@QAEAAV0@XZ   00406ac0 f OpenGLSettings.obj
 0001:00005ae0       ??FGroupsObj@@QAEAAV0@XZ   00406ae0 f OpenGLSettings.obj
 0001:00005b00       ??EGroupsObj@@QAEAAV0@H@Z  00406b00 f OpenGLSettings.obj
 0001:00005b20       ??FGroupsObj@@QAEAAV0@H@Z  00406b20 f OpenGLSettings.obj
 0001:00005b40       ??5GroupsObj@@QAEAAVClassesObj@@AAV1@@Z 00406b40 f OpenGLSettings.obj
 0001:00005b70       ?OwnerUsingSet@GroupsObj@@QAEAAVClassesObj@@AAV2@H@Z 00406b70 f OpenGLSettings.obj
 0001:00005ba0       ?Members@GroupsObj@@QAEJAAVClassesObj@@H@Z 00406ba0 f OpenGLSettings.obj
 0001:00005bd0       ??0GroupsObj@@QAE@AAV0@@Z  00406bd0 f OpenGLSettings.obj
 0001:00005c80       ??4GroupsObj@@QAEAAV0@AAV0@@Z 00406c80 f OpenGLSettings.obj
 0001:00005ce0       ??_GGroupsObj@@UAEPAXI@Z   00406ce0 f OpenGLSettings.obj
 0001:00005d20       ??_EGroupsObj@@UAEPAXI@Z   00406d20 f OpenGLSettings.obj
 0001:00005d90       ??0PropertiesObj@@QAE@XZ   00406d90 f OpenGLSettings.obj
 0001:00005e10       ??1PropertiesObj@@UAE@XZ   00406e10 f OpenGLSettings.obj
 0001:00005e80       ?RecType@PropertiesObj@@UAEHXZ 00406e80 f OpenGLSettings.obj
 0001:00005ea0       ?RecName@PropertiesObj@@UAEPADXZ 00406ea0 f OpenGLSettings.obj
 0001:00005ec0       ?RecData@PropertiesObj@@UAEPAXXZ 00406ec0 f OpenGLSettings.obj
 0001:00005ee0       ?RecDataSize@PropertiesObj@@QAEJXZ 00406ee0 f OpenGLSettings.obj
 0001:00005f00       ?_GetDb@PropertiesObj@@UAEPAVVistaDb@@XZ 00406f00 f OpenGLSettings.obj
 0001:00005f20       ??APropertiesObj@@QAEAAV0@W4NavCtrl@@@Z 00406f20 f OpenGLSettings.obj
 0001:00005f50       ??APropertiesObj@@QAEAAV0@AAVKeyObj@@@Z 00406f50 f OpenGLSettings.obj
 0001:00005f80       ??APropertiesObj@@QAEAAV0@AAVDbAddr@@@Z 00406f80 f OpenGLSettings.obj
 0001:00005fb0       ??EPropertiesObj@@QAEAAV0@XZ 00406fb0 f OpenGLSettings.obj
 0001:00005fd0       ??FPropertiesObj@@QAEAAV0@XZ 00406fd0 f OpenGLSettings.obj
 0001:00005ff0       ??EPropertiesObj@@QAEAAV0@H@Z 00406ff0 f OpenGLSettings.obj
 0001:00006010       ??FPropertiesObj@@QAEAAV0@H@Z 00407010 f OpenGLSettings.obj
 0001:00006030       ??5PropertiesObj@@QAEAAVClassesObj@@AAV1@@Z 00407030 f OpenGLSettings.obj
 0001:00006060       ?OwnerUsingSet@PropertiesObj@@QAEAAVClassesObj@@AAV2@H@Z 00407060 f OpenGLSettings.obj
 0001:00006090       ?Members@PropertiesObj@@QAEJAAVClassesObj@@H@Z 00407090 f OpenGLSettings.obj
 0001:000060c0       ??0PropertiesObj@@QAE@AAV0@@Z 004070c0 f OpenGLSettings.obj
 0001:00006170       ??4PropertiesObj@@QAEAAV0@AAV0@@Z 00407170 f OpenGLSettings.obj
 0001:000061d0       ??_GPropertiesObj@@UAEPAXI@Z 004071d0 f OpenGLSettings.obj
 0001:00006210       ??_EPropertiesObj@@UAEPAXI@Z 00407210 f OpenGLSettings.obj
 0001:00006280       ??0ElementObj@@QAE@XZ      00407280 f OpenGLSettings.obj
 0001:00006300       ?RecData@ElementObj@@UAEPAXXZ 00407300 f OpenGLSettings.obj
 0001:00006320       ?_GetDb@ElementObj@@UAEPAVVistaDb@@XZ 00407320 f OpenGLSettings.obj
 0001:00006340       ??0ElementObj@@QAE@AAV0@@Z 00407340 f OpenGLSettings.obj
 0001:000063e0       ??4ElementObj@@QAEAAV0@AAV0@@Z 004073e0 f OpenGLSettings.obj
 0001:00006450       ??1ElementObj@@UAE@XZ      00407450 f OpenGLSettings.obj
 0001:000064b0       ??_GElementObj@@UAEPAXI@Z  004074b0 f OpenGLSettings.obj
 0001:000064f0       ??_EElementObj@@UAEPAXI@Z  004074f0 f OpenGLSettings.obj
 0001:00006560       ??0BoxObj@@QAE@XZ          00407560 f OpenGLSettings.obj
 0001:000065d0       ??1BoxObj@@UAE@XZ          004075d0 f OpenGLSettings.obj
 0001:00006640       ?RecType@BoxObj@@UAEHXZ    00407640 f OpenGLSettings.obj
 0001:00006660       ?RecName@BoxObj@@UAEPADXZ  00407660 f OpenGLSettings.obj
 0001:00006680       ?RecDataSize@BoxObj@@UAEJXZ 00407680 f OpenGLSettings.obj
 0001:000066a0       ?_GetDb@BoxObj@@UAEPAVVistaDb@@XZ 004076a0 f OpenGLSettings.obj
 0001:000066c0       ??ABoxObj@@QAEAAV0@W4NavCtrl@@@Z 004076c0 f OpenGLSettings.obj
 0001:000066f0       ??ABoxObj@@QAEAAV0@AAVKeyObj@@@Z 004076f0 f OpenGLSettings.obj
 0001:00006720       ??ABoxObj@@QAEAAV0@AAVDbAddr@@@Z 00407720 f OpenGLSettings.obj
 0001:00006750       ??EBoxObj@@QAEAAV0@XZ      00407750 f OpenGLSettings.obj
 0001:00006770       ??FBoxObj@@QAEAAV0@XZ      00407770 f OpenGLSettings.obj
 0001:00006790       ??EBoxObj@@QAEAAV0@H@Z     00407790 f OpenGLSettings.obj
 0001:000067b0       ??FBoxObj@@QAEAAV0@H@Z     004077b0 f OpenGLSettings.obj
 0001:000067d0       ?Connect@BoxObj@@QAE?AW4T_F@@AAVClassesObj@@H@Z 004077d0 f OpenGLSettings.obj
 0001:00006800       ?GotoSet@BoxObj@@QAEAAVStoreObj@@AAVClassesObj@@W4NavCtrl@@H@Z 00407800 f OpenGLSettings.obj
 0001:00006830       ?DisConnect@BoxObj@@QAE?AW4T_F@@AAVClassesObj@@H@Z 00407830 f OpenGLSettings.obj
 0001:00006860       ?Set@BoxObj@@QAEHAAVClassesObj@@@Z 00407860 f OpenGLSettings.obj
 0001:00006880       ??6BoxObj@@QAEAAVClassesObj@@AAV1@@Z 00407880 f OpenGLSettings.obj
 0001:000068b0       ?MemberUsingSet@BoxObj@@QAEAAVClassesObj@@AAV2@H@Z 004078b0 f OpenGLSettings.obj
 0001:000068e0       ??0BoxObj@@QAE@AAV0@@Z     004078e0 f OpenGLSettings.obj
 0001:00006990       ??4BoxObj@@QAEAAV0@AAV0@@Z 00407990 f OpenGLSettings.obj
 0001:000069f0       ??_GBoxObj@@UAEPAXI@Z      004079f0 f OpenGLSettings.obj
 0001:00006a30       ??_EBoxObj@@UAEPAXI@Z      00407a30 f OpenGLSettings.obj
 0001:00006aa0       ??0CirTorusObj@@QAE@XZ     00407aa0 f OpenGLSettings.obj
 0001:00006b10       ??1CirTorusObj@@UAE@XZ     00407b10 f OpenGLSettings.obj
 0001:00006b80       ?RecType@CirTorusObj@@UAEHXZ 00407b80 f OpenGLSettings.obj
 0001:00006ba0       ?RecName@CirTorusObj@@UAEPADXZ 00407ba0 f OpenGLSettings.obj
 0001:00006bc0       ?RecDataSize@CirTorusObj@@UAEJXZ 00407bc0 f OpenGLSettings.obj
 0001:00006be0       ?_GetDb@CirTorusObj@@UAEPAVVistaDb@@XZ 00407be0 f OpenGLSettings.obj
 0001:00006c00       ??ACirTorusObj@@QAEAAV0@W4NavCtrl@@@Z 00407c00 f OpenGLSettings.obj
 0001:00006c30       ??ACirTorusObj@@QAEAAV0@AAVKeyObj@@@Z 00407c30 f OpenGLSettings.obj
 0001:00006c60       ??ACirTorusObj@@QAEAAV0@AAVDbAddr@@@Z 00407c60 f OpenGLSettings.obj
 0001:00006c90       ??ECirTorusObj@@QAEAAV0@XZ 00407c90 f OpenGLSettings.obj
 0001:00006cb0       ??FCirTorusObj@@QAEAAV0@XZ 00407cb0 f OpenGLSettings.obj
 0001:00006cd0       ??ECirTorusObj@@QAEAAV0@H@Z 00407cd0 f OpenGLSettings.obj
 0001:00006cf0       ??FCirTorusObj@@QAEAAV0@H@Z 00407cf0 f OpenGLSettings.obj
 0001:00006d10       ?Connect@CirTorusObj@@QAE?AW4T_F@@AAVClassesObj@@H@Z 00407d10 f OpenGLSettings.obj
 0001:00006d40       ?GotoSet@CirTorusObj@@QAEAAVStoreObj@@AAVClassesObj@@W4NavCtrl@@H@Z 00407d40 f OpenGLSettings.obj
 0001:00006d70       ?DisConnect@CirTorusObj@@QAE?AW4T_F@@AAVClassesObj@@H@Z 00407d70 f OpenGLSettings.obj
 0001:00006da0       ?Set@CirTorusObj@@QAEHAAVClassesObj@@@Z 00407da0 f OpenGLSettings.obj
 0001:00006dc0       ??6CirTorusObj@@QAEAAVClassesObj@@AAV1@@Z 00407dc0 f OpenGLSettings.obj
 0001:00006df0       ?MemberUsingSet@CirTorusObj@@QAEAAVClassesObj@@AAV2@H@Z 00407df0 f OpenGLSettings.obj
 0001:00006e20       ??0CirTorusObj@@QAE@AAV0@@Z 00407e20 f OpenGLSettings.obj
 0001:00006ed0       ??4CirTorusObj@@QAEAAV0@AAV0@@Z 00407ed0 f OpenGLSettings.obj
 0001:00006f30       ??_GCirTorusObj@@UAEPAXI@Z 00407f30 f OpenGLSettings.obj
 0001:00006f70       ??_ECirTorusObj@@UAEPAXI@Z 00407f70 f OpenGLSettings.obj
 0001:00006fe0       ??0ConeObj@@QAE@XZ         00407fe0 f OpenGLSettings.obj
 0001:00007050       ??1ConeObj@@UAE@XZ         00408050 f OpenGLSettings.obj
 0001:000070c0       ?RecType@ConeObj@@UAEHXZ   004080c0 f OpenGLSettings.obj
 0001:000070e0       ?RecName@ConeObj@@UAEPADXZ 004080e0 f OpenGLSettings.obj
 0001:00007100       ?RecDataSize@ConeObj@@UAEJXZ 00408100 f OpenGLSettings.obj
 0001:00007120       ?_GetDb@ConeObj@@UAEPAVVistaDb@@XZ 00408120 f OpenGLSettings.obj
 0001:00007140       ??AConeObj@@QAEAAV0@W4NavCtrl@@@Z 00408140 f OpenGLSettings.obj
 0001:00007170       ??AConeObj@@QAEAAV0@AAVKeyObj@@@Z 00408170 f OpenGLSettings.obj
 0001:000071a0       ??AConeObj@@QAEAAV0@AAVDbAddr@@@Z 004081a0 f OpenGLSettings.obj
 0001:000071d0       ??EConeObj@@QAEAAV0@XZ     004081d0 f OpenGLSettings.obj
 0001:000071f0       ??FConeObj@@QAEAAV0@XZ     004081f0 f OpenGLSettings.obj
 0001:00007210       ??EConeObj@@QAEAAV0@H@Z    00408210 f OpenGLSettings.obj
 0001:00007230       ??FConeObj@@QAEAAV0@H@Z    00408230 f OpenGLSettings.obj
 0001:00007250       ?Connect@ConeObj@@QAE?AW4T_F@@AAVClassesObj@@H@Z 00408250 f OpenGLSettings.obj
 0001:00007280       ?GotoSet@ConeObj@@QAEAAVStoreObj@@AAVClassesObj@@W4NavCtrl@@H@Z 00408280 f OpenGLSettings.obj
 0001:000072b0       ?DisConnect@ConeObj@@QAE?AW4T_F@@AAVClassesObj@@H@Z 004082b0 f OpenGLSettings.obj
 0001:000072e0       ?Set@ConeObj@@QAEHAAVClassesObj@@@Z 004082e0 f OpenGLSettings.obj
 0001:00007300       ??6ConeObj@@QAEAAVClassesObj@@AAV1@@Z 00408300 f OpenGLSettings.obj
 0001:00007330       ?MemberUsingSet@ConeObj@@QAEAAVClassesObj@@AAV2@H@Z 00408330 f OpenGLSettings.obj
 0001:00007360       ??0ConeObj@@QAE@AAV0@@Z    00408360 f OpenGLSettings.obj
 0001:00007410       ??4ConeObj@@QAEAAV0@AAV0@@Z 00408410 f OpenGLSettings.obj
 0001:00007470       ??_GConeObj@@UAEPAXI@Z     00408470 f OpenGLSettings.obj
 0001:000074b0       ??_EConeObj@@UAEPAXI@Z     004084b0 f OpenGLSettings.obj
 0001:00007520       ??0CylinderObj@@QAE@XZ     00408520 f OpenGLSettings.obj
 0001:00007590       ??1CylinderObj@@UAE@XZ     00408590 f OpenGLSettings.obj
 0001:00007600       ?RecType@CylinderObj@@UAEHXZ 00408600 f OpenGLSettings.obj
 0001:00007620       ?RecName@CylinderObj@@UAEPADXZ 00408620 f OpenGLSettings.obj
 0001:00007640       ?RecDataSize@CylinderObj@@UAEJXZ 00408640 f OpenGLSettings.obj
 0001:00007660       ?_GetDb@CylinderObj@@UAEPAVVistaDb@@XZ 00408660 f OpenGLSettings.obj
 0001:00007680       ??ACylinderObj@@QAEAAV0@W4NavCtrl@@@Z 00408680 f OpenGLSettings.obj
 0001:000076b0       ??ACylinderObj@@QAEAAV0@AAVKeyObj@@@Z 004086b0 f OpenGLSettings.obj
 0001:000076e0       ??ACylinderObj@@QAEAAV0@AAVDbAddr@@@Z 004086e0 f OpenGLSettings.obj
 0001:00007710       ??ECylinderObj@@QAEAAV0@XZ 00408710 f OpenGLSettings.obj
 0001:00007730       ??FCylinderObj@@QAEAAV0@XZ 00408730 f OpenGLSettings.obj
 0001:00007750       ??ECylinderObj@@QAEAAV0@H@Z 00408750 f OpenGLSettings.obj
 0001:00007770       ??FCylinderObj@@QAEAAV0@H@Z 00408770 f OpenGLSettings.obj
 0001:00007790       ?Connect@CylinderObj@@QAE?AW4T_F@@AAVClassesObj@@H@Z 00408790 f OpenGLSettings.obj
 0001:000077c0       ?GotoSet@CylinderObj@@QAEAAVStoreObj@@AAVClassesObj@@W4NavCtrl@@H@Z 004087c0 f OpenGLSettings.obj
 0001:000077f0       ?DisConnect@CylinderObj@@QAE?AW4T_F@@AAVClassesObj@@H@Z 004087f0 f OpenGLSettings.obj
 0001:00007820       ?Set@CylinderObj@@QAEHAAVClassesObj@@@Z 00408820 f OpenGLSettings.obj
 0001:00007840       ??6CylinderObj@@QAEAAVClassesObj@@AAV1@@Z 00408840 f OpenGLSettings.obj
 0001:00007870       ?MemberUsingSet@CylinderObj@@QAEAAVClassesObj@@AAV2@H@Z 00408870 f OpenGLSettings.obj
 0001:000078a0       ??0CylinderObj@@QAE@AAV0@@Z 004088a0 f OpenGLSettings.obj
 0001:00007950       ??4CylinderObj@@QAEAAV0@AAV0@@Z 00408950 f OpenGLSettings.obj
 0001:000079b0       ??_GCylinderObj@@UAEPAXI@Z 004089b0 f OpenGLSettings.obj
 0001:000079f0       ??_ECylinderObj@@UAEPAXI@Z 004089f0 f OpenGLSettings.obj
 0001:00007a60       ??0RectTorusObj@@QAE@XZ    00408a60 f OpenGLSettings.obj
 0001:00007ad0       ??1RectTorusObj@@UAE@XZ    00408ad0 f OpenGLSettings.obj
 0001:00007b40       ?RecType@RectTorusObj@@UAEHXZ 00408b40 f OpenGLSettings.obj
 0001:00007b60       ?RecName@RectTorusObj@@UAEPADXZ 00408b60 f OpenGLSettings.obj
 0001:00007b80       ?RecDataSize@RectTorusObj@@UAEJXZ 00408b80 f OpenGLSettings.obj
 0001:00007ba0       ?_GetDb@RectTorusObj@@UAEPAVVistaDb@@XZ 00408ba0 f OpenGLSettings.obj
 0001:00007bc0       ??ARectTorusObj@@QAEAAV0@W4NavCtrl@@@Z 00408bc0 f OpenGLSettings.obj
 0001:00007bf0       ??ARectTorusObj@@QAEAAV0@AAVKeyObj@@@Z 00408bf0 f OpenGLSettings.obj
 0001:00007c20       ??ARectTorusObj@@QAEAAV0@AAVDbAddr@@@Z 00408c20 f OpenGLSettings.obj
 0001:00007c50       ??ERectTorusObj@@QAEAAV0@XZ 00408c50 f OpenGLSettings.obj
 0001:00007c70       ??FRectTorusObj@@QAEAAV0@XZ 00408c70 f OpenGLSettings.obj
 0001:00007c90       ??ERectTorusObj@@QAEAAV0@H@Z 00408c90 f OpenGLSettings.obj
 0001:00007cb0       ??FRectTorusObj@@QAEAAV0@H@Z 00408cb0 f OpenGLSettings.obj
 0001:00007cd0       ?Connect@RectTorusObj@@QAE?AW4T_F@@AAVClassesObj@@H@Z 00408cd0 f OpenGLSettings.obj
 0001:00007d00       ?GotoSet@RectTorusObj@@QAEAAVStoreObj@@AAVClassesObj@@W4NavCtrl@@H@Z 00408d00 f OpenGLSettings.obj
 0001:00007d30       ?DisConnect@RectTorusObj@@QAE?AW4T_F@@AAVClassesObj@@H@Z 00408d30 f OpenGLSettings.obj
 0001:00007d60       ?Set@RectTorusObj@@QAEHAAVClassesObj@@@Z 00408d60 f OpenGLSettings.obj
 0001:00007d80       ??6RectTorusObj@@QAEAAVClassesObj@@AAV1@@Z 00408d80 f OpenGLSettings.obj
 0001:00007db0       ?MemberUsingSet@RectTorusObj@@QAEAAVClassesObj@@AAV2@H@Z 00408db0 f OpenGLSettings.obj
 0001:00007de0       ??0RectTorusObj@@QAE@AAV0@@Z 00408de0 f OpenGLSettings.obj
 0001:00007e90       ??4RectTorusObj@@QAEAAV0@AAV0@@Z 00408e90 f OpenGLSettings.obj
 0001:00007ef0       ??_GRectTorusObj@@UAEPAXI@Z 00408ef0 f OpenGLSettings.obj
 0001:00007f30       ??_ERectTorusObj@@UAEPAXI@Z 00408f30 f OpenGLSettings.obj
 0001:00007fa0       ??0SphereObj@@QAE@XZ       00408fa0 f OpenGLSettings.obj
 0001:00008010       ??1SphereObj@@UAE@XZ       00409010 f OpenGLSettings.obj
 0001:00008080       ?RecType@SphereObj@@UAEHXZ 00409080 f OpenGLSettings.obj
 0001:000080a0       ?RecName@SphereObj@@UAEPADXZ 004090a0 f OpenGLSettings.obj
 0001:000080c0       ?RecDataSize@SphereObj@@UAEJXZ 004090c0 f OpenGLSettings.obj
 0001:000080e0       ?_GetDb@SphereObj@@UAEPAVVistaDb@@XZ 004090e0 f OpenGLSettings.obj
 0001:00008100       ??ASphereObj@@QAEAAV0@W4NavCtrl@@@Z 00409100 f OpenGLSettings.obj
 0001:00008130       ??ASphereObj@@QAEAAV0@AAVKeyObj@@@Z 00409130 f OpenGLSettings.obj
 0001:00008160       ??ASphereObj@@QAEAAV0@AAVDbAddr@@@Z 00409160 f OpenGLSettings.obj
 0001:00008190       ??ESphereObj@@QAEAAV0@XZ   00409190 f OpenGLSettings.obj
 0001:000081b0       ??FSphereObj@@QAEAAV0@XZ   004091b0 f OpenGLSettings.obj
 0001:000081d0       ??ESphereObj@@QAEAAV0@H@Z  004091d0 f OpenGLSettings.obj
 0001:000081f0       ??FSphereObj@@QAEAAV0@H@Z  004091f0 f OpenGLSettings.obj
 0001:00008210       ?Connect@SphereObj@@QAE?AW4T_F@@AAVClassesObj@@H@Z 00409210 f OpenGLSettings.obj
 0001:00008240       ?GotoSet@SphereObj@@QAEAAVStoreObj@@AAVClassesObj@@W4NavCtrl@@H@Z 00409240 f OpenGLSettings.obj
 0001:00008270       ?DisConnect@SphereObj@@QAE?AW4T_F@@AAVClassesObj@@H@Z 00409270 f OpenGLSettings.obj
 0001:000082a0       ?Set@SphereObj@@QAEHAAVClassesObj@@@Z 004092a0 f OpenGLSettings.obj
 0001:000082c0       ??6SphereObj@@QAEAAVClassesObj@@AAV1@@Z 004092c0 f OpenGLSettings.obj
 0001:000082f0       ?MemberUsingSet@SphereObj@@QAEAAVClassesObj@@AAV2@H@Z 004092f0 f OpenGLSettings.obj
 0001:00008320       ??0SphereObj@@QAE@AAV0@@Z  00409320 f OpenGLSettings.obj
 0001:000083d0       ??4SphereObj@@QAEAAV0@AAV0@@Z 004093d0 f OpenGLSettings.obj
 0001:00008430       ??_GSphereObj@@UAEPAXI@Z   00409430 f OpenGLSettings.obj
 0001:00008470       ??_ESphereObj@@UAEPAXI@Z   00409470 f OpenGLSettings.obj
 0001:000084e0       ??0PyramidObj@@QAE@XZ      004094e0 f OpenGLSettings.obj
 0001:00008550       ??1PyramidObj@@UAE@XZ      00409550 f OpenGLSettings.obj
 0001:000085c0       ?RecType@PyramidObj@@UAEHXZ 004095c0 f OpenGLSettings.obj
 0001:000085e0       ?RecName@PyramidObj@@UAEPADXZ 004095e0 f OpenGLSettings.obj
 0001:00008600       ?RecDataSize@PyramidObj@@UAEJXZ 00409600 f OpenGLSettings.obj
 0001:00008620       ?_GetDb@PyramidObj@@UAEPAVVistaDb@@XZ 00409620 f OpenGLSettings.obj
 0001:00008640       ??APyramidObj@@QAEAAV0@W4NavCtrl@@@Z 00409640 f OpenGLSettings.obj
 0001:00008670       ??APyramidObj@@QAEAAV0@AAVKeyObj@@@Z 00409670 f OpenGLSettings.obj
 0001:000086a0       ??APyramidObj@@QAEAAV0@AAVDbAddr@@@Z 004096a0 f OpenGLSettings.obj
 0001:000086d0       ??EPyramidObj@@QAEAAV0@XZ  004096d0 f OpenGLSettings.obj
 0001:000086f0       ??FPyramidObj@@QAEAAV0@XZ  004096f0 f OpenGLSettings.obj
 0001:00008710       ??EPyramidObj@@QAEAAV0@H@Z 00409710 f OpenGLSettings.obj
 0001:00008730       ??FPyramidObj@@QAEAAV0@H@Z 00409730 f OpenGLSettings.obj
 0001:00008750       ?Connect@PyramidObj@@QAE?AW4T_F@@AAVClassesObj@@H@Z 00409750 f OpenGLSettings.obj
 0001:00008780       ?GotoSet@PyramidObj@@QAEAAVStoreObj@@AAVClassesObj@@W4NavCtrl@@H@Z 00409780 f OpenGLSettings.obj
 0001:000087b0       ?DisConnect@PyramidObj@@QAE?AW4T_F@@AAVClassesObj@@H@Z 004097b0 f OpenGLSettings.obj
 0001:000087e0       ?Set@PyramidObj@@QAEHAAVClassesObj@@@Z 004097e0 f OpenGLSettings.obj
 0001:00008800       ??6PyramidObj@@QAEAAVClassesObj@@AAV1@@Z 00409800 f OpenGLSettings.obj
 0001:00008830       ?MemberUsingSet@PyramidObj@@QAEAAVClassesObj@@AAV2@H@Z 00409830 f OpenGLSettings.obj
 0001:00008860       ??0PyramidObj@@QAE@AAV0@@Z 00409860 f OpenGLSettings.obj
 0001:00008910       ??4PyramidObj@@QAEAAV0@AAV0@@Z 00409910 f OpenGLSettings.obj
 0001:00008970       ??_GPyramidObj@@UAEPAXI@Z  00409970 f OpenGLSettings.obj
 0001:000089b0       ??_EPyramidObj@@UAEPAXI@Z  004099b0 f OpenGLSettings.obj
 0001:00008a20       ??0ComplexObj@@QAE@XZ      00409a20 f OpenGLSettings.obj
 0001:00008a90       ??1ComplexObj@@UAE@XZ      00409a90 f OpenGLSettings.obj
 0001:00008b00       ?RecType@ComplexObj@@UAEHXZ 00409b00 f OpenGLSettings.obj
 0001:00008b20       ?RecName@ComplexObj@@UAEPADXZ 00409b20 f OpenGLSettings.obj
 0001:00008b40       ?RecDataSize@ComplexObj@@UAEJXZ 00409b40 f OpenGLSettings.obj
 0001:00008b60       ?_GetDb@ComplexObj@@UAEPAVVistaDb@@XZ 00409b60 f OpenGLSettings.obj
 0001:00008b80       ??AComplexObj@@QAEAAV0@W4NavCtrl@@@Z 00409b80 f OpenGLSettings.obj
 0001:00008bb0       ??AComplexObj@@QAEAAV0@AAVKeyObj@@@Z 00409bb0 f OpenGLSettings.obj
 0001:00008be0       ??AComplexObj@@QAEAAV0@AAVDbAddr@@@Z 00409be0 f OpenGLSettings.obj
 0001:00008c10       ??EComplexObj@@QAEAAV0@XZ  00409c10 f OpenGLSettings.obj
 0001:00008c30       ??FComplexObj@@QAEAAV0@XZ  00409c30 f OpenGLSettings.obj
 0001:00008c50       ??EComplexObj@@QAEAAV0@H@Z 00409c50 f OpenGLSettings.obj
 0001:00008c70       ??FComplexObj@@QAEAAV0@H@Z 00409c70 f OpenGLSettings.obj
 0001:00008c90       ??5ComplexObj@@QAEAAVFacesObj@@AAV1@@Z 00409c90 f OpenGLSettings.obj
 0001:00008cc0       ?OwnerUsingSet@ComplexObj@@QAEAAVFacesObj@@AAV2@H@Z 00409cc0 f OpenGLSettings.obj
 0001:00008cf0       ?Members@ComplexObj@@QAEJAAVFacesObj@@H@Z 00409cf0 f OpenGLSettings.obj
 0001:00008d20       ?Connect@ComplexObj@@QAE?AW4T_F@@AAVClassesObj@@H@Z 00409d20 f OpenGLSettings.obj
 0001:00008d50       ?GotoSet@ComplexObj@@QAEAAVStoreObj@@AAVClassesObj@@W4NavCtrl@@H@Z 00409d50 f OpenGLSettings.obj
 0001:00008d80       ?DisConnect@ComplexObj@@QAE?AW4T_F@@AAVClassesObj@@H@Z 00409d80 f OpenGLSettings.obj
 0001:00008db0       ?Set@ComplexObj@@QAEHAAVClassesObj@@@Z 00409db0 f OpenGLSettings.obj
 0001:00008dd0       ??6ComplexObj@@QAEAAVClassesObj@@AAV1@@Z 00409dd0 f OpenGLSettings.obj
 0001:00008e00       ?MemberUsingSet@ComplexObj@@QAEAAVClassesObj@@AAV2@H@Z 00409e00 f OpenGLSettings.obj
 0001:00008e30       ??0ComplexObj@@QAE@AAV0@@Z 00409e30 f OpenGLSettings.obj
 0001:00008ee0       ??4ComplexObj@@QAEAAV0@AAV0@@Z 00409ee0 f OpenGLSettings.obj
 0001:00008f40       ??_GComplexObj@@UAEPAXI@Z  00409f40 f OpenGLSettings.obj
 0001:00008f80       ??_EComplexObj@@UAEPAXI@Z  00409f80 f OpenGLSettings.obj
 0001:00008ff0       ??0FacesObj@@QAE@XZ        00409ff0 f OpenGLSettings.obj
 0001:00009060       ??1FacesObj@@UAE@XZ        0040a060 f OpenGLSettings.obj
 0001:000090d0       ?RecType@FacesObj@@UAEHXZ  0040a0d0 f OpenGLSettings.obj
 0001:000090f0       ?RecName@FacesObj@@UAEPADXZ 0040a0f0 f OpenGLSettings.obj
 0001:00009110       ?RecDataSize@FacesObj@@UAEJXZ 0040a110 f OpenGLSettings.obj
 0001:00009130       ?_GetDb@FacesObj@@UAEPAVVistaDb@@XZ 0040a130 f OpenGLSettings.obj
 0001:00009150       ??AFacesObj@@QAEAAV0@W4NavCtrl@@@Z 0040a150 f OpenGLSettings.obj
 0001:00009180       ??AFacesObj@@QAEAAV0@AAVKeyObj@@@Z 0040a180 f OpenGLSettings.obj
 0001:000091b0       ??AFacesObj@@QAEAAV0@AAVDbAddr@@@Z 0040a1b0 f OpenGLSettings.obj
 0001:000091e0       ??EFacesObj@@QAEAAV0@XZ    0040a1e0 f OpenGLSettings.obj
 0001:00009200       ??FFacesObj@@QAEAAV0@XZ    0040a200 f OpenGLSettings.obj
 0001:00009220       ??EFacesObj@@QAEAAV0@H@Z   0040a220 f OpenGLSettings.obj
 0001:00009240       ??FFacesObj@@QAEAAV0@H@Z   0040a240 f OpenGLSettings.obj
 0001:00009260       ??5FacesObj@@QAEAAVVerticesObj@@AAV1@@Z 0040a260 f OpenGLSettings.obj
 0001:00009290       ?OwnerUsingSet@FacesObj@@QAEAAVVerticesObj@@AAV2@H@Z 0040a290 f OpenGLSettings.obj
 0001:000092c0       ?Members@FacesObj@@QAEJAAVVerticesObj@@H@Z 0040a2c0 f OpenGLSettings.obj
 0001:000092f0       ?Connect@FacesObj@@QAE?AW4T_F@@AAVComplexObj@@H@Z 0040a2f0 f OpenGLSettings.obj
 0001:00009320       ?GotoSet@FacesObj@@QAEAAVStoreObj@@AAVComplexObj@@W4NavCtrl@@H@Z 0040a320 f OpenGLSettings.obj
 0001:00009350       ?DisConnect@FacesObj@@QAE?AW4T_F@@AAVComplexObj@@H@Z 0040a350 f OpenGLSettings.obj
 0001:00009380       ?Set@FacesObj@@QAEHAAVComplexObj@@@Z 0040a380 f OpenGLSettings.obj
 0001:000093a0       ??6FacesObj@@QAEAAVComplexObj@@AAV1@@Z 0040a3a0 f OpenGLSettings.obj
 0001:000093d0       ?MemberUsingSet@FacesObj@@QAEAAVComplexObj@@AAV2@H@Z 0040a3d0 f OpenGLSettings.obj
 0001:00009400       ??0FacesObj@@QAE@AAV0@@Z   0040a400 f OpenGLSettings.obj
 0001:000094a0       ??4FacesObj@@QAEAAV0@AAV0@@Z 0040a4a0 f OpenGLSettings.obj
 0001:00009500       ??_GFacesObj@@UAEPAXI@Z    0040a500 f OpenGLSettings.obj
 0001:00009540       ??_EFacesObj@@UAEPAXI@Z    0040a540 f OpenGLSettings.obj
 0001:000095b0       ??0VerticesObj@@QAE@XZ     0040a5b0 f OpenGLSettings.obj
 0001:00009620       ??1VerticesObj@@UAE@XZ     0040a620 f OpenGLSettings.obj
 0001:00009690       ?RecType@VerticesObj@@UAEHXZ 0040a690 f OpenGLSettings.obj
 0001:000096b0       ?RecName@VerticesObj@@UAEPADXZ 0040a6b0 f OpenGLSettings.obj
 0001:000096d0       ?RecDataSize@VerticesObj@@UAEJXZ 0040a6d0 f OpenGLSettings.obj
 0001:000096f0       ?_GetDb@VerticesObj@@UAEPAVVistaDb@@XZ 0040a6f0 f OpenGLSettings.obj
 0001:00009710       ??AVerticesObj@@QAEAAV0@W4NavCtrl@@@Z 0040a710 f OpenGLSettings.obj
 0001:00009740       ??AVerticesObj@@QAEAAV0@AAVKeyObj@@@Z 0040a740 f OpenGLSettings.obj
 0001:00009770       ??AVerticesObj@@QAEAAV0@AAVDbAddr@@@Z 0040a770 f OpenGLSettings.obj
 0001:000097a0       ??EVerticesObj@@QAEAAV0@XZ 0040a7a0 f OpenGLSettings.obj
 0001:000097c0       ??FVerticesObj@@QAEAAV0@XZ 0040a7c0 f OpenGLSettings.obj
 0001:000097e0       ??EVerticesObj@@QAEAAV0@H@Z 0040a7e0 f OpenGLSettings.obj
 0001:00009800       ??FVerticesObj@@QAEAAV0@H@Z 0040a800 f OpenGLSettings.obj
 0001:00009820       ?Connect@VerticesObj@@QAE?AW4T_F@@AAVFacesObj@@H@Z 0040a820 f OpenGLSettings.obj
 0001:00009850       ?GotoSet@VerticesObj@@QAEAAVStoreObj@@AAVFacesObj@@W4NavCtrl@@H@Z 0040a850 f OpenGLSettings.obj
 0001:00009880       ?DisConnect@VerticesObj@@QAE?AW4T_F@@AAVFacesObj@@H@Z 0040a880 f OpenGLSettings.obj
 0001:000098b0       ?Set@VerticesObj@@QAEHAAVFacesObj@@@Z 0040a8b0 f OpenGLSettings.obj
 0001:000098d0       ??6VerticesObj@@QAEAAVFacesObj@@AAV1@@Z 0040a8d0 f OpenGLSettings.obj
 0001:00009900       ?MemberUsingSet@VerticesObj@@QAEAAVFacesObj@@AAV2@H@Z 0040a900 f OpenGLSettings.obj
 0001:00009930       ??0VerticesObj@@QAE@AAV0@@Z 0040a930 f OpenGLSettings.obj
 0001:000099e0       ??4VerticesObj@@QAEAAV0@AAV0@@Z 0040a9e0 f OpenGLSettings.obj
 0001:00009a40       ??_GVerticesObj@@UAEPAXI@Z 0040aa40 f OpenGLSettings.obj
 0001:00009a80       ??_EVerticesObj@@UAEPAXI@Z 0040aa80 f OpenGLSettings.obj
 0001:00009af0       ??0PointObj@@QAE@XZ        0040aaf0 f OpenGLSettings.obj
 0001:00009b60       ??1PointObj@@UAE@XZ        0040ab60 f OpenGLSettings.obj
 0001:00009bd0       ?RecType@PointObj@@UAEHXZ  0040abd0 f OpenGLSettings.obj
 0001:00009bf0       ?RecName@PointObj@@UAEPADXZ 0040abf0 f OpenGLSettings.obj
 0001:00009c10       ?RecDataSize@PointObj@@UAEJXZ 0040ac10 f OpenGLSettings.obj
 0001:00009c30       ?_GetDb@PointObj@@UAEPAVVistaDb@@XZ 0040ac30 f OpenGLSettings.obj
 0001:00009c50       ??APointObj@@QAEAAV0@W4NavCtrl@@@Z 0040ac50 f OpenGLSettings.obj
 0001:00009c80       ??APointObj@@QAEAAV0@AAVKeyObj@@@Z 0040ac80 f OpenGLSettings.obj
 0001:00009cb0       ??APointObj@@QAEAAV0@AAVDbAddr@@@Z 0040acb0 f OpenGLSettings.obj
 0001:00009ce0       ??EPointObj@@QAEAAV0@XZ    0040ace0 f OpenGLSettings.obj
 0001:00009d00       ??FPointObj@@QAEAAV0@XZ    0040ad00 f OpenGLSettings.obj
 0001:00009d20       ??EPointObj@@QAEAAV0@H@Z   0040ad20 f OpenGLSettings.obj
 0001:00009d40       ??FPointObj@@QAEAAV0@H@Z   0040ad40 f OpenGLSettings.obj
 0001:00009d60       ?Connect@PointObj@@QAE?AW4T_F@@AAVClassesObj@@H@Z 0040ad60 f OpenGLSettings.obj
 0001:00009d90       ?GotoSet@PointObj@@QAEAAVStoreObj@@AAVClassesObj@@W4NavCtrl@@H@Z 0040ad90 f OpenGLSettings.obj
 0001:00009dc0       ?DisConnect@PointObj@@QAE?AW4T_F@@AAVClassesObj@@H@Z 0040adc0 f OpenGLSettings.obj
 0001:00009df0       ?Set@PointObj@@QAEHAAVClassesObj@@@Z 0040adf0 f OpenGLSettings.obj
 0001:00009e10       ??6PointObj@@QAEAAVClassesObj@@AAV1@@Z 0040ae10 f OpenGLSettings.obj
 0001:00009e40       ?MemberUsingSet@PointObj@@QAEAAVClassesObj@@AAV2@H@Z 0040ae40 f OpenGLSettings.obj
 0001:00009e70       ??0PointObj@@QAE@AAV0@@Z   0040ae70 f OpenGLSettings.obj
 0001:00009f20       ??4PointObj@@QAEAAV0@AAV0@@Z 0040af20 f OpenGLSettings.obj
 0001:00009f80       ??_GPointObj@@UAEPAXI@Z    0040af80 f OpenGLSettings.obj
 0001:00009fc0       ??_EPointObj@@UAEPAXI@Z    0040afc0 f OpenGLSettings.obj
 0001:0000a030       ??0LineObj@@QAE@XZ         0040b030 f OpenGLSettings.obj
 0001:0000a0a0       ??1LineObj@@UAE@XZ         0040b0a0 f OpenGLSettings.obj
 0001:0000a110       ?RecType@LineObj@@UAEHXZ   0040b110 f OpenGLSettings.obj
 0001:0000a130       ?RecName@LineObj@@UAEPADXZ 0040b130 f OpenGLSettings.obj
 0001:0000a150       ?RecDataSize@LineObj@@UAEJXZ 0040b150 f OpenGLSettings.obj
 0001:0000a170       ?_GetDb@LineObj@@UAEPAVVistaDb@@XZ 0040b170 f OpenGLSettings.obj
 0001:0000a190       ??ALineObj@@QAEAAV0@W4NavCtrl@@@Z 0040b190 f OpenGLSettings.obj
 0001:0000a1c0       ??ALineObj@@QAEAAV0@AAVKeyObj@@@Z 0040b1c0 f OpenGLSettings.obj
 0001:0000a1f0       ??ALineObj@@QAEAAV0@AAVDbAddr@@@Z 0040b1f0 f OpenGLSettings.obj
 0001:0000a220       ??ELineObj@@QAEAAV0@XZ     0040b220 f OpenGLSettings.obj
 0001:0000a240       ??FLineObj@@QAEAAV0@XZ     0040b240 f OpenGLSettings.obj
 0001:0000a260       ??ELineObj@@QAEAAV0@H@Z    0040b260 f OpenGLSettings.obj
 0001:0000a280       ??FLineObj@@QAEAAV0@H@Z    0040b280 f OpenGLSettings.obj
 0001:0000a2a0       ?Connect@LineObj@@QAE?AW4T_F@@AAVClassesObj@@H@Z 0040b2a0 f OpenGLSettings.obj
 0001:0000a2d0       ?GotoSet@LineObj@@QAEAAVStoreObj@@AAVClassesObj@@W4NavCtrl@@H@Z 0040b2d0 f OpenGLSettings.obj
 0001:0000a300       ?DisConnect@LineObj@@QAE?AW4T_F@@AAVClassesObj@@H@Z 0040b300 f OpenGLSettings.obj
 0001:0000a330       ?Set@LineObj@@QAEHAAVClassesObj@@@Z 0040b330 f OpenGLSettings.obj
 0001:0000a350       ??6LineObj@@QAEAAVClassesObj@@AAV1@@Z 0040b350 f OpenGLSettings.obj
 0001:0000a380       ?MemberUsingSet@LineObj@@QAEAAVClassesObj@@AAV2@H@Z 0040b380 f OpenGLSettings.obj
 0001:0000a3b0       ??0LineObj@@QAE@AAV0@@Z    0040b3b0 f OpenGLSettings.obj
 0001:0000a460       ??4LineObj@@QAEAAV0@AAV0@@Z 0040b460 f OpenGLSettings.obj
 0001:0000a4c0       ??_GLineObj@@UAEPAXI@Z     0040b4c0 f OpenGLSettings.obj
 0001:0000a500       ??_ELineObj@@UAEPAXI@Z     0040b500 f OpenGLSettings.obj
 0001:0000a570       ??0SystemObj@@QAE@XZ       0040b570 f OpenGLSettings.obj
 0001:0000a5f0       ?RecType@SystemObj@@UAEHXZ 0040b5f0 f OpenGLSettings.obj
 0001:0000a610       ?RecName@SystemObj@@UAEPADXZ 0040b610 f OpenGLSettings.obj
 0001:0000a630       ?_GetDb@SystemObj@@UAEPAVVistaDb@@XZ 0040b630 f OpenGLSettings.obj
 0001:0000a650       ??5SystemObj@@QAEAAVClassesObj@@AAV1@@Z 0040b650 f OpenGLSettings.obj
 0001:0000a680       ?OwnerUsingSet@SystemObj@@QAEAAVClassesObj@@AAV2@H@Z 0040b680 f OpenGLSettings.obj
 0001:0000a6b0       ?Members@SystemObj@@QAEJAAVClassesObj@@H@Z 0040b6b0 f OpenGLSettings.obj
 0001:0000a6e0       ??0SystemObj@@QAE@AAV0@@Z  0040b6e0 f OpenGLSettings.obj
 0001:0000a760       ??4SystemObj@@QAEAAV0@AAV0@@Z 0040b760 f OpenGLSettings.obj
 0001:0000a790       ??1SystemObj@@UAE@XZ       0040b790 f OpenGLSettings.obj
 0001:0000a7f0       ??_GSystemObj@@UAEPAXI@Z   0040b7f0 f OpenGLSettings.obj
 0001:0000a830       ??_ESystemObj@@UAEPAXI@Z   0040b830 f OpenGLSettings.obj
 0001:0000a8a0       ??0Classes_type_KeyObj@@QAE@XZ 0040b8a0 f OpenGLSettings.obj
 0001:0000a8e0       ??1Classes_type_KeyObj@@UAE@XZ 0040b8e0 f OpenGLSettings.obj
 0001:0000a900       ??0Classes_type_KeyObj@@QAE@ABV0@@Z 0040b900 f OpenGLSettings.obj
 0001:0000a970       ??4Classes_type_KeyObj@@QAEAAV0@ABV0@@Z 0040b970 f OpenGLSettings.obj
 0001:0000a9d0       ??_GClasses_type_KeyObj@@UAEPAXI@Z 0040b9d0 f OpenGLSettings.obj
 0001:0000aa10       ??_EClasses_type_KeyObj@@UAEPAXI@Z 0040ba10 f OpenGLSettings.obj
 0001:0000aa80       ??0Classes_name_KeyObj@@QAE@XZ 0040ba80 f OpenGLSettings.obj
 0001:0000aac0       ??1Classes_name_KeyObj@@UAE@XZ 0040bac0 f OpenGLSettings.obj
 0001:0000aae0       ??0Classes_name_KeyObj@@QAE@ABV0@@Z 0040bae0 f OpenGLSettings.obj
 0001:0000ab50       ??4Classes_name_KeyObj@@QAEAAV0@ABV0@@Z 0040bb50 f OpenGLSettings.obj
 0001:0000abd0       ??_GClasses_name_KeyObj@@UAEPAXI@Z 0040bbd0 f OpenGLSettings.obj
 0001:0000ac10       ??_EClasses_name_KeyObj@@UAEPAXI@Z 0040bc10 f OpenGLSettings.obj
 0001:0000ac80       ??0Groups_name_KeyObj@@QAE@XZ 0040bc80 f OpenGLSettings.obj
 0001:0000acc0       ??1Groups_name_KeyObj@@UAE@XZ 0040bcc0 f OpenGLSettings.obj
 0001:0000ace0       ??0Groups_name_KeyObj@@QAE@ABV0@@Z 0040bce0 f OpenGLSettings.obj
 0001:0000ad50       ??4Groups_name_KeyObj@@QAEAAV0@ABV0@@Z 0040bd50 f OpenGLSettings.obj
 0001:0000add0       ??_GGroups_name_KeyObj@@UAEPAXI@Z 0040bdd0 f OpenGLSettings.obj
 0001:0000ae10       ??_EGroups_name_KeyObj@@UAEPAXI@Z 0040be10 f OpenGLSettings.obj
 0001:0000ae80       ??0rvqLiteDb@@QAE@XZ       0040be80 f OpenGLSettings.obj
 0001:0000af00       ?MakeCurrent@rvqLiteDb@@UAEXXZ 0040bf00 f OpenGLSettings.obj
 0001:0000af20       ??0rvqLiteDb@@QAE@ABV0@@Z  0040bf20 f OpenGLSettings.obj
 0001:0000afa0       ??4rvqLiteDb@@QAEAAV0@ABV0@@Z 0040bfa0 f OpenGLSettings.obj
 0001:0000afd0       ??1rvqLiteDb@@UAE@XZ       0040bfd0 f OpenGLSettings.obj
 0001:0000b030       ??_GrvqLiteDb@@UAEPAXI@Z   0040c030 f OpenGLSettings.obj
 0001:0000b070       ??_ErvqLiteDb@@UAEPAXI@Z   0040c070 f OpenGLSettings.obj
 0001:0000b0f0       ??0equipObj@@QAE@XZ        0040c0f0 f OpenGLSettings.obj
 0001:0000b180       ??1equipObj@@UAE@XZ        0040c180 f OpenGLSettings.obj
 0001:0000b1f0       ?RecType@equipObj@@UAEHXZ  0040c1f0 f OpenGLSettings.obj
 0001:0000b210       ?RecName@equipObj@@UAEPADXZ 0040c210 f OpenGLSettings.obj
 0001:0000b230       ?TotalSize@equipObj@@UAEJXZ 0040c230 f OpenGLSettings.obj
 0001:0000b250       ?MakeEmpty@equipObj@@QAEXXZ 0040c250 f OpenGLSettings.obj
 0001:0000b290       ?RecData@equipObj@@UAEPAXXZ 0040c290 f OpenGLSettings.obj
 0001:0000b2b0       ?_GetDb@equipObj@@UAEPAVVistaDb@@XZ 0040c2b0 f OpenGLSettings.obj
 0001:0000b2d0       ??AequipObj@@QAEAAV0@W4NavCtrl@@@Z 0040c2d0 f OpenGLSettings.obj
 0001:0000b300       ??AequipObj@@QAEAAV0@AAVKeyObj@@@Z 0040c300 f OpenGLSettings.obj
 0001:0000b330       ??AequipObj@@QAEAAV0@AAVDbAddr@@@Z 0040c330 f OpenGLSettings.obj
 0001:0000b360       ??EequipObj@@QAEAAV0@XZ    0040c360 f OpenGLSettings.obj
 0001:0000b380       ??FequipObj@@QAEAAV0@XZ    0040c380 f OpenGLSettings.obj
 0001:0000b3a0       ??EequipObj@@QAEAAV0@H@Z   0040c3a0 f OpenGLSettings.obj
 0001:0000b3c0       ??FequipObj@@QAEAAV0@H@Z   0040c3c0 f OpenGLSettings.obj
 0001:0000b3e0       ??5equipObj@@QAEAAVeq_docs_intObj@@AAV1@@Z 0040c3e0 f OpenGLSettings.obj
 0001:0000b410       ?OwnerUsingSet@equipObj@@QAEAAVeq_docs_intObj@@AAV2@H@Z 0040c410 f OpenGLSettings.obj
 0001:0000b440       ?Members@equipObj@@QAEJAAVeq_docs_intObj@@H@Z 0040c440 f OpenGLSettings.obj
 0001:0000b470       ??5equipObj@@QAEAAVprogressObj@@AAV1@@Z 0040c470 f OpenGLSettings.obj
 0001:0000b4a0       ?OwnerUsingSet@equipObj@@QAEAAVprogressObj@@AAV2@H@Z 0040c4a0 f OpenGLSettings.obj
 0001:0000b4d0       ?Members@equipObj@@QAEJAAVprogressObj@@H@Z 0040c4d0 f OpenGLSettings.obj
 0001:0000b500       ??5equipObj@@QAEAAVeq_mproc_intObj@@AAV1@@Z 0040c500 f OpenGLSettings.obj
 0001:0000b530       ?OwnerUsingSet@equipObj@@QAEAAVeq_mproc_intObj@@AAV2@H@Z 0040c530 f OpenGLSettings.obj
 0001:0000b560       ?Members@equipObj@@QAEJAAVeq_mproc_intObj@@H@Z 0040c560 f OpenGLSettings.obj
 0001:0000b590       ??5equipObj@@QAEAAVmhistObj@@AAV1@@Z 0040c590 f OpenGLSettings.obj
 0001:0000b5c0       ?OwnerUsingSet@equipObj@@QAEAAVmhistObj@@AAV2@H@Z 0040c5c0 f OpenGLSettings.obj
 0001:0000b5f0       ?Members@equipObj@@QAEJAAVmhistObj@@H@Z 0040c5f0 f OpenGLSettings.obj
 0001:0000b620       ??5equipObj@@QAEAAVeq_parts_intObj@@AAV1@@Z 0040c620 f OpenGLSettings.obj
 0001:0000b650       ?OwnerUsingSet@equipObj@@QAEAAVeq_parts_intObj@@AAV2@H@Z 0040c650 f OpenGLSettings.obj
 0001:0000b680       ?Members@equipObj@@QAEJAAVeq_parts_intObj@@H@Z 0040c680 f OpenGLSettings.obj
 0001:0000b6b0       ??5equipObj@@QAEAAV0@AAV0@@Z 0040c6b0 f OpenGLSettings.obj
 0001:0000b6e0       ?OwnerUsingSet@equipObj@@QAEAAV1@AAV1@H@Z 0040c6e0 f OpenGLSettings.obj
 0001:0000b710       ?Members@equipObj@@QAEJAAV1@H@Z 0040c710 f OpenGLSettings.obj
 0001:0000b740       ??5equipObj@@QAEAAVimage_equip_boxObj@@AAV1@@Z 0040c740 f OpenGLSettings.obj
 0001:0000b770       ?OwnerUsingSet@equipObj@@QAEAAVimage_equip_boxObj@@AAV2@H@Z 0040c770 f OpenGLSettings.obj
 0001:0000b7a0       ?Members@equipObj@@QAEJAAVimage_equip_boxObj@@H@Z 0040c7a0 f OpenGLSettings.obj
 0001:0000b7d0       ?Connect@equipObj@@QAE?AW4T_F@@AAVcommsysObj@@H@Z 0040c7d0 f OpenGLSettings.obj
 0001:0000b800       ?GotoSet@equipObj@@QAEAAVStoreObj@@AAVcommsysObj@@W4NavCtrl@@H@Z 0040c800 f OpenGLSettings.obj
 0001:0000b830       ?DisConnect@equipObj@@QAE?AW4T_F@@AAVcommsysObj@@H@Z 0040c830 f OpenGLSettings.obj
 0001:0000b860       ?Set@equipObj@@QAEHAAVcommsysObj@@@Z 0040c860 f OpenGLSettings.obj
 0001:0000b880       ??6equipObj@@QAEAAVcommsysObj@@AAV1@@Z 0040c880 f OpenGLSettings.obj
 0001:0000b8b0       ?MemberUsingSet@equipObj@@QAEAAVcommsysObj@@AAV2@H@Z 0040c8b0 f OpenGLSettings.obj
 0001:0000b8e0       ?Connect@equipObj@@QAE?AW4T_F@@AAV1@H@Z 0040c8e0 f OpenGLSettings.obj
 0001:0000b910       ?GotoSet@equipObj@@QAEAAVStoreObj@@AAV1@W4NavCtrl@@H@Z 0040c910 f OpenGLSettings.obj
 0001:0000b940       ?DisConnect@equipObj@@QAE?AW4T_F@@AAV1@H@Z 0040c940 f OpenGLSettings.obj
 0001:0000b970       ?Set@equipObj@@QAEHAAV1@@Z 0040c970 f OpenGLSettings.obj
 0001:0000b990       ??6equipObj@@QAEAAV0@AAV0@@Z 0040c990 f OpenGLSettings.obj
 0001:0000b9c0       ?MemberUsingSet@equipObj@@QAEAAV1@AAV1@H@Z 0040c9c0 f OpenGLSettings.obj
 0001:0000b9f0       ?Connect@equipObj@@QAE?AW4T_F@@AAVvendorObj@@H@Z 0040c9f0 f OpenGLSettings.obj
 0001:0000ba20       ?GotoSet@equipObj@@QAEAAVStoreObj@@AAVvendorObj@@W4NavCtrl@@H@Z 0040ca20 f OpenGLSettings.obj
 0001:0000ba50       ?DisConnect@equipObj@@QAE?AW4T_F@@AAVvendorObj@@H@Z 0040ca50 f OpenGLSettings.obj
 0001:0000ba80       ?Set@equipObj@@QAEHAAVvendorObj@@@Z 0040ca80 f OpenGLSettings.obj
 0001:0000baa0       ??6equipObj@@QAEAAVvendorObj@@AAV1@@Z 0040caa0 f OpenGLSettings.obj
 0001:0000bad0       ?MemberUsingSet@equipObj@@QAEAAVvendorObj@@AAV2@H@Z 0040cad0 f OpenGLSettings.obj
 0001:0000bb00       ??0equipObj@@QAE@AAV0@@Z   0040cb00 f OpenGLSettings.obj
 0001:0000bbb0       ??4equipObj@@QAEAAV0@AAV0@@Z 0040cbb0 f OpenGLSettings.obj
 0001:0000bc10       ??_GequipObj@@UAEPAXI@Z    0040cc10 f OpenGLSettings.obj
 0001:0000bc50       ??_EequipObj@@UAEPAXI@Z    0040cc50 f OpenGLSettings.obj
 0001:0000bcd0       ??0engdocObj@@QAE@XZ       0040ccd0 f OpenGLSettings.obj
 0001:0000bd60       ??1engdocObj@@UAE@XZ       0040cd60 f OpenGLSettings.obj
 0001:0000bdd0       ?RecType@engdocObj@@UAEHXZ 0040cdd0 f OpenGLSettings.obj
 0001:0000bdf0       ?RecName@engdocObj@@UAEPADXZ 0040cdf0 f OpenGLSettings.obj
 0001:0000be10       ?TotalSize@engdocObj@@UAEJXZ 0040ce10 f OpenGLSettings.obj
 0001:0000be30       ?MakeEmpty@engdocObj@@QAEXXZ 0040ce30 f OpenGLSettings.obj
 0001:0000be70       ?RecData@engdocObj@@UAEPAXXZ 0040ce70 f OpenGLSettings.obj
 0001:0000be90       ?_GetDb@engdocObj@@UAEPAVVistaDb@@XZ 0040ce90 f OpenGLSettings.obj
 0001:0000beb0       ??AengdocObj@@QAEAAV0@W4NavCtrl@@@Z 0040ceb0 f OpenGLSettings.obj
 0001:0000bee0       ??AengdocObj@@QAEAAV0@AAVKeyObj@@@Z 0040cee0 f OpenGLSettings.obj
 0001:0000bf10       ??AengdocObj@@QAEAAV0@AAVDbAddr@@@Z 0040cf10 f OpenGLSettings.obj
 0001:0000bf40       ??EengdocObj@@QAEAAV0@XZ   0040cf40 f OpenGLSettings.obj
 0001:0000bf60       ??FengdocObj@@QAEAAV0@XZ   0040cf60 f OpenGLSettings.obj
 0001:0000bf80       ??EengdocObj@@QAEAAV0@H@Z  0040cf80 f OpenGLSettings.obj
 0001:0000bfa0       ??FengdocObj@@QAEAAV0@H@Z  0040cfa0 f OpenGLSettings.obj
 0001:0000bfc0       ??5engdocObj@@QAEAAVeq_docs_intObj@@AAV1@@Z 0040cfc0 f OpenGLSettings.obj
 0001:0000bff0       ?OwnerUsingSet@engdocObj@@QAEAAVeq_docs_intObj@@AAV2@H@Z 0040cff0 f OpenGLSettings.obj
 0001:0000c020       ?Members@engdocObj@@QAEJAAVeq_docs_intObj@@H@Z 0040d020 f OpenGLSettings.obj
 0001:0000c050       ??5engdocObj@@QAEAAVparts_docs_intObj@@AAV1@@Z 0040d050 f OpenGLSettings.obj
 0001:0000c080       ?OwnerUsingSet@engdocObj@@QAEAAVparts_docs_intObj@@AAV2@H@Z 0040d080 f OpenGLSettings.obj
 0001:0000c0b0       ?Members@engdocObj@@QAEJAAVparts_docs_intObj@@H@Z 0040d0b0 f OpenGLSettings.obj
 0001:0000c0e0       ??0engdocObj@@QAE@AAV0@@Z  0040d0e0 f OpenGLSettings.obj
 0001:0000c190       ??4engdocObj@@QAEAAV0@AAV0@@Z 0040d190 f OpenGLSettings.obj
 0001:0000c1f0       ??_GengdocObj@@UAEPAXI@Z   0040d1f0 f OpenGLSettings.obj
 0001:0000c230       ??_EengdocObj@@UAEPAXI@Z   0040d230 f OpenGLSettings.obj
 0001:0000c2b0       ??0progressObj@@QAE@XZ     0040d2b0 f OpenGLSettings.obj
 0001:0000c330       ??1progressObj@@UAE@XZ     0040d330 f OpenGLSettings.obj
 0001:0000c3a0       ?RecType@progressObj@@UAEHXZ 0040d3a0 f OpenGLSettings.obj
 0001:0000c3c0       ?RecName@progressObj@@UAEPADXZ 0040d3c0 f OpenGLSettings.obj
 0001:0000c3e0       ?TotalSize@progressObj@@UAEJXZ 0040d3e0 f OpenGLSettings.obj
 0001:0000c400       ?MakeEmpty@progressObj@@QAEXXZ 0040d400 f OpenGLSettings.obj
 0001:0000c440       ?RecData@progressObj@@UAEPAXXZ 0040d440 f OpenGLSettings.obj
 0001:0000c460       ?_GetDb@progressObj@@UAEPAVVistaDb@@XZ 0040d460 f OpenGLSettings.obj
 0001:0000c480       ??AprogressObj@@QAEAAV0@W4NavCtrl@@@Z 0040d480 f OpenGLSettings.obj
 0001:0000c4b0       ??AprogressObj@@QAEAAV0@AAVKeyObj@@@Z 0040d4b0 f OpenGLSettings.obj
 0001:0000c4e0       ??AprogressObj@@QAEAAV0@AAVDbAddr@@@Z 0040d4e0 f OpenGLSettings.obj
 0001:0000c510       ??EprogressObj@@QAEAAV0@XZ 0040d510 f OpenGLSettings.obj
 0001:0000c530       ??FprogressObj@@QAEAAV0@XZ 0040d530 f OpenGLSettings.obj
 0001:0000c550       ??EprogressObj@@QAEAAV0@H@Z 0040d550 f OpenGLSettings.obj
 0001:0000c570       ??FprogressObj@@QAEAAV0@H@Z 0040d570 f OpenGLSettings.obj
 0001:0000c590       ?Connect@progressObj@@QAE?AW4T_F@@AAVequipObj@@H@Z 0040d590 f OpenGLSettings.obj
 0001:0000c5c0       ?GotoSet@progressObj@@QAEAAVStoreObj@@AAVequipObj@@W4NavCtrl@@H@Z 0040d5c0 f OpenGLSettings.obj
 0001:0000c5f0       ?DisConnect@progressObj@@QAE?AW4T_F@@AAVequipObj@@H@Z 0040d5f0 f OpenGLSettings.obj
 0001:0000c620       ?Set@progressObj@@QAEHAAVequipObj@@@Z 0040d620 f OpenGLSettings.obj
 0001:0000c640       ??6progressObj@@QAEAAVequipObj@@AAV1@@Z 0040d640 f OpenGLSettings.obj
 0001:0000c670       ?MemberUsingSet@progressObj@@QAEAAVequipObj@@AAV2@H@Z 0040d670 f OpenGLSettings.obj
 0001:0000c6a0       ??0progressObj@@QAE@AAV0@@Z 0040d6a0 f OpenGLSettings.obj
 0001:0000c750       ??4progressObj@@QAEAAV0@AAV0@@Z 0040d750 f OpenGLSettings.obj
 0001:0000c7b0       ??_GprogressObj@@UAEPAXI@Z 0040d7b0 f OpenGLSettings.obj
 0001:0000c7f0       ??_EprogressObj@@UAEPAXI@Z 0040d7f0 f OpenGLSettings.obj
 0001:0000c860       ??0mprocObj@@QAE@XZ        0040d860 f OpenGLSettings.obj
 0001:0000c8f0       ??1mprocObj@@UAE@XZ        0040d8f0 f OpenGLSettings.obj
 0001:0000c960       ?RecType@mprocObj@@UAEHXZ  0040d960 f OpenGLSettings.obj
 0001:0000c980       ?RecName@mprocObj@@UAEPADXZ 0040d980 f OpenGLSettings.obj
 0001:0000c9a0       ?TotalSize@mprocObj@@UAEJXZ 0040d9a0 f OpenGLSettings.obj
 0001:0000c9c0       ?MakeEmpty@mprocObj@@QAEXXZ 0040d9c0 f OpenGLSettings.obj
 0001:0000ca00       ?RecData@mprocObj@@UAEPAXXZ 0040da00 f OpenGLSettings.obj
 0001:0000ca20       ?_GetDb@mprocObj@@UAEPAVVistaDb@@XZ 0040da20 f OpenGLSettings.obj
 0001:0000ca40       ??AmprocObj@@QAEAAV0@W4NavCtrl@@@Z 0040da40 f OpenGLSettings.obj
 0001:0000ca70       ??AmprocObj@@QAEAAV0@AAVKeyObj@@@Z 0040da70 f OpenGLSettings.obj
 0001:0000caa0       ??AmprocObj@@QAEAAV0@AAVDbAddr@@@Z 0040daa0 f OpenGLSettings.obj
 0001:0000cad0       ??EmprocObj@@QAEAAV0@XZ    0040dad0 f OpenGLSettings.obj
 0001:0000caf0       ??FmprocObj@@QAEAAV0@XZ    0040daf0 f OpenGLSettings.obj
 0001:0000cb10       ??EmprocObj@@QAEAAV0@H@Z   0040db10 f OpenGLSettings.obj
 0001:0000cb30       ??FmprocObj@@QAEAAV0@H@Z   0040db30 f OpenGLSettings.obj
 0001:0000cb50       ??5mprocObj@@QAEAAVeq_mproc_intObj@@AAV1@@Z 0040db50 f OpenGLSettings.obj
 0001:0000cb80       ?OwnerUsingSet@mprocObj@@QAEAAVeq_mproc_intObj@@AAV2@H@Z 0040db80 f OpenGLSettings.obj
 0001:0000cbb0       ?Members@mprocObj@@QAEJAAVeq_mproc_intObj@@H@Z 0040dbb0 f OpenGLSettings.obj
 0001:0000cbe0       ??5mprocObj@@QAEAAVmhist_mproc_intObj@@AAV1@@Z 0040dbe0 f OpenGLSettings.obj
 0001:0000cc10       ?OwnerUsingSet@mprocObj@@QAEAAVmhist_mproc_intObj@@AAV2@H@Z 0040dc10 f OpenGLSettings.obj
 0001:0000cc40       ?Members@mprocObj@@QAEJAAVmhist_mproc_intObj@@H@Z 0040dc40 f OpenGLSettings.obj
 0001:0000cc70       ??0mprocObj@@QAE@AAV0@@Z   0040dc70 f OpenGLSettings.obj
 0001:0000cd20       ??4mprocObj@@QAEAAV0@AAV0@@Z 0040dd20 f OpenGLSettings.obj
 0001:0000cd80       ??_GmprocObj@@UAEPAXI@Z    0040dd80 f OpenGLSettings.obj
 0001:0000cdc0       ??_EmprocObj@@UAEPAXI@Z    0040ddc0 f OpenGLSettings.obj
 0001:0000ce40       ??0mhistObj@@QAE@XZ        0040de40 f OpenGLSettings.obj
 0001:0000ced0       ??1mhistObj@@UAE@XZ        0040ded0 f OpenGLSettings.obj
 0001:0000cf40       ?RecType@mhistObj@@UAEHXZ  0040df40 f OpenGLSettings.obj
 0001:0000cf60       ?RecName@mhistObj@@UAEPADXZ 0040df60 f OpenGLSettings.obj
 0001:0000cf80       ?TotalSize@mhistObj@@UAEJXZ 0040df80 f OpenGLSettings.obj
 0001:0000cfa0       ?MakeEmpty@mhistObj@@QAEXXZ 0040dfa0 f OpenGLSettings.obj
 0001:0000cfe0       ?RecData@mhistObj@@UAEPAXXZ 0040dfe0 f OpenGLSettings.obj
 0001:0000d000       ?_GetDb@mhistObj@@UAEPAVVistaDb@@XZ 0040e000 f OpenGLSettings.obj
 0001:0000d020       ??AmhistObj@@QAEAAV0@W4NavCtrl@@@Z 0040e020 f OpenGLSettings.obj
 0001:0000d050       ??AmhistObj@@QAEAAV0@AAVKeyObj@@@Z 0040e050 f OpenGLSettings.obj
 0001:0000d080       ??AmhistObj@@QAEAAV0@AAVDbAddr@@@Z 0040e080 f OpenGLSettings.obj
 0001:0000d0b0       ??EmhistObj@@QAEAAV0@XZ    0040e0b0 f OpenGLSettings.obj
 0001:0000d0d0       ??FmhistObj@@QAEAAV0@XZ    0040e0d0 f OpenGLSettings.obj
 0001:0000d0f0       ??EmhistObj@@QAEAAV0@H@Z   0040e0f0 f OpenGLSettings.obj
 0001:0000d110       ??FmhistObj@@QAEAAV0@H@Z   0040e110 f OpenGLSettings.obj
 0001:0000d130       ??5mhistObj@@QAEAAVmhist_mproc_intObj@@AAV1@@Z 0040e130 f OpenGLSettings.obj
 0001:0000d160       ?OwnerUsingSet@mhistObj@@QAEAAVmhist_mproc_intObj@@AAV2@H@Z 0040e160 f OpenGLSettings.obj
 0001:0000d190       ?Members@mhistObj@@QAEJAAVmhist_mproc_intObj@@H@Z 0040e190 f OpenGLSettings.obj
 0001:0000d1c0       ?Connect@mhistObj@@QAE?AW4T_F@@AAVequipObj@@H@Z 0040e1c0 f OpenGLSettings.obj
 0001:0000d1f0       ?GotoSet@mhistObj@@QAEAAVStoreObj@@AAVequipObj@@W4NavCtrl@@H@Z 0040e1f0 f OpenGLSettings.obj
 0001:0000d220       ?DisConnect@mhistObj@@QAE?AW4T_F@@AAVequipObj@@H@Z 0040e220 f OpenGLSettings.obj
 0001:0000d250       ?Set@mhistObj@@QAEHAAVequipObj@@@Z 0040e250 f OpenGLSettings.obj
 0001:0000d270       ??6mhistObj@@QAEAAVequipObj@@AAV1@@Z 0040e270 f OpenGLSettings.obj
 0001:0000d2a0       ?MemberUsingSet@mhistObj@@QAEAAVequipObj@@AAV2@H@Z 0040e2a0 f OpenGLSettings.obj
 0001:0000d2d0       ??0mhistObj@@QAE@AAV0@@Z   0040e2d0 f OpenGLSettings.obj
 0001:0000d380       ??4mhistObj@@QAEAAV0@AAV0@@Z 0040e380 f OpenGLSettings.obj
 0001:0000d3e0       ??_GmhistObj@@UAEPAXI@Z    0040e3e0 f OpenGLSettings.obj
 0001:0000d420       ??_EmhistObj@@UAEPAXI@Z    0040e420 f OpenGLSettings.obj
 0001:0000d4a0       ??0mhist_mproc_intObj@@QAE@XZ 0040e4a0 f OpenGLSettings.obj
 0001:0000d520       ??0mhist_mproc_intObj@@QAE@AAVSetObj@@@Z 0040e520 f OpenGLSettings.obj
 0001:0000d5a0       ??0mhist_mproc_intObj@@QAE@AAVmprocObj@@@Z 0040e5a0 f OpenGLSettings.obj
 0001:0000d630       ??0mhist_mproc_intObj@@QAE@AAVmhistObj@@@Z 0040e630 f OpenGLSettings.obj
 0001:0000d6c0       ??1mhist_mproc_intObj@@UAE@XZ 0040e6c0 f OpenGLSettings.obj
 0001:0000d730       ?RecType@mhist_mproc_intObj@@UAEHXZ 0040e730 f OpenGLSettings.obj
 0001:0000d750       ?RecName@mhist_mproc_intObj@@UAEPADXZ 0040e750 f OpenGLSettings.obj
 0001:0000d770       ?_GetDb@mhist_mproc_intObj@@UAEPAVVistaDb@@XZ 0040e770 f OpenGLSettings.obj
 0001:0000d790       ??Amhist_mproc_intObj@@QAEAAV0@W4NavCtrl@@@Z 0040e790 f OpenGLSettings.obj
 0001:0000d7c0       ??Amhist_mproc_intObj@@QAEAAV0@AAVKeyObj@@@Z 0040e7c0 f OpenGLSettings.obj
 0001:0000d7f0       ??Amhist_mproc_intObj@@QAEAAV0@AAVDbAddr@@@Z 0040e7f0 f OpenGLSettings.obj
 0001:0000d820       ??Emhist_mproc_intObj@@QAEAAV0@XZ 0040e820 f OpenGLSettings.obj
 0001:0000d840       ??Fmhist_mproc_intObj@@QAEAAV0@XZ 0040e840 f OpenGLSettings.obj
 0001:0000d860       ??Emhist_mproc_intObj@@QAEAAV0@H@Z 0040e860 f OpenGLSettings.obj
 0001:0000d880       ??Fmhist_mproc_intObj@@QAEAAV0@H@Z 0040e880 f OpenGLSettings.obj
 0001:0000d8a0       ?Connect@mhist_mproc_intObj@@QAE?AW4T_F@@AAVmprocObj@@H@Z 0040e8a0 f OpenGLSettings.obj
 0001:0000d8d0       ?GotoSet@mhist_mproc_intObj@@QAEAAVStoreObj@@AAVmprocObj@@W4NavCtrl@@H@Z 0040e8d0 f OpenGLSettings.obj
 0001:0000d900       ?DisConnect@mhist_mproc_intObj@@QAE?AW4T_F@@AAVmprocObj@@H@Z 0040e900 f OpenGLSettings.obj
 0001:0000d930       ?Set@mhist_mproc_intObj@@QAEHAAVmprocObj@@@Z 0040e930 f OpenGLSettings.obj
 0001:0000d950       ??6mhist_mproc_intObj@@QAEAAVmprocObj@@AAV1@@Z 0040e950 f OpenGLSettings.obj
 0001:0000d980       ?MemberUsingSet@mhist_mproc_intObj@@QAEAAVmprocObj@@AAV2@H@Z 0040e980 f OpenGLSettings.obj
 0001:0000d9b0       ?Connect@mhist_mproc_intObj@@QAE?AW4T_F@@AAVmhistObj@@H@Z 0040e9b0 f OpenGLSettings.obj
[...]
FIXUPS: 32c40 36 1f 29 c 1c a 9 e e 13 e 34 e 1a 9 12 7 1f 57 fffff9c0
FIXUPS: 327f8 9 8 3a 11 e 8 c 11 1c 31 c 1a 16 16 13 13 e e 16 17 b 33
FIXUPS: 329f3 8b 29 c c c 9 c fffff71b e fb 1c b 5 e 5 e 7 91 a 3b 9 13
FIXUPS: 32491 9 36 1e 1b 54 9 f 19 11 1c 12 10 b 96 1b 86 fffff007 1a 1d
FIXUPS: 31a6e 1c 2d b 68 15 12 12 17 63 f f 9 b 51 9a f f 9 b 70 b 13 9
FIXUPS: 31dd1 8 f b cb 3968 1f 19 14 19 22 14 19 1b9 39 6c 53 74 53 2c
FIXUPS: 35caa 2d 1d 4f 2f 17 19 1a e 20 17 19 35 11 25 ffffb882 5 3bf2
FIXUPS: 35323 26 2a 17 32 45 2f 38 19 6c 2f 38 19 65 37 17 19 1a e 20 17
FIXUPS: 356b1 20 29 14 3b 9 27 17 19 34 bfa c b 51 22 20 1e b 17 32 b 51
FIXUPS: 36571 20 1e b 17 32 b 51 1d 13 1e 19 1c 37 b 34 ffffeb30 17 22
FIXUPS: 352f0 de5 19 1c 1c 13 1e 19 1c 1c 13 1e 19 1c 1c 13 1e 17 21 20
FIXUPS: 362d1 b 17 10 1d 1e b 17 3b c c c c 843 b 27 1b 14 f f 1c e 16
FIXUPS: 36ce0 9 8 1f 13 fffff1ba 22 20 1e b 17 32 b 51 18 1d 13 1e 19 1c
FIXUPS: 360a4 13 804 53 c f f 1c e 16 13 9 1e e 13 e 20 f 37 e 16 1b 1b
FIXUPS: 36ab1 37 1e 2c 7 8 19 3c 1b 12 10 4df b 1ad 18 63 2c b 24 13 68
FIXUPS: 373c6 2a 13 38 60 b 2a 13 fffff2bb 12 12 12 12 20 22 f f c 9 b
FIXUPS: 3688f 15 227c 2e 13 1f 4b 1d 1d 1f 38 8e 5d 18 10 8c 4b ffffdf1f
FIXUPS: 36d91 b 5e b 22 1c ae 40 45 13 b ae 13 1d c 27 15d2 1c c 22 19
FIXUPS: 386f7 7 f 7 11 e e 66 15 13 16 60 21 65 f 57 28 31 16 29 d1 10
FIXUPS: 38aba 14 14 19 17 fffff09f 82 19 13 168 52 1a6 94 43 4e 1cd c 8
FIXUPS: 382d3 11 58 bd 8e 17 6d 32 13 10 13 3a 14 1f 28 c 16 d e ffffeff0
FIXUPS: 3764a 19 2e 14 15 7e 15 10 1f b 12 1c 1f 15 15 17 e d 14 67 1c
FIXUPS: 378f5 21 15 7 5 6c 12 11d 13 6b 2c07 1d 15 27 15 a 24 1c 1c f 19
FIXUPS: 3a895 20 18 23 19 61 c 3a 9 49 9 b 25 25 34 7 25 7 ffffcb15 1d
FIXUPS: 3760e 2d43 16 16 b 1d 15 2d 15 a 24 1c 1c 12 22 51 26 18 2f 19
FIXUPS: 3a5d8 1e c 3b 11 4f 9 9 b 37 11 d 7 fffff59d 30 2d a9 87 57 1a
FIXUPS: 39ed8 cb 25 59 28 69 32 44 41 c 9 b 20 19 24 7f 11 d 7 16 15 3c
FIXUPS: 3a30a 21 10 fffff2fe 17 b 19 b 39 15 17 15 17 1a 31 18 7 5 ce 61
FIXUPS: 39924 7a 13 10 1a b 10 11 b 7 1b 27 17 18 17 137c 1d 14 4d 6f ffffe082
FIXUPS: 3901c 182 76 145 10 7 11 22 24 13 2e 37 13 19 15 40 19 19 39 2d
FIXUPS: 3956f 22 24 13 23 39 1f65 f f f f f c 9 b 93 81 f f f f f f f f
FIXUPS: 3b78c 9 b 50 13 fffff3bb 11 91 38 38 38 38 ce 2483 25 25 25 25
FIXUPS: 3d350 13 ffffdfbb 12 12 12 12 12 12 12 12 12 12 14 1b 21 21 21
FIXUPS: 3b485 21 21 21 21 21 32 f f 1926 15 11 13 13 13 13 13 14 43 21
FIXUPS: 3cfab 68 e b c 29 15 13 24 b b 2f 15 c c c c c b 22 fc fffff9be
FIXUPS: 3cc3e 11 11 13 13 21 b 2e c c 9 b 22 11 11 11 11 11 11 11 13 13
FIXUPS: 3cdde 13 13 13 20 15 15 15 15 fffff8c4 d 42 c c 3b 20 8 15 14 d
FIXUPS: 3c85a 1a b 1c 1b c 12 7a 7 1c 1c a9 13 13 13 8 104 23 23 23 23
FIXUPS: 3c4e8 2e c c c c c c c c 9 b 39 d 20 13 e 25 14 e 2a 8 29 12 7
FIXUPS: 3c6d6 e 9 7 19 9 b fffff895 b 2f 12 11 15 14 11 26 3c 8 11a 36
FIXUPS: 3c221 12 9e 7 15 1c 1c 85 13 13 13 13 b 5 56 16 27 b b fffff7d7
FIXUPS: 3bc92 c 9 b 3f 26 2a b b c 29 1a 14 15 18 24 19 26 2c 14 19 26
FIXUPS: 3bef5 19 26 d b 1a b 13 27 fffff8ed 6d 15 2f 9 b 71 9 b 26 9b 26
FIXUPS: 3baf3 b b c 29 12 12 11 21 8 15 14 11 8 1a 23 b 1c 13 25 1702b
FIXUPS: 52cf3 14 42 39 3bc 1f ad 144 18 5d 31 19 120 54 24d 31 1e 19 26
FIXUPS: 5387d fffe9b28 18 1c b 5e b b3 13 ffffe331 1c 2d 165b5 15 21 c
FIXUPS: 51e8e 34 30 13 66 e b3 17 11 42 19 28 25 270 122 1b e6 32 29f 1f
FIXUPS: 52907 106 1ce 12 18 16 16 63 ffffe954 63 3d 62 16 80 20 f 34 39
FIXUPS: 51855 299 21 19 19 19 19 33 30 30 10 13 64 e 64 19 f e b4 29 13
FIXUPS: 51e36 fffff1ca 1c 13 12 15 48 23 10 5e ab 4c 23 10 75 2c 24 c 13
FIXUPS: 5134f 3c 16 16 16 2a 71 11 11 11 1e 7a 52 3f fffff388 7e 15 70
FIXUPS: 50a8d 28 1a 3e 18 e 3a 42 f f 4a e 45 13 1e 10 40 1a 29 21 10 33
FIXUPS: 50db3 23 83 25 89 ed fffff457 29 24 1d 24 16 16 10 10 2c 1c 75
FIXUPS: 50620 13 12 94 e 53 1d 21 2b 10 16 c c 13 46 13 6a e 6d e fffff4c6
FIXUPS: 4fe1b 15 15 f f f f f f 12 278 2f 2f 2f 2f 2f 30 1d 34 16 2d 1d
FIXUPS: 50329 16 2d 16 2d 16 2d 16 2d ffffed92 11 39 cb 16 195 221 17 13
FIXUPS: 4f770 18 d0 38 49 16 195 10c 17 13 49 79 47 12 12 12 18 18 18 68
FIXUPS: 4fdc5 17 15 ffffe147 30 2d 11a 79 18 c 7f 1b 36 27 11 14 11 1a
FIXUPS: 4e2aa 14 748 4c2 14 14c 8f 15 12 15 18 1b 40 11 11 11 17 ffffd9ac
FIXUPS: 4cc19 b8 7d 8c 7d 41 33 5c 38 31 17 13c 2e 41 12a 686 17 43 30
FIXUPS: 4d9ad 30f 53 18 14 f f 58 bb 83 1a 16 ffffd105 1af 39 17 13f 943
FIXUPS: 4bfa8 c7 127 e6 1b 12 18 95 24 15 15 76 4a e2 a0 1e3 14 26 17 1a
FIXUPS: 4c85a 18 38 43 20 1d6 ffff9312 1c 12 e9 3a 21a 3fc8 12f a8 200
FIXUPS: 4a58a 2d c1 6f 32 22f 2e 91 12 18 12 12 29 2e 1c 12 15 15 287 11
FIXUPS: 4adad 16b ffffa35d 22 e bd 22 e 52 e 28 e 12c 30 e 60 40 48 e 10f
FIXUPS: 457ab 156 4e f2 63 11 14 14 11 1cf 28 2d 1b 9a ffffea0f 20 1ab
FIXUPS: 44a07 e 48 1e e b f3 163 64 1e e b 2a e 41 38 1e e b 2a e 12b 18
FIXUPS: 450a5 12 f e2 22 e ffffe507 15 12 15 18 18 c 26 1a 11 14 11 1f
FIXUPS: 43806 17 7c 17 ac 549 3bd 174 17 14 10d a6 5a e5 38 f 36 f 36 ffffe1a4
FIXUPS: 42971 16 10 1b 10 10 c 44 de 13 1b 2bc 14 14 48 1f 13 14 17 1b
FIXUPS: 42eea 14 11 1a 17 49d 17 57 62 190 8a ffffe2b0 28 17 37 1e f 7b
FIXUPS: 41acb ad 33 402 1d cc df 18 16 10 1b 10 10 c 57 1e 11 7b 36 ad
FIXUPS: 4241f 7e 2a2 1d cc ffffe919 9b 18 20 25 25 25 f1 7b 10d 1f 16 2b
FIXUPS: 41586 e4 2f 21 10 3e 56 2b 18 17 1b 40 28 1d 3b 2c 33 20 25 ffffdc5a
FIXUPS: 3f615 44 b50 17 11 1b 77 186 1f 12 1d 12 33 1d 17 11 7c 410 1f
FIXUPS: 409f4 1ee 12 18 46 f 23 19 171 15 1ec 118 ffffda25 16 16 12 12
FIXUPS: 3ebb6 16 fd 40e 100 17 4a 18 ce 17 17 17 17 17 1b 17 17 1b 31 17
FIXUPS: 3f45e 7c 13 2d 1b 19 28 ffffe931 11 365 9e 11 1b 61 10 1d 12 12
FIXUPS: 3e3ab 18 18 12 5e f 10b 43 2d f 10b 43 59 15 19 11 a6 11 16 24f
FIXUPS: 3eafe 14f15 fffe9b35 ce de 13 1b 30 24 10 14 14 1f c1 ca 11 11
FIXUPS: 3d98b 17 17 11 3db 18 12 12 18 18 12 23 11 11 11 17 16495 60 b
FIXUPS: 543f0 13 fffff6e8 1d 20 80 203 1b 16 c 2e c c 147 e d 2b c 3d 3a
FIXUPS: 5411b d7 fffff6d3 18 1c b 5e b 93 1781 18 fffff688 f4 3b 58 3b
FIXUPS: 54a7c 1c 15 c 48 c c b1 b4 fffff7af 1d 1c 21 1e 15 18 1b 56 1d
FIXUPS: 54567 fffffd0a 2c b 46 2c b9a e 2e 19 e e e e e e 2e 19 14 e e
FIXUPS: 55002 1f 11 1a 11 1d 4a 1f 11 11 11 11 1b 7 14 7 16 204f 43 13
FIXUPS: 57242 23 1e 15 13 23 23 1e 12 17 20 12 d 10 e 51 47 cd ffffd7a8
FIXUPS: 54d99 26 21 26 19 e e 2e 19 19 1e5d 34 18 18 18 13 23 20 25 19
FIXUPS: 56e18 10 c 18 9 e3 c d f 13 10 e 37 28 3a 18 18 18 4f 8d 20 28
FIXUPS: 5695b 1d c 1b f 13 e 37 28 3a 18 18 18 13 23 23 23 23 25 1c 19
FIXUPS: 56bc2 19 13 c 1b f 13 e 37 28 2c fffff8bd 13 e 37 28 3a 18 18 18
FIXUPS: 566a2 23 23 23 2c 19 19 1d c 1b f 13 e 37 28 3a 18 18 18 13 20
FIXUPS: 56914 2d fffff8ce 18 18 13 20 23 13 c 1b f 13 e 3a 28 34 18 18
FIXUPS: 563dd 13 20 23 23 28 13 23 20 37 1e 1e 16 c 18 fffff7cd 2e 13 2d
FIXUPS: 55dea 2e 4b 1a e1 d 14 17 37 28 34 18 18 18 13 23 20 26 10 10 c
FIXUPS: 56131 c 13 e 37 28 3a fffff593 14 7 14 7 13 13 6 16 c f b 7 5a
FIXUPS: 558a9 18 ed 1b 24 e 28 f 13 1a6 13 2c 2d 2d 2e 13 2d 2e 58e5 18
FIXUPS: 5b666 3c 48 b 88 49 2f 72 2a ffff9bcf 1d 67 3a 22 1c 18 2d 37 28
FIXUPS: 5563d 18 15 15 18 5d f b 22 1e 1c 56e1 2a 6b 13 42 2c b 33 fc 25
FIXUPS: 5b1a2 c 9 b a3 6b b 8f 2f 10c 1e b 26 8 17 32 12 25 c 28 13 27
FIXUPS: 5ab76 38 f b c d c 11 1a 1c d 8 c 8 25 2b 4a 8 9 11 c 19 b 28 16
FIXUPS: 5ad99 1e 36 16 12 f 1c fffffa81 2e 32 15 1a 8 7 1e 2c 7 8 19 12
FIXUPS: 5a9f3 17 d 10 3b b 28 15 2b 8 6 e 6 b 2a 28 8 6 e fffff76c 77 12
FIXUPS: 5a374 19 f d 13 2b b e b b 14 3e 21 b 1f b 37 1c 1c 34 73 2b 10
FIXUPS: 5a61a e f 2c c b fffff5b1 1c 26 25 27 26 27 26 27 49 38 4a 24 a
FIXUPS: 59e6b 1d 21 4b 15 16 b b 12 2f 17 b a7 229 b b 35 c fffff5a8 b
FIXUPS: 59881 9 19 f 11 8 c 20 2f 5 10 e 24 14 1f 3f 19 c d 10 7b 51 48
FIXUPS: 59b3d 26 1b 27 1c 27 1c fffff95b 2e 8 14 e e 2d 27 27 27 27 27
FIXUPS: 596dc 27 1e b b b c a 9 b a 16 9 25 9 d 15 c 20 36 fffff975 b d8
FIXUPS: 592b2 5 15 2b 8 6 e 6 b c 20 8 c d 2a 4c 20 3d 32 3e 5 15 2b 8
FIXUPS: 59507 e 6 b c fffff8dd 16 39 1b 1c 88 1c 31 c 1a 16 20 17 b 3a
FIXUPS: 5902d c 4e 21 12 c 20 c 9 1d c 9 31 c c 19 b fffff90c 18 13 d 15
FIXUPS: 58b02 25 c b 40 1d 19 b 2e e 17 f e 15 26 e 20 1f 2f 15 13 b 32
FIXUPS: 58d56 23 1c 58 fffff781 c 14 2e 8 b cb 14 2e 8 b cb 14 2c 2c 2c
FIXUPS: 5885a 7c 45 11 b 3e 4b 18 b 36 12 b b c 12 23 fffff855 f 9 9 10
FIXUPS: 5832b 1c 16 17 1b f 8 15 5 15 18 5a 15 e a 8 15 12 19 15 19 b 2c
FIXUPS: 58526 19 a 19 fffffac6 c b 18 10 18 15 9 9 19 14 9 b 17 15 20 16
FIXUPS: 58160 15 2d 13 d f 33 9 25 11 f 33 9 23 13 fffffa10 a 12 c 9 b
FIXUPS: 57d9a d 7 e 17 16 d 11 10 1b 10 34 48 f c 9 b d5 b b 8 c a 9 b
FIXUPS: 58012 fffff8d3 db 12 d 10 c e 9 7 11 10 e 36 1c 2d b 68 12 f b
FIXUPS: 57b76 15 44 1c 34 f 12 9 f 10 16 22 3dac b 26 53 13 ffffba64 1d
FIXUPS: 57583 21 2f 15 14 7 28 37 f d 12 12 1c 12f c e 7 15 13 1d 18 a
FIXUPS: 5789d 32 5 4676 2f 8c 1e b 26 8 17 32 12 25 c 28 13 47 b 88 1d
FIXUPS: 5c235 18 2a 2a fffff8d5 24 24 fffffd36 1c 2d b 6f 2c b 912 2d b
FIXUPS: 5c3a7 2c b 5e b 26 53 13 fffff727 18 1f b 5e 7 1c 7 8 7 10 7 4b
FIXUPS: 5bd40 49 c 4b 13 72 6b b 1625 13 52 1e b 29 29 13 2d ffffef04 c
FIXUPS: 5c54e b 2e 2b 2a 2b 2a 2b 2a 2b 2a 2b 2a 2b 48 2b 2a 2e 2c 45 fffffa4d
FIXUPS: 5f926 3c 48 b 88 29 2f 72 2a ffffd674 12 11 1c b 48 1e b 77 25
FIXUPS: 5d316 74 1a 32 1a 19 9 9 b 31 3e 36 b 1e2a 13 2d 13 63 41 b 86
FIXUPS: 5f4cb b 2a 20 35 6b b 8f 2f dc 1e b 26 8 17 32 12 25 c 28 13 27
FIXUPS: 5f8c5 18 fffff60f 43 19 27 16 1d 12 1e e 16 1d 2e 2e 15 10 10 d
FIXUPS: 5f0d0 15 10 10 d 15 10 10 d 81 2c b 24 13 8d fffff796 2c c 8 1b
FIXUPS: 5eb0b 19 19 8 7 1f 3a e 17 13 e e 7d 19 e 8 1e 13 24 13 34 f 7f
FIXUPS: 5ede3 43 4d 6a fffff7ee 10 29 38 4d 10 18 10 17 17 a 8 11 19 2c
FIXUPS: 5e883 d e 21 8 3e 7 1f 3a 28 8 13 e 2d 34 1c a fffff6c5 25 16 39
FIXUPS: 5e17c 2e 17 17 2d d e 1e 74 6 a 28 41 19 b 28 f 19 d 9 126 c4 16
FIXUPS: 5e5c2 27 56 34 50 fffff620 b 10 26 15 d 29 28 9 1a 24 28 9 16 16
FIXUPS: 5de55 2b 3e 1a 35 3f 30 2e 10 1b 16 30 2e 17 17 43 e fffff84f f
FIXUPS: 5d935 f f f c 9 b 26 12 17 17 14 17 76 1d 8 c5 38 c 8 21 b 23 11
FIXUPS: 5dc57 c 8 21 b 23 2416 cf d7 8f 65 c b 4f 58 6f 41 ffffd1e6 12
FIXUPS: 5d6e2 12 12 12 14 20 20 2b f f f f f c 9 b 6c 16 1d 38a0 1f 17
FIXUPS: 6118e 18 a 3e 18 c b 1c b 2c 13 72 9 b ffffe85b 25 25 25 3b 12
FIXUPS: 5fc8f cf 183 b4 66 c b 3d 12 d5a d 46 12 2a 12 2a 12 53 4e d 14
FIXUPS: 60f67 14 d 14 d 25 c b 31 d 14 d 14 d 14 e 33 37 13 21 fffff5db
FIXUPS: 60717 17 17 6e 2b 72 e8 16 a 26 41 21 20 51 20 51 15 f f 1c 3d
FIXUPS: 60b7a c b 29 5c 12 12 49 6b 70 921 fffffcd6 18 1c b 5e b 83 13
FIXUPS: 6053e 12 12 12 12 12 12 20 13 13 13 13 22 f f f f c 9 b 29 15 17
FIXUPS: 62059 15 15 1d 30 13 fffff8ad 29 83 fffffd38 1c 2d b 6f 2c b 5e
FIXUPS: 618d7 26 53 13 fffffb72 15 31 19 20 26 9 5c 50 15 21 ffd 37 c 9
FIXUPS: 626ba b 2b 13 fffff69b 12 15 1f 9 b 25 22 15 c8 b 1a d b c 6 1e
FIXUPS: 61f9c 19 b 22 27 1a 18 2e6 10 2c b 83 1a 11 11 b 15 c b f 11 e
FIXUPS: 62498 b 16 18 62 d e b 4b b 17 13 26 17 13 26 8 5ac1 56 17 211
FIXUPS: 68488 ffffa2dd 15 15 15 15 15 15 15 15 fffff951 12 b 12 20 22 c
FIXUPS: 621e4 b 29 15 17 6e 1a 12 b 10 b 411b 1b be fd 158 21 140 21 169
FIXUPS: 66a67 11 ab d1 b5 1f8 17 295 13 13 55 163 57 2b 13 13 13 1ff 56
FIXUPS: 67971 34 67f e4 ffffd1e7 27 1d 1a 10 18 2e 37 25 17 25 22 1c 37
FIXUPS: 65582 d5 e 1b e 1ff db e 1b e 1dc 1d 541 34 95 41 173 a2 ffffe167
FIXUPS: 6458f 33 35 53 11 46 7f 2a 11 11 13 1b 18 18 10 10 10 2b a0 1a
FIXUPS: 64a2e 4e 32 74 43 176 1ac 197 9a 4d 1c9 ffffe6d1 1c 258 23 6b 93
FIXUPS: 63e1d 13 73 13 1c 35 2f 28 3b 1f c 26 1a 29 28 17 b3 41 26 36 77
FIXUPS: 64294 7b 9d 61 10e ffffe9ed de 13 1b 42 de e2 13 10 14 14 22 13
FIXUPS: 632a9 26 13 67 8a af f f 2b 2b 109 f b3 eb 10 7f 39 26 eb 4bed
FIXUPS: 68597 4e f b 3d 1d f a 1c 3c c b 4a 4b b 35 38 3f 36 16 ffff9fc5
FIXUPS: 62aae 13 e2 5b 176 14 14 22 111 13 5d4e 3a 3c 37 3c 37 3c 37 3c
FIXUPS: 68e34 37 56 f 1e b 3b 53 f 1e b 3b 37 4a 23 b 59 b fffff3f6 2c
FIXUPS: 68540 13 15 16bb2 242 10 10 109 12 12 12 12 18 18 18 10 fffe9393
FIXUPS: 688e2 2b 2a 2b 2a 2b 2c 2b 2a 2b 2c 2b 2a 35 39 39 30 3e 15ea2
FIXUPS: 7eb19 1e 12 12 12 12 18 18 18 3e f 1b c 55 11 1d 10 10 11 1d 12
FIXUPS: 7ee1f 17 11 11 11 11 17 17 112 aa fffff06d 19 3e2 1b 103 37 1d
FIXUPS: 7e64a 81 25 3f 23 18 10 15 57 1f 24 14 10 31 10 47 e 17 11 11 11
FIXUPS: 7e944 17 ea 20 ffffe0c5 2e 12 10 3b 17 11 f2 88 5b 13 11 3a7 29f
FIXUPS: 7d467 20 18 64 24 1d 13 11 13 fe 42 90 10 43 17 11 1f6 261 ffffdf21
FIXUPS: 7bb51 10 21 1dd 10 10 12b 23 18 10 23 17 11 e6 88 5b9 c4 1c1 20
FIXUPS: 7c924 64 24 1d 13 11 13 75 51 1c 24 14 ffffe69b 2f 19 11 14 18
FIXUPS: 7b308 424 91 3a 10 10 2c 19 32 27 1a 24 15 54 1f 24 14 10 49 10
FIXUPS: 7ba44 13 35 45 49 11 fffff0a7 14 23 3f 1d 26 10 19 2d 23 18 10
FIXUPS: 7ad81 29 13 11d 21 e 25 10 12 16 14 16 119 21 e 13 13 10 17 35
FIXUPS: 7a38e 13 10 10 13 e 1df 10 10 f6 10 10 10 10 10 10 10 21 47 14
FIXUPS: 7a7d2 49 11 13 13 10 1d0 10 10 f6 22 24 fffff0b6 c b3 112 1e 21
FIXUPS: 79e75 21 10 10 96 10a 1e 21 21 21 10 10 c e1 57 e 11 13 54 e 16
FIXUPS: 7a2f8 54 e 13 10 fffff102 1f 7a 10 10 13 10 15 16 30d 12 12 18
FIXUPS: 798f6 41 1d 30 23 18 10 36 1f 38 12 6b 5f 25 1d 10 5f 28 20 ffffea28
FIXUPS: 786fc 18 13 16 13 66d 19 331 15 f 12 13 1b 7a 23 3d 20 33 12 35
FIXUPS: 792ee 15 f 12 f 12 5b 23 18 10 65 ffffec8f 80 12 18 25 2c 25 2d
FIXUPS: 7824f 18 10 3a 12 17 17 17 93 12 17 17 17 71 43 76 3b 26 53 13
FIXUPS: 7860d 13 e 1a ffffe805 10 10 fa 17 11 15 15 99 14 f 74 4d 2c 91
FIXUPS: 77239 10 10 11 70 13 b0 17 6f 13 2e4 b6 688 193 23 17 64 ffffe73d
FIXUPS: 76819 7d 12 18 16 10 10 14 25 31 30 23 18 10 33 3b 3a 25 22 1c
FIXUPS: 76b05 86 48 45 11 13 13 10 1b6 14 14 ffffe6e1 14 23 3f 2c 15 1f
FIXUPS: 75607 15 45 11 1b 1f6 13 14 1a 13 1db 11 13 10 14 1e 1e 6d 17 11
FIXUPS: 75dc5 7f4 18 1c3 20 ffffd45a 12 68 45 30 17 11 1077 20 18 29 27c
FIXUPS: 75096 12 10 17 1c 1c 67 25 26 4d 48 45 11 13 13 10 183 10 10 10
FIXUPS: 729e3 22 3b 1b 40 89 14 24 25 69 43 47 12 11f 35 18 50 20 26 aa
FIXUPS: 72f49 24 25 2b 29 17 11 a95 20 18 29 9c ffffe55e 20 10 1d 10 2ef
FIXUPS: 7245a 16 f 23 10 20 13 1a0 13 10 14 18 10 16 1c 4e 29 51 18 26
FIXUPS: 72832 bd 13 c f a2 ffffeb6a 6f 31 fb 72 3ca 20 18 189 12 1d 12
FIXUPS: 71d16 15 25 29 17b 27 29 15 15 f f f 3a 89 14 2a 10 1d 10 16 ffffdfb9
FIXUPS: 700bc 23 42 2c 15 2b 16 16 eb 5d 17 11 376 195 48c 5f4 20 18 64
FIXUPS: 7137f 12 51 15 5a 23 18 26 10 19 26 17 ffffcc04 17 11 25 39 11f
FIXUPS: 6e45c b13 20 18 5e 24 17 18 42 29 17 11 b9 31 147 ab 5a 19 8b6
FIXUPS: 6fd10 18 1e9 24 1d 64 2b ffffcec2 18 7f 27 17 18 16 10 3f 50 51
FIXUPS: 6d0bc 12 5d 17 11 1d4 1e8 58c 1c 1f 28 1fe 113 26 2a 17 18 2a 193
FIXUPS: 6e0a2 23 ffffd572 14 f3 113 17 fc c6 505 20 18 23 94 22 15 13 17
FIXUPS: 6c08f 9c e4 1f2 12 13 3a 9e 11 17 a2 124 140 f1 97 4cf ffffd5d8
FIXUPS: 6a46e 29 e a5 4b 11 17 102 82 208 32e 16 590 20 18 23 4d 17 12
FIXUPS: 6b306 10 10 10 7c 13 29 e a5 27 11 17 ffffe80c 10 10 20 16 19 18
FIXUPS: 69dc1 28 1f 1b 1d 25 1f 1b 1d 10 10 36 17 14a 23 32 17 11 1f5 20
FIXUPS: 6a31d 5e 24 17 18 fffff5e7 13 10 20 16 19 18 1c 28 1f 1b 1d 25
FIXUPS: 69b1e 1b 1d 10 10 66 1e 1e 1e 14 13 18 10 10 13 10 13 e 13 fffff8e5
FIXUPS: 695e5 1b 10 10 2a 1b 12 2d 1a 19 18 10 24 19 18 18 13 34 42 4d
FIXUPS: 69859 35 13 17 1c 26 1b 1d 1d 42 13 15bd9 1c b 5e b a3 13 fffe9a6b
FIXUPS: 691d3 10 5c 6c 20 15 11 13 10 2a 1b 10 11 13 10 22 13 87 35 10
FIXUPS: 694b2 96 57 17 1729e 1e 2e 13 5f b fffff014 1c 2d b 68 2c b 23
FIXUPS: 7fab4 b 52 2f 13 fffffbb1 1c 2d b 6f 2c b 5e b 26 53 13 fffffc72
FIXUPS: 80459 10 20 38 44 10 a 8 8 10 2c 38 d 10 c b 22 1e 7 8 2f f 13
FIXUPS: 80686 42 19 14 a8 14 19 f 38 fffff6b6 11 2c 3f 30 2e 43 e 24 10
FIXUPS: 8003c 2b 6 20 6 1f 18 25 38 13 b 28 f 19 d 9 126 97 24 47 2e 50
FIXUPS: 81099 10 10 10 10 10 10 b c7 7 4e 13 ffffe96b 2c b 29 77 86 15
FIXUPS: 7fd2b 25 33 25 15 1b 20 1b 1b 1f 9 11 22 ca9 17 17 17 17 52 9 f
FIXUPS: 80c07 f 105 7 f 13 13 13 17 1b e 13 25 c 1d0 17 1b 10 45 7 d 10
FIXUPS: 81079 10 9ec 12 b 28 13 8 11 e 25 1a 19 26 f8 19 54 7 33 1e 31
FIXUPS: 81d73 5f b ffffeb81 107 b 29 15 15 15 15 17 17 13b5 13 5f b fffff331
FIXUPS: 812dc b 29 15 50 7f 12 bf 84 93 5f 19 2a 25 12 b5 34 35 f 7c 11
FIXUPS: 818c9 74 1c a0 28 3b 8b7 47 20 23 23 8 32 c b 7e 72 10 fffffa74
FIXUPS: 81f9d 1c b 50 13 21 b 34 12 b5 95 21 11 4b 13 fffffbab 2c b 29
FIXUPS: 82b6a 2a 2b 2a 2b 2a 2b 48 2b 2a 2b 2a 2b 2a 2b 2a 2b 2a 2b 2a
FIXUPS: 82eda 2a 2e 2c 2c 2c 2c fffff2d6 f 11 16 a 324 47 c 1e b 2e 2b
FIXUPS: 82739 2b 2a 2b 2a 2b 2a 2b 2a 2b 2a 2b 2c 2b 2c 2b 2c 2b 2c 2b
FIXUPS: 82a95 2b 2a 2b 2a 7a8 b 29 15 15 15 15 17 17 17 17 17 17 17 17
FIXUPS: 83477 e a f1 25 f2 a b 28 2c 13 fffff91a fffff51b 2a 2b 2a 2b 14f2
FIXUPS: 83af3 9 b 26 17 17 91 17 1a 12 b 10 b 3c 12 b 2c b 3a f 19 b 2e
FIXUPS: 83d93 bc c 9 b fffff32f 15 12b 1083 c 48 c c 8e 91 fffff268 1c
FIXUPS: 8379d b 78 18 15 26 36 2c 3d 12 1a c f 10 16 31 3a d 15 12 c b
FIXUPS: 83a9f 12a9 3b 53 f 1e b 3b 37 4b 23 b fffff62c 18 1c b 5e b 1a3
FIXUPS: 84783 fffff718 1da 78 4b 2f 3b 58 2f 3b 55 61 1c 16 e0c fffff660
FIXUPS: 847e2 2b 2a 2b 2a 2b 2a 2b 2c 2b 2f 2b 2a 2b 2a 2b 2a 39 39 35
FIXUPS: 84b68 3e 37 3a 3c 2e 39 56 f 1e 1710 1c 11 11 2f d d d d 9 c c
FIXUPS: 8651a 2b 12 29 13 b1 37 ffffe8d5 3a 22 3b 62 28 5f 14 f d f 13
FIXUPS: 8514a eef 8 1f e 20 2b c b 3c 17 17 15 f 41 12 c 15 25 15 17 2b
FIXUPS: 86283 22 35 22 35 22 35 22 49 1e 1e fffff8b8 b 1f b 33 b 17 15
FIXUPS: 85d98 34 9 c c b 22 3c 25 15 22 2f 16 f 15 1e 2e f 42 20 11 b 12
FIXUPS: 86012 fffff9de 10 2d 1f b 41 12 c e 11 20 25 15 e b 8 19 c b 16
FIXUPS: 85bdb 1e b 13 1a 2b 10 13 15 19 9 16 fffff980 1f b 22 1a 17 15
FIXUPS: 85727 15 b b 3f c c c b 41 12 c 15 18 52 f 34 c c b 7a 10 7 8 37
FIXUPS: 8529a 22 41 a 12 c 9 b 29 12 17 6e 12 f f 26 40 3d 22 3d 1a 11
FIXUPS: 85570 b b b 10 b 40 18 1f 1e 1461 38 14 f 16 d f 1c 22 b 28 13
FIXUPS: 86c0d 2c b 2c d 23 13 5f b ffffe481 12 12 29 1c 34 f 12 9 f 10
FIXUPS: 87387 39 2c fffff3b2 12 f 1d 10 1f c 9 b 29 15 15 80 12 1b 13 16
FIXUPS: 86970 c b 52 12 1b 13 16 1c c b 22 492 42 e b b1 26 16 16 c 22
FIXUPS: 870a9 8 b 28 7 60 1d 11 44 12 13 34 15 27 f 25 9 b 22 24 13 87
FIXUPS: 87eba 1b 18 49 3c 48 b 88 29 2f 72 2a fffff304 18 1c b 50 21 b
FIXUPS: 87523 cd 13 fffff752 12 2c 9 b 78 9 b 9a 1c a72 4f 13 53 9 b 4c
FIXUPS: 87a93 2b e e 26 13 4d 13 42 6b b 8f 2f 8c 1e b 26 8 17 32 12 25
FIXUPS: 87e58 28 13 613 54 a 1b 9 9 47 d b 10 49 10 3d b 9d ffffef5b 2a
FIXUPS: 87695 32 41 2a c8 1d 9 20 37 46 42 14 15 1f 9 1e7b 23 b 59 b ffffe924
FIXUPS: 8819f 25 7 8 19 12 40 13 22 8 16 11 29 71 8 10 49 10 3d b 34 1e
FIXUPS: 8846c 7 8 19 def 2a 2b 2a 2b 2a 2b 2a 2b 2a 2e 33 2e 2f 36 2c b
FIXUPS: 8956a 9 4d 13 5f b 3e 23 b 42 23 b 42 23 b fffff64a 2a 2b 2a 47
FIXUPS: 88ea5 1e b 2e 47 c 1e b 2e 47 c 1e b 2e 47 c 1e b 2e 2b 2a 2b 2f
FIXUPS: 891d4 2f 2b 2a fffff637 2b 2a 2b 2a 2b 2a 2b 2a 2b 2a 2b 2a 2b
FIXUPS: 88ae2 2b 2a 2e 2d 2e 2d 4a c 1e b 31 2e 2d 2e 2d 2b 2a 122b 4e
FIXUPS: 8a0c4 fffff7cd 1c 2d b 68 22 1c b 23 98 b d5 56 1c 24 c e b 24
FIXUPS: 89c32 3e 13 ffffeade 1c 2d b 5b 2a 2b 1e14 b a9 b 48 13 fffffc6e
FIXUPS: 8a57a 8e fffff6bd 12 13 28 9 b 6e 9 b 6e c c 17 c 10 9 11 c 23
FIXUPS: 89eb5 40 77 54 bd9 23 1d 1e 24 14 29 b a 13 32 a 16 32 a 16 32
FIXUPS: 8ad83 48 2a 2a a 14 38 2c b 24 13 2d 13 fffff722 18 263 9 b 29
FIXUPS: 8a912 17 17 17 17 17 17 17 17 50 11 14 14 14 d 10 10 10 14 c 14
FIXUPS: 8aae7 14 f 14 f 26 23 17e5 1f 17 10 1f 17 b 25 c b ffffed82 21
FIXUPS: 8b1cd 24 10 2f 37 1f 30 7b fffffca8 b7 79 61 fffff674 12 12 12
FIXUPS: 8a826 70 f f 17aa 10 21 1e b 1f b 15 21 1e b 1f b 10 2e c c b 40
FIXUPS: 8c21e 14 1f 17 10 1f 17 b 25 c b 40 12 fffffa17 12 14 1f 17 10
FIXUPS: 8bdeb 1e b 1f b 10 25 c b 40 12 14 1f 17 10 1f 17 b 25 c b 40 12
FIXUPS: 8c014 14 1f fffffa50 19 8 d 22 9 b 40 17 1f 17 b 1c b 37 f 11 1b
FIXUPS: 8bc44 8 19 8 12 1b 18 8 19 8 d 22 9 b fffffa59 17 b 25 c b 40 17
FIXUPS: 8b84d 1e b 1f 10 1c b 40 17 29 24 1c b 37 f 11 1b 18 8 19 8 12
FIXUPS: 8ba77 18 fffff9b1 3c 12 14 1f 17 10 1f 17 b 25 c b 22 3c 12 14
FIXUPS: 8b608 17 10 1f 17 b 25 c b 40 12 14 1f 17 10
