 pm3lite

 Timestamp is 3a378051 (Wed Dec 13 07:57:37 2000)

 Preferred load address is 00400000

 Start         Length     Name                   Class
 0001:00000000 0008d0d8H .text                   CODE
 0002:00000000 000059fcH .rdata                  DATA
 0002:00005a00 00005e00H .xdata$x                DATA
 0002:0000b800 0000e6f2H .edata                  DATA
 0003:00000000 00000004H .CRT$XCA                DATA
 0003:00000004 00000004H .CRT$XCL                DATA
 0003:00000008 0000000cH .CRT$XCU                DATA
 0003:00000014 00000004H .CRT$XCZ                DATA
 0003:00000018 00000004H .CRT$XIA                DATA
 0003:0000001c 00000004H .CRT$XIZ                DATA
 0003:00000020 00008535H .data                   DATA
 0003:00008558 00001e50H .bss                    DATA
 0004:00000000 0000012cH .idata$2                DATA
 0004:0000012c 00000028H .idata$3                DATA
 0004:00000154 000010fcH .idata$4                DATA
 0004:00001250 000010fcH .idata$5                DATA
 0004:0000234c 00001652H .idata$6                DATA
 0005:00000000 00001db0H .rsrc$01                DATA
 0005:00001db0 0016ebfcH .rsrc$02                DATA

  Address         Publics by Value              Rva+Base   Lib:Object

 0001:00000000       ?rotpnt@@YAXPAN0@Z         00401000 f ele_math.obj
 0001:000000d4       ?prj_pnt_onto_line@@YAPANPAN00@Z 004010d4 f ele_math.obj
 0001:00000175       ?dist_pnt_to_line@@YANPANPAPAPAN@Z 00401175 f ele_math.obj
 0001:00000208       ?dist_pnt_to_line@@YANPAN00@Z 00401208 f ele_math.obj
 0001:00000291       ?intersect_lines_dir@@YANPAN00000@Z 00401291 f ele_math.obj
 0001:00000469       ?prj_pnt_onto_plane@@YAPANPAN00@Z 00401469 f ele_math.obj
 0001:00000514       ?intersect_line_plane@@YAPANPAN000@Z 00401514 f ele_math.obj
 0001:000005f3       ?intersect_line_beamSide@@YAPANPAN00NN00@Z 004015f3 f ele_math.obj
 0001:000006f6       ?intersect_line_sphere@@YAPAPAPANNPAN00@Z 004016f6 f ele_math.obj
 0001:00000843       ?intersect_line_cyl@@YAPAPAPANNPAN000@Z 00401843 f ele_math.obj
 0001:00000a6a       ?intersect_line_cone@@YAPAPAPANNPAN000@Z 00401a6a f ele_math.obj
 0001:00000dd0       ?centroid@@YAPANHPAPAPAN0@Z 00401dd0 f ele_math.obj
 0001:00000f8a       ?cvec@@YAPANHPAPAPAN@Z     00401f8a f ele_math.obj
 0001:000012c2       ?norm_circ@@YAXHPAPAPANPANH01@Z 004022c2 f ele_math.obj
 0001:00002227       ?init_circ@@YAXHPAPAPANPANH01@Z 00403227 f ele_math.obj
 0001:00002ec9       ?find_ellipse@@YAPAPAPANHPAPAPAN@Z 00403ec9 f ele_math.obj
 0001:0000331a       ?xfind_ellipse@@YAPAPAPANHPAPAPAN@Z 0040431a f ele_math.obj
 0001:00003fc2       ?circle_by_edge@@YAPANHPAPAPAN0PAN1@Z 00404fc2 f ele_math.obj
 0001:00004fb9       ?xxcircle_by_edge@@YAPANHPAPAPAN0PAN@Z 00405fb9 f ele_math.obj
 0001:00005f4c       ?xcircle_by_edge@@YAPANHPAPAPAN0@Z 00406f4c f ele_math.obj
 0001:00006ed5       ?con_circles@@YAPANHPAH0PAPAPAPANPAPAPAN2@Z 00407ed5 f ele_math.obj
 0001:000082eb       ?sphere_by_edge@@YAPANHPAPAPAN0@Z 004092eb f ele_math.obj
 0001:00008c1f       ?make_sphere_by_edge@@YAHHPAPAPAN0AAUSphere@@AAU_transform@@@Z 00409c1f f ele_math.obj
 0001:00008de7       ?MakeCirc@@YAHHPAHPAPAPAPANPAPAPANAANAAU_transform@@@Z 00409de7 f ele_math.obj
 0001:000098b2       ?make_rtorus_by_edge@@YAHPAH0PAPAPAPANPAPAPAN22AAUrect_torus@@AAU_transform@@@Z 0040a8b2 f ele_math.obj
 0001:00009aff       ?make_snout_by_circle@@YAHPAH0PAPAPAPANPAPAPANAAUsnout@@AAU_transform@@@Z 0040aaff f ele_math.obj
 0001:00009b32       ?torus_by_edge@@YAPAPAPANHPAPAPAN0@Z 0040ab32 f ele_math.obj
 0001:0000c062       ?make_ctorus_by_edge@@YAHHPAPAPAN0AAUCirTorus@@AAU_transform@@@Z 0040d062 f ele_math.obj
 0001:0000c380       ?cone_by_edge@@YAPAPAPANHPAHPAPAPAPANPAPAPAN@Z 0040d380 f ele_math.obj
 0001:0000d7fe       ?make_cone_by_lines@@YAHHPAHPAPAPAPANPAPAPAN22AAUCone@@AAU_transform@@@Z 0040e7fe f ele_math.obj
 0001:0000dd60       ?multipl@@YAPAPAPANHPAH0PAPAPAPANPAPAPAN@Z 0040ed60 f ele_math.obj
 0001:0000f07d       ?MakeLineBy2DLines@@YAHPAH0PAPAPAPANPAPAPAN22AAULine2p@@@Z 0041007d f ele_math.obj
 0001:0000f356       ?make_box_by_perp_lines@@YAHPAH0PAPAPAPANPAPAPAN22AAUBox@@AAU_transform@@@Z 00410356 f ele_math.obj
 0001:000107c2       ?make_box_by_lines@@YAHPAH0PAPAPAPANPAPAPAN22AAUBox@@AAU_transform@@@Z 004117c2 f ele_math.obj
 0001:0001163a       ?make_cyl_by_endpnts@@YAXNPAN0AAUCylinder@@AAU_transform@@@Z 0041263a f ele_math.obj
 0001:00011a39       ?make_cyl_by_lines@@YAHHPAHPAPAPAPANPAPAPAN222AAUCylinder@@AAU_transform@@@Z 00412a39 f ele_math.obj
 0001:00012d58       ?xmake_cyl_by_3dpnts@@YAXHPAPAPAN00AAUCylinder@@AAU_transform@@@Z 00413d58 f ele_math.obj
 0001:00013a6b       ?ccc@@YAPANHPAPAPAN@Z      00414a6b f ele_math.obj
 0001:0001464f       ?cccp@@YAPANHPAPAPANPAN@Z  0041564f f ele_math.obj
 0001:000155bf       ?make_cyl_by_3dpnts@@YAHHPAPAPAN00AAUCylinder@@AAU_transform@@@Z 004165bf f ele_math.obj
 0001:00015781       ?get_plane_of_pnts@@YAXHPAPAPANPAN1@Z 00416781 f ele_math.obj
 0001:00015ac6       ?make_circle_by_3dpnts@@YAHHPAPAPANAANAAU_transform@@@Z 00416ac6 f ele_math.obj
 0001:00016420       ?CreateObject@CDatatbl@@SGPAVCObject@@XZ 00417420 f datatbl.obj
 0001:000164a8       ?_GetBaseClass@CDatatbl@@KGPAUCRuntimeClass@@XZ 004174a8 f datatbl.obj
 0001:000164bd       ?GetRuntimeClass@CDatatbl@@UBEPAUCRuntimeClass@@XZ 004174bd f datatbl.obj
 0001:000164d8       ?GetGridLineColor@CDatatbl@@QAEKXZ 004174d8 f datatbl.obj
 0001:00016501       ?SetGridLineColor@CDatatbl@@QAEXK@Z 00417501 f datatbl.obj
 0001:0001652d       ?GetAllowPaintCellEvent@CDatatbl@@QAEHXZ 0041752d f datatbl.obj
 0001:00016556       ?SetAllowPaintCellEvent@CDatatbl@@QAEXH@Z 00417556 f datatbl.obj
 0001:00016582       ?GetVertGridLines@CDatatbl@@QAEHXZ 00417582 f datatbl.obj
 0001:000165ab       ?SetVertGridLines@CDatatbl@@QAEXH@Z 004175ab f datatbl.obj
 0001:000165d7       ?GetVertScrollBar@CDatatbl@@QAEJXZ 004175d7 f datatbl.obj
 0001:00016600       ?SetVertScrollBar@CDatatbl@@QAEXJ@Z 00417600 f datatbl.obj
 0001:0001662c       ?GetVertSplitPane@CDatatbl@@QAEHXZ 0041762c f datatbl.obj
 0001:00016655       ?SetVertSplitPane@CDatatbl@@QAEXH@Z 00417655 f datatbl.obj
 0001:00016681       ?GetHorzSplitPane@CDatatbl@@QAEHXZ 00417681 f datatbl.obj
 0001:000166aa       ?SetHorzSplitPane@CDatatbl@@QAEXH@Z 004176aa f datatbl.obj
 0001:000166d6       ?GetSelBackColor@CDatatbl@@QAEKXZ 004176d6 f datatbl.obj
 0001:000166ff       ?SetSelBackColor@CDatatbl@@QAEXK@Z 004176ff f datatbl.obj
 0001:0001672b       ?GetHorzScrollBar@CDatatbl@@QAEJXZ 0041772b f datatbl.obj
 0001:00016754       ?SetHorzScrollBar@CDatatbl@@QAEXJ@Z 00417754 f datatbl.obj
 0001:00016780       ?GetHorzGridLines@CDatatbl@@QAEHXZ 00417780 f datatbl.obj
 0001:000167a9       ?SetHorzGridLines@CDatatbl@@QAEXH@Z 004177a9 f datatbl.obj
 0001:000167d5       ?GetSelForeColor@CDatatbl@@QAEKXZ 004177d5 f datatbl.obj
 0001:000167fe       ?SetSelForeColor@CDatatbl@@QAEXK@Z 004177fe f datatbl.obj
 0001:0001682a       ?GetBackColor@CDatatbl@@QAEKXZ 0041782a f datatbl.obj
 0001:00016856       ?SetBackColor@CDatatbl@@QAEXK@Z 00417856 f datatbl.obj
 0001:00016885       ?GetEnabled@CDatatbl@@QAEHXZ 00417885 f datatbl.obj
 0001:000168b1       ?SetEnabled@CDatatbl@@QAEXH@Z 004178b1 f datatbl.obj
 0001:000168e0       ?GetFont@CDatatbl@@QAE?AVCOleFont@@XZ 004178e0 f datatbl.obj
 0001:00016961       ?SetFont@CDatatbl@@QAEXPAUIDispatch@@@Z 00417961 f datatbl.obj
 0001:00016990       ?GetForeColor@CDatatbl@@QAEKXZ 00417990 f datatbl.obj
 0001:000169bc       ?SetForeColor@CDatatbl@@QAEXK@Z 004179bc f datatbl.obj
 0001:000169eb       ?GetHWnd@CDatatbl@@QAEIXZ  004179eb f datatbl.obj
 0001:00016a17       ?SetHWnd@CDatatbl@@QAEXI@Z 00417a17 f datatbl.obj
 0001:00016a46       ?GetDropDownType@CDatatbl@@QAEJXZ 00417a46 f datatbl.obj
 0001:00016a6f       ?SetDropDownType@CDatatbl@@QAEXJ@Z 00417a6f f datatbl.obj
 0001:00016a9b       ?GetVirtualMemType@CDatatbl@@QAEJXZ 00417a9b f datatbl.obj
 0001:00016ac4       ?SetVirtualMemType@CDatatbl@@QAEXJ@Z 00417ac4 f datatbl.obj
 0001:00016af0       ?GetDroppedState@CDatatbl@@QAEHXZ 00417af0 f datatbl.obj
 0001:00016b19       ?SetDroppedState@CDatatbl@@QAEXH@Z 00417b19 f datatbl.obj
 0001:00016b45       ?GetCurCell@CDatatbl@@QAE?AVCDTCurCell@@XZ 00417b45 f datatbl.obj
 0001:00016bc3       ?SetCurCell@CDatatbl@@QAEXPAUIDispatch@@@Z 00417bc3 f datatbl.obj
 0001:00016bef       ?GetRowSet@CDatatbl@@QAE?AVCDTRowSet@@XZ 00417bef f datatbl.obj
 0001:00016c6d       ?SetRowSet@CDatatbl@@QAEXPAUIDispatch@@@Z 00417c6d f datatbl.obj
 0001:00016c99       ?GetColumnSet@CDatatbl@@QAE?AVCDTColumnSet@@XZ 00417c99 f datatbl.obj
 0001:00016d17       ?SetColumnSet@CDatatbl@@QAEXPAUIDispatch@@@Z 00417d17 f datatbl.obj
 0001:00016d43       ?GetCellSet@CDatatbl@@QAE?AVCDTCellSet@@XZ 00417d43 f datatbl.obj
 0001:00016dc1       ?SetCellSet@CDatatbl@@QAEXPAUIDispatch@@@Z 00417dc1 f datatbl.obj
 0001:00016ded       ?GetVMDataKey@CDatatbl@@QAEJXZ 00417ded f datatbl.obj
 0001:00016e16       ?SetVMDataKey@CDatatbl@@QAEXJ@Z 00417e16 f datatbl.obj
 0001:00016e42       ?GetLeftPaneWidth@CDatatbl@@QAEMXZ 00417e42 f datatbl.obj
 0001:00016e6b       ?SetLeftPaneWidth@CDatatbl@@QAEXM@Z 00417e6b f datatbl.obj
 0001:00016e9c       ?GetTopPaneHeight@CDatatbl@@QAEMXZ 00417e9c f datatbl.obj
 0001:00016ec5       ?SetTopPaneHeight@CDatatbl@@QAEXM@Z 00417ec5 f datatbl.obj
 0001:00016ef6       ?GetRedraw@CDatatbl@@QAEHXZ 00417ef6 f datatbl.obj
 0001:00016f1f       ?SetRedraw@CDatatbl@@QAEXH@Z 00417f1f f datatbl.obj
 0001:00016f4b       ?GetDataSource@CDatatbl@@QAEPAUIUnknown@@XZ 00417f4b f datatbl.obj
 0001:00016f74       ?SetDataSource@CDatatbl@@QAEXPAUIUnknown@@@Z 00417f74 f datatbl.obj
 0001:00016fa0       ?GetBorderStyle@CDatatbl@@QAEJXZ 00417fa0 f datatbl.obj
 0001:00016fc9       ?SetBorderStyle@CDatatbl@@QAEXJ@Z 00417fc9 f datatbl.obj
 0001:00016ff5       ?GetAppearance@CDatatbl@@QAEJXZ 00417ff5 f datatbl.obj
 0001:0001701e       ?SetAppearance@CDatatbl@@QAEXJ@Z 0041801e f datatbl.obj
 0001:0001704a       ?GetMousePointer@CDatatbl@@QAEJXZ 0041804a f datatbl.obj
 0001:00017073       ?SetMousePointer@CDatatbl@@QAEXJ@Z 00418073 f datatbl.obj
 0001:0001709f       ?GetLargeData@CDatatbl@@QAEHXZ 0041809f f datatbl.obj
 0001:000170c8       ?SetLargeData@CDatatbl@@QAEXH@Z 004180c8 f datatbl.obj
 0001:000170f4       ?Reset@CDatatbl@@QAEXXZ    004180f4 f datatbl.obj
 0001:00017120       ?VMReady@CDatatbl@@QAEXJ@Z 00418120 f datatbl.obj
 0001:00017155       ?DBAutoConfig@CDatatbl@@QAEXXZ 00418155 f datatbl.obj
 0001:00017181       ?AboutBox@CDatatbl@@QAEXXZ 00418181 f datatbl.obj
 0001:000171b0       ??0CDatatbl@@QAE@XZ        004181b0 f datatbl.obj
 0001:00017220       ?Create@CDatatbl@@UAEHPBD0KABUtagRECT@@PAVCWnd@@IPAUCCreateContext@@@Z 00418220 f datatbl.obj
 0001:00017270       ?GetClsid@CDatatbl@@QAEABU_GUID@@XZ 00418270 f datatbl.obj
 0001:00017290       ??_GCDatatbl@@UAEPAXI@Z    00418290 f datatbl.obj
 0001:00017290       ??_ECDatatbl@@UAEPAXI@Z    00418290 f datatbl.obj
 0001:000172d0       ??1CDatatbl@@UAE@XZ        004182d0 f datatbl.obj
 0001:00017330       ??0COleFont@@QAE@PAUIDispatch@@@Z 00418330 f datatbl.obj
 0001:000173a0       ??1COleFont@@QAE@XZ        004183a0 f datatbl.obj
 0001:00017400       ??0CDTCurCell@@QAE@PAUIDispatch@@@Z 00418400 f datatbl.obj
 0001:00017470       ??1CDTCurCell@@QAE@XZ      00418470 f datatbl.obj
 0001:000174d0       ??0CDTRowSet@@QAE@PAUIDispatch@@@Z 004184d0 f datatbl.obj
 0001:00017540       ??1CDTRowSet@@QAE@XZ       00418540 f datatbl.obj
 0001:000175a0       ??0CDTColumnSet@@QAE@PAUIDispatch@@@Z 004185a0 f datatbl.obj
 0001:00017610       ??1CDTColumnSet@@QAE@XZ    00418610 f datatbl.obj
 0001:00017670       ??0CDTCellSet@@QAE@PAUIDispatch@@@Z 00418670 f datatbl.obj
 0001:000176e0       ??1CDTCellSet@@QAE@XZ      004186e0 f datatbl.obj
 0001:00017740       ?rdmGroupLock@@YAHHPAUlock_request@@PAUDB_TASK_S@@H@Z 00418740 f rdm_utils.obj
 0001:000179b6       ?rdmGroupFree@@YAHHPAUlock_request@@PAUDB_TASK_S@@H@Z 004189b6 f rdm_utils.obj
 0001:00017a95       ?rdmFreeAll@@YAHPAUDB_TASK_S@@H@Z 00418a95 f rdm_utils.obj
 0001:00017aff       ?rdmRecLock@@YAHHPADPAUDB_TASK_S@@H@Z 00418aff f rdm_utils.obj
 0001:00017bf4       ?rdmRecFree@@YAHHPAUDB_TASK_S@@H@Z 00418bf4 f rdm_utils.obj
 0001:00017cfb       ?IsTransActive@@YAHPAUDB_TASK_S@@@Z 00418cfb f rdm_utils.obj
 0001:00017d2b       ?rdmTransBegin@@YAHPADPAUDB_TASK_S@@@Z 00418d2b f rdm_utils.obj
 0001:00017d63       ?rdmTransEnd@@YAHPAUDB_TASK_S@@@Z 00418d63 f rdm_utils.obj
 0001:00017db2       ?rdmTransAbort@@YAHPAUDB_TASK_S@@@Z 00418db2 f rdm_utils.obj
 0001:00017e01       ?c_lock2_i@@YAHD@Z         00418e01 f rdm_utils.obj
 0001:00017ecb       ?i_lock2_c@@YADH@Z         00418ecb f rdm_utils.obj
 0001:00017f8b       ?CreateRecLockTable@@YAHPAUDB_TASK_S@@@Z 00418f8b f rdm_utils.obj
 0001:00017fef       ?DestroyRecLockTable@@YAHXZ 00418fef f rdm_utils.obj
 0001:00018030       ?IncRecLock@@YAHHPAUDB_TASK_S@@H@Z 00419030 f rdm_utils.obj
 0001:0001807b       ?DecRecLock@@YAHHPAUDB_TASK_S@@H@Z 0041907b f rdm_utils.obj
 0001:000180ef       ?GetRecLockCount@@YAHHPAUDB_TASK_S@@H@Z 004190ef f rdm_utils.obj
 0001:00018137       ?ClearLockTables@@YAHXZ    00419137 f rdm_utils.obj
 0001:000181cd       ?rdmSetFree@@YAHHPAUDB_TASK_S@@H@Z 004191cd f rdm_utils.obj
 0001:00018268       ?rdmSetLock@@YAHHPADPAUDB_TASK_S@@H@Z 00419268 f rdm_utils.obj
 0001:00018349       ?rdmRecWrite@@YAHPAXPAUDB_TASK_S@@HPADH@Z 00419349 f rdm_utils.obj
 0001:0001837e       ?rdmFillNew@@YAHHPAXPAUDB_TASK_S@@HPADH@Z 0041937e f rdm_utils.obj
 0001:000183b0       ??4RDXDbAddr@@QAEAAV0@ABV0@@Z 004193b0 f calc3dp.obj
 0001:000183e0       ??4RDXLockObj@@QAEAAV0@ABV0@@Z 004193e0 f calc3dp.obj
 0001:00018410       ??0DbAddr@@IAE@XZ          00419410 f calc3dp.obj
 0001:00018440       ??0DbAddr@@QAE@J@Z         00419440 f calc3dp.obj
 0001:00018470       ?GetDba@DbAddr@@QBEKXZ     00419470 f calc3dp.obj
 0001:00018490       ?SetDba@DbAddr@@QAEXK@Z    00419490 f calc3dp.obj
 0001:000184b0       ??4DbAddr@@QAEAAV0@ABV0@@Z 004194b0 f calc3dp.obj
 0001:000184e0       ??0VistaObj@@IAE@PAVVistaDb@@@Z 004194e0 f calc3dp.obj
 0001:00018530       ?SetStatus@VistaObj@@QAEXH@Z 00419530 f calc3dp.obj
 0001:00018560       ?GetStatus@VistaObj@@QAEHXZ 00419560 f calc3dp.obj
 0001:00018580       ??1VistaObj@@UAE@XZ        00419580 f calc3dp.obj
 0001:000185a0       ?GetDb@VistaObj@@UAEPAVVistaDb@@XZ 004195a0 f calc3dp.obj
 0001:000185e0       ?SetDb@VistaObj@@UAEPAVVistaDb@@PAV2@@Z 004195e0 f calc3dp.obj
 0001:00018610       ?RecName@VistaObj@@UAEPADXZ 00419610 f calc3dp.obj
 0001:00018630       ??0VistaObj@@QAE@ABV0@@Z   00419630 f calc3dp.obj
 0001:000186c0       ??4VistaObj@@QAEAAV0@ABV0@@Z 004196c0 f calc3dp.obj
 0001:00018750       ??_FVistaObj@@QAEXXZ       00419750 f calc3dp.obj
 0001:00018770       ??_GVistaObj@@UAEPAXI@Z    00419770 f calc3dp.obj
 0001:000187b0       ??_EVistaObj@@UAEPAXI@Z    004197b0 f calc3dp.obj
 0001:00018820       ?SetDbdPath@ActivateTask@@IAEPADPAD@Z 00419820 f calc3dp.obj
 0001:00018850       ?DupStr@@YAPADPAPADQAD@Z   00419850 f calc3dp.obj
 0001:000188a0       ?SetDbfPath@ActivateTask@@IAEPADPAD@Z 004198a0 f calc3dp.obj
 0001:000188d0       ?SetTafPath@ActivateTask@@IAEPADPAD@Z 004198d0 f calc3dp.obj
 0001:00018900       ?SetLogPath@ActivateTask@@IAEPADPAD@Z 00419900 f calc3dp.obj
 0001:00018930       ?SetUID@ActivateTask@@IAEPADPAD@Z 00419930 f calc3dp.obj
 0001:00018960       ?GetDbdPath@ActivateTask@@QAEPADXZ 00419960 f calc3dp.obj
 0001:00018980       ?GetDbfPath@ActivateTask@@QAEPADXZ 00419980 f calc3dp.obj
 0001:000189a0       ?GetTafPath@ActivateTask@@QAEPADXZ 004199a0 f calc3dp.obj
 0001:000189c0       ?GetLogPath@ActivateTask@@QAEPADXZ 004199c0 f calc3dp.obj
 0001:000189e0       ?GetUID@ActivateTask@@QAEPADXZ 004199e0 f calc3dp.obj
 0001:00018a00       ??0ActivateTask@@QAE@PAD00@Z 00419a00 f calc3dp.obj
 0001:00018a60       ??1ActivateTask@@QAE@XZ    00419a60 f calc3dp.obj
 0001:00018a80       ??4ActivateTask@@QAEAAV0@ABV0@@Z 00419a80 f calc3dp.obj
 0001:00018ab0       ??_FActivateTask@@QAEXXZ   00419ab0 f calc3dp.obj
 0001:00018ae0       ??_GActivateTask@@QAEPAXI@Z 00419ae0 f calc3dp.obj
 0001:00018b20       ??_EActivateTask@@QAEPAXI@Z 00419b20 f calc3dp.obj
 0001:00018b90       ?SetStatus@RDXTask@@IAEXH@Z 00419b90 f calc3dp.obj
 0001:00018bc0       ?DbTask@RDXTask@@QAEPAUDB_TASK_S@@XZ 00419bc0 f calc3dp.obj
 0001:00018be0       ?Okay@RDXTask@@QAE?AW4T_F@@XZ 00419be0 f calc3dp.obj
 0001:00018c10       ?GetStatus@RDXTask@@QAEHXZ 00419c10 f calc3dp.obj
 0001:00018c30       ?dbdpath@RDXTask@@QAEHPAD@Z 00419c30 f calc3dp.obj
 0001:00018c60       ?dbfpath@RDXTask@@QAEHPAD@Z 00419c60 f calc3dp.obj
 0001:00018c90       ?dblog@RDXTask@@QAEHPAD@Z  00419c90 f calc3dp.obj
 0001:00018cc0       ?dbtaf@RDXTask@@QAEHPAD@Z  00419cc0 f calc3dp.obj
 0001:00018cf0       ?dbuserid@RDXTask@@QAEHPAD@Z 00419cf0 f calc3dp.obj
 0001:00018d20       ?checkid@RDXTask@@QAEHPAD@Z 00419d20 f calc3dp.obj
 0001:00018d50       ?internals@RDXTask@@QAEHHHHPAXI@Z 00419d50 f calc3dp.obj
 0001:00018d90       ?destroy@RDXTask@@QAEHPAD@Z 00419d90 f calc3dp.obj
 0001:00018dc0       ?freeall@RDXTask@@QAEHXZ   00419dc0 f calc3dp.obj
 0001:00018df0       ?lockcomm@RDXTask@@QAEHH@Z 00419df0 f calc3dp.obj
 0001:00018e20       ?lockmgr@RDXTask@@QAEHPAD@Z 00419e20 f calc3dp.obj
 0001:00018e50       ?off_opt@RDXTask@@QAEHH@Z  00419e50 f calc3dp.obj
 0001:00018e80       ?on_opt@RDXTask@@QAEHK@Z   00419e80 f calc3dp.obj
 0001:00018eb0       ?recover@RDXTask@@QAEHPAD@Z 00419eb0 f calc3dp.obj
 0001:00018ee0       ?renfile@RDXTask@@QAEHPADF0@Z 00419ee0 f calc3dp.obj
 0001:00018f10       ?renclean@RDXTask@@QAEHXZ  00419f10 f calc3dp.obj
 0001:00018f40       ?setpages@RDXTask@@QAEHHH@Z 00419f40 f calc3dp.obj
 0001:00018f70       ?setfiles@RDXTask@@QAEHH@Z 00419f70 f calc3dp.obj
 0001:00018fa0       ?set_dberr@RDXTask@@QAEHP6GXHPAD@Z@Z 00419fa0 f calc3dp.obj
 0001:00018fd0       ?timeout@RDXTask@@QAEHH@Z  00419fd0 f calc3dp.obj
 0001:00019000       ?trabort@RDXTask@@QAEHXZ   0041a000 f calc3dp.obj
 0001:00019030       ?trbegin@RDXTask@@QAEHQAD@Z 0041a030 f calc3dp.obj
 0001:00019060       ?trend@RDXTask@@QAEHXZ     0041a060 f calc3dp.obj
 0001:00019090       ??4RDXTask@@QAEAAV0@ABV0@@Z 0041a090 f calc3dp.obj
 0001:000190c0       ??_GRDXTask@@QAEPAXI@Z     0041a0c0 f calc3dp.obj
 0001:00019100       ??_ERDXTask@@QAEPAXI@Z     0041a100 f calc3dp.obj
 0001:00019170       ?SetTransact@VistaTask@@AAEXPAVTransAction@@@Z 0041a170 f calc3dp.obj
 0001:000191a0       ?GetOpenType@VistaTask@@IAEPADXZ 0041a1a0 f calc3dp.obj
 0001:000191c0       ?GetTransact@VistaTask@@QAEPAVTransAction@@XZ 0041a1c0 f calc3dp.obj
 0001:000191e0       ?GetDbTotNumber@VistaTask@@QAEHXZ 0041a1e0 f calc3dp.obj
 0001:00019210       ??0VistaTask@@QAE@ABV0@@Z  0041a210 f calc3dp.obj
 0001:00019310       ??4VistaTask@@QAEAAV0@ABV0@@Z 0041a310 f calc3dp.obj
 0001:00019410       ??_GVistaTask@@QAEPAXI@Z   0041a410 f calc3dp.obj
 0001:00019450       ??_EVistaTask@@QAEPAXI@Z   0041a450 f calc3dp.obj
 0001:000194d0       ?SetDbn@RDXDb@@IAEXH@Z     0041a4d0 f calc3dp.obj
 0001:00019500       ?GetDbn@RDXDb@@QAEHXZ      0041a500 f calc3dp.obj
 0001:00019520       ?GetDbStatus@RDXDb@@QAEHXZ 0041a520 f calc3dp.obj
 0001:00019540       ?recstat@RDXDb@@QAEHKK@Z   0041a540 f calc3dp.obj
 0001:00019580       ?rlbclr@RDXDb@@QAEHXZ      0041a580 f calc3dp.obj
 0001:000195c0       ?rlbset@RDXDb@@QAEHXZ      0041a5c0 f calc3dp.obj
 0001:00019600       ?rlbtst@RDXDb@@QAEHXZ      0041a600 f calc3dp.obj
 0001:00019640       ?cmstat@RDXDb@@QAEHH@Z     0041a640 f calc3dp.obj
 0001:00019680       ?cmtype@RDXDb@@QAEHHPAH@Z  0041a680 f calc3dp.obj
 0001:000196c0       ?connect@RDXDb@@QAEHH@Z    0041a6c0 f calc3dp.obj
 0001:00019700       ?costat@RDXDb@@QAEHH@Z     0041a700 f calc3dp.obj
 0001:00019740       ?cotype@RDXDb@@QAEHHPAH@Z  0041a740 f calc3dp.obj
 0001:00019780       ?crget@RDXDb@@QAEHPAK@Z    0041a780 f calc3dp.obj
 0001:000197c0       ?crread@RDXDb@@QAEHJPAX@Z  0041a7c0 f calc3dp.obj
 0001:00019800       ?crset@RDXDb@@QAEHPAK@Z    0041a800 f calc3dp.obj
 0001:00019840       ?crstat@RDXDb@@QAEHXZ      0041a840 f calc3dp.obj
 0001:00019880       ?crtype@RDXDb@@QAEHPAH@Z   0041a880 f calc3dp.obj
 0001:000198c0       ?crwrite@RDXDb@@QAEHJPAX@Z 0041a8c0 f calc3dp.obj
 0001:00019900       ?csmget@RDXDb@@QAEHHPAK@Z  0041a900 f calc3dp.obj
 0001:00019940       ?csmread@RDXDb@@QAEHHJPAX@Z 0041a940 f calc3dp.obj
 0001:00019990       ?csmset@RDXDb@@QAEHHPAK@Z  0041a990 f calc3dp.obj
 0001:000199d0       ?csmwrite@RDXDb@@QAEHHJPAX@Z 0041a9d0 f calc3dp.obj
 0001:00019a20       ?csoget@RDXDb@@QAEHHPAK@Z  0041aa20 f calc3dp.obj
 0001:00019a60       ?csoread@RDXDb@@QAEHHJPAX@Z 0041aa60 f calc3dp.obj
 0001:00019ab0       ?csoset@RDXDb@@QAEHHPAK@Z  0041aab0 f calc3dp.obj
 0001:00019af0       ?csowrite@RDXDb@@QAEHHJPAX@Z 0041aaf0 f calc3dp.obj
 0001:00019b40       ?csstat@RDXDb@@QAEHH@Z     0041ab40 f calc3dp.obj
 0001:00019b80       ?ctbpath@RDXDb@@QAEHPAD@Z  0041ab80 f calc3dp.obj
 0001:00019bc0       ?ctscm@RDXDb@@QAEHHPAK@Z   0041abc0 f calc3dp.obj
 0001:00019c00       ?ctsco@RDXDb@@QAEHHPAK@Z   0041ac00 f calc3dp.obj
 0001:00019c40       ?ctscr@RDXDb@@QAEHPAK@Z    0041ac40 f calc3dp.obj
 0001:00019c80       ?curkey@RDXDb@@QAEHXZ      0041ac80 f calc3dp.obj
 0001:00019cc0       ?d_delete@RDXDb@@QAEHXZ    0041acc0 f calc3dp.obj
 0001:00019d00       ?disdel@RDXDb@@QAEHXZ      0041ad00 f calc3dp.obj
 0001:00019d40       ?recnext@RDXDb@@QAEHXZ     0041ad40 f calc3dp.obj
 0001:00019d80       ?recprev@RDXDb@@QAEHXZ     0041ad80 f calc3dp.obj
 0001:00019dc0       ?discon@RDXDb@@QAEHH@Z     0041adc0 f calc3dp.obj
 0001:00019e00       ?fillnew@RDXDb@@QAEHHPAX@Z 0041ae00 f calc3dp.obj
 0001:00019e40       ?findco@RDXDb@@QAEHH@Z     0041ae40 f calc3dp.obj
 0001:00019e80       ?findfm@RDXDb@@QAEHH@Z     0041ae80 f calc3dp.obj
 0001:00019ec0       ?findlm@RDXDb@@QAEHH@Z     0041aec0 f calc3dp.obj
 0001:00019f00       ?findnm@RDXDb@@QAEHH@Z     0041af00 f calc3dp.obj
 0001:00019f40       ?findpm@RDXDb@@QAEHH@Z     0041af40 f calc3dp.obj
 0001:00019f80       ?gtscm@RDXDb@@QAEHHPAK@Z   0041af80 f calc3dp.obj
 0001:00019fc0       ?gtsco@RDXDb@@QAEHHPAK@Z   0041afc0 f calc3dp.obj
 0001:0001a000       ?gtscr@RDXDb@@QAEHPAK@Z    0041b000 f calc3dp.obj
 0001:0001a040       ?gtscs@RDXDb@@QAEHHPAK@Z   0041b040 f calc3dp.obj
 0001:0001a080       ?initialize@RDXDb@@QAEHXZ  0041b080 f calc3dp.obj
 0001:0001a0c0       ?initfile@RDXDb@@QAEHF@Z   0041b0c0 f calc3dp.obj
 0001:0001a100       ?ismember@RDXDb@@QAEHH@Z   0041b100 f calc3dp.obj
 0001:0001a140       ?isowner@RDXDb@@QAEHH@Z    0041b140 f calc3dp.obj
 0001:0001a180       ?keybuild@RDXDb@@QAEHXZ    0041b180 f calc3dp.obj
 0001:0001a1c0       ?keydel@RDXDb@@QAEHJ@Z     0041b1c0 f calc3dp.obj
 0001:0001a200       ?keyexist@RDXDb@@QAEHJ@Z   0041b200 f calc3dp.obj
 0001:0001a240       ?keyfind@RDXDb@@QAEHJPAX@Z 0041b240 f calc3dp.obj
 0001:0001a280       ?keyfree@RDXDb@@QAEHJ@Z    0041b280 f calc3dp.obj
 0001:0001a2c0       ?keyfrst@RDXDb@@QAEHJ@Z    0041b2c0 f calc3dp.obj
 0001:0001a300       ?keylast@RDXDb@@QAEHJ@Z    0041b300 f calc3dp.obj
 0001:0001a340       ?keylock@RDXDb@@QAEHJPAD@Z 0041b340 f calc3dp.obj
 0001:0001a380       ?keylstat@RDXDb@@QAEHJPAD@Z 0041b380 f calc3dp.obj
 0001:0001a3c0       ?keynext@RDXDb@@QAEHJ@Z    0041b3c0 f calc3dp.obj
 0001:0001a400       ?keyprev@RDXDb@@QAEHJ@Z    0041b400 f calc3dp.obj
 0001:0001a440       ?keyread@RDXDb@@QAEHPAX@Z  0041b440 f calc3dp.obj
 0001:0001a480       ?keystore@RDXDb@@QAEHJ@Z   0041b480 f calc3dp.obj
 0001:0001a4c0       ?internals@RDXDb@@QAEHHHHPAXI@Z 0041b4c0 f calc3dp.obj
 0001:0001a500       ?lock@RDXDb@@QAEHHPAUlock_request@@@Z 0041b500 f calc3dp.obj
 0001:0001a540       ?makenew@RDXDb@@QAEHH@Z    0041b540 f calc3dp.obj
 0001:0001a580       ?members@RDXDb@@QAEHHPAJ@Z 0041b580 f calc3dp.obj
 0001:0001a5c0       ?recfree@RDXDb@@QAEHH@Z    0041b5c0 f calc3dp.obj
 0001:0001a600       ?recfrst@RDXDb@@QAEHH@Z    0041b600 f calc3dp.obj
 0001:0001a640       ?reclast@RDXDb@@QAEHH@Z    0041b640 f calc3dp.obj
 0001:0001a680       ?reclock@RDXDb@@QAEHHPAD@Z 0041b680 f calc3dp.obj
 0001:0001a6c0       ?reclstat@RDXDb@@QAEHHPAD@Z 0041b6c0 f calc3dp.obj
 0001:0001a700       ?recread@RDXDb@@QAEHPAX@Z  0041b700 f calc3dp.obj
 0001:0001a740       ?recset@RDXDb@@QAEHH@Z     0041b740 f calc3dp.obj
 0001:0001a780       ?recwrite@RDXDb@@QAEHPAX@Z 0041b780 f calc3dp.obj
 0001:0001a7c0       ?setfree@RDXDb@@QAEHH@Z    0041b7c0 f calc3dp.obj
 0001:0001a800       ?setkey@RDXDb@@QAEHJPAX@Z  0041b800 f calc3dp.obj
 0001:0001a840       ?setlock@RDXDb@@QAEHHPAX@Z 0041b840 f calc3dp.obj
 0001:0001a880       ?setlstat@RDXDb@@QAEHHPAX@Z 0041b880 f calc3dp.obj
 0001:0001a8c0       ?setmm@RDXDb@@QAEHHH@Z     0041b8c0 f calc3dp.obj
 0001:0001a900       ?setmo@RDXDb@@QAEHHH@Z     0041b900 f calc3dp.obj
 0001:0001a940       ?setmr@RDXDb@@QAEHH@Z      0041b940 f calc3dp.obj
 0001:0001a980       ?setom@RDXDb@@QAEHHH@Z     0041b980 f calc3dp.obj
 0001:0001a9c0       ?setoo@RDXDb@@QAEHHH@Z     0041b9c0 f calc3dp.obj
 0001:0001aa00       ?setor@RDXDb@@QAEHH@Z      0041ba00 f calc3dp.obj
 0001:0001aa40       ?setrm@RDXDb@@QAEHH@Z      0041ba40 f calc3dp.obj
 0001:0001aa80       ?setro@RDXDb@@QAEHH@Z      0041ba80 f calc3dp.obj
 0001:0001aac0       ?stscm@RDXDb@@QAEHHK@Z     0041bac0 f calc3dp.obj
 0001:0001ab00       ?stsco@RDXDb@@QAEHHK@Z     0041bb00 f calc3dp.obj
 0001:0001ab40       ?stscr@RDXDb@@QAEHK@Z      0041bb40 f calc3dp.obj
 0001:0001ab80       ?stscs@RDXDb@@QAEHHK@Z     0041bb80 f calc3dp.obj
 0001:0001abc0       ?utscm@RDXDb@@QAEHHPAK@Z   0041bbc0 f calc3dp.obj
 0001:0001ac00       ?utsco@RDXDb@@QAEHHPAK@Z   0041bc00 f calc3dp.obj
 0001:0001ac40       ?utscr@RDXDb@@QAEHPAK@Z    0041bc40 f calc3dp.obj
 0001:0001ac80       ?utscs@RDXDb@@QAEHHPAK@Z   0041bc80 f calc3dp.obj
 0001:0001acc0       ??0RDXDb@@QAE@XZ           0041bcc0 f calc3dp.obj
 0001:0001acf0       ??0RDXDb@@QAE@ABV0@@Z      0041bcf0 f calc3dp.obj
 0001:0001ad40       ??4RDXDb@@QAEAAV0@ABV0@@Z  0041bd40 f calc3dp.obj
 0001:0001ad80       ??_GRDXDb@@UAEPAXI@Z       0041bd80 f calc3dp.obj
 0001:0001adc0       ??_ERDXDb@@UAEPAXI@Z       0041bdc0 f calc3dp.obj
 0001:0001ae30       ?GetName@VistaDb@@IAEPADXZ 0041be30 f calc3dp.obj
 0001:0001ae50       ?SetOpenStat@VistaDb@@IAEXW4OpenStat@@@Z 0041be50 f calc3dp.obj
 0001:0001ae80       ?IsOpen@VistaDb@@QAE?AW4T_F@@XZ 0041be80 f calc3dp.obj
 0001:0001aea0       ?MakeCurrent@VistaDb@@UAEXXZ 0041bea0 f calc3dp.obj
 0001:0001aec0       ?GetTask@VistaDb@@QAEPAVVistaTask@@XZ 0041bec0 f calc3dp.obj
 0001:0001aee0       ??0VistaDb@@QAE@ABV0@@Z    0041bee0 f calc3dp.obj
 0001:0001afa0       ??4VistaDb@@QAEAAV0@ABV0@@Z 0041bfa0 f calc3dp.obj
 0001:0001b030       ??_GVistaDb@@UAEPAXI@Z     0041c030 f calc3dp.obj
 0001:0001b070       ??_EVistaDb@@UAEPAXI@Z     0041c070 f calc3dp.obj
 0001:0001b0f0       ??0StoreDb@@QAE@ABV0@@Z    0041c0f0 f calc3dp.obj
 0001:0001b170       ??4StoreDb@@QAEAAV0@ABV0@@Z 0041c170 f calc3dp.obj
 0001:0001b1a0       ??1StoreDb@@UAE@XZ         0041c1a0 f calc3dp.obj
 0001:0001b200       ??_GStoreDb@@UAEPAXI@Z     0041c200 f calc3dp.obj
 0001:0001b240       ??_EStoreDb@@UAEPAXI@Z     0041c240 f calc3dp.obj
 0001:0001b2c0       ??0StoreTask@@QAE@XZ       0041c2c0 f calc3dp.obj
 0001:0001b340       ??0StoreTask@@QAE@PAD@Z    0041c340 f calc3dp.obj
 0001:0001b3c0       ??0StoreTask@@QAE@AAVActivateTask@@@Z 0041c3c0 f calc3dp.obj
 0001:0001b440       ??0StoreTask@@QAE@PADAAVActivateTask@@@Z 0041c440 f calc3dp.obj
 0001:0001b4c0       ??0StoreTask@@QAE@ABV0@@Z  0041c4c0 f calc3dp.obj
 0001:0001b540       ??4StoreTask@@QAEAAV0@ABV0@@Z 0041c540 f calc3dp.obj
 0001:0001b570       ??1StoreTask@@QAE@XZ       0041c570 f calc3dp.obj
 0001:0001b5d0       ??_GStoreTask@@QAEPAXI@Z   0041c5d0 f calc3dp.obj
 0001:0001b610       ??_EStoreTask@@QAEPAXI@Z   0041c610 f calc3dp.obj
 0001:0001b690       ??0SetObj@@QAE@H@Z         0041c690 f calc3dp.obj
 0001:0001b6c0       ?Num@SetObj@@QBEHXZ        0041c6c0 f calc3dp.obj
 0001:0001b6e0       ??4SetObj@@QAEAAV0@ABV0@@Z 0041c6e0 f calc3dp.obj
 0001:0001b710       ?NotRead@StoreObj@@IAE?AW4T_F@@XZ 0041c710 f calc3dp.obj
 0001:0001b740       ?Okay@StoreObj@@QAE?AW4T_F@@XZ 0041c740 f calc3dp.obj
 0001:0001b770       ??AStoreObj@@QAEAAV0@AAVKeyObj@@@Z 0041c770 f calc3dp.obj
 0001:0001b7a0       ??AStoreObj@@QAEAAV0@AAVDbAddr@@@Z 0041c7a0 f calc3dp.obj
 0001:0001b7d0       ?First@StoreObj@@QAEAAV1@XZ 0041c7d0 f calc3dp.obj
 0001:0001b7f0       ?Last@StoreObj@@QAEAAV1@XZ 0041c7f0 f calc3dp.obj
 0001:0001b810       ?Next@StoreObj@@QAEAAV1@XZ 0041c810 f calc3dp.obj
 0001:0001b830       ?Prev@StoreObj@@QAEAAV1@XZ 0041c830 f calc3dp.obj
 0001:0001b850       ?First@StoreObj@@QAEAAV1@AAVKeyObj@@@Z 0041c850 f calc3dp.obj
 0001:0001b880       ?Last@StoreObj@@QAEAAV1@AAVKeyObj@@@Z 0041c880 f calc3dp.obj
 0001:0001b8b0       ?Next@StoreObj@@QAEAAV1@AAVKeyObj@@@Z 0041c8b0 f calc3dp.obj
 0001:0001b8e0       ?Prev@StoreObj@@QAEAAV1@AAVKeyObj@@@Z 0041c8e0 f calc3dp.obj
 0001:0001b910       ?ReadLock@StoreObj@@QAE?AW4T_F@@XZ 0041c910 f calc3dp.obj
 0001:0001b940       ?WriteLock@StoreObj@@QAE?AW4T_F@@XZ 0041c940 f calc3dp.obj
 0001:0001b970       ?ExclusiveLock@StoreObj@@QAE?AW4T_F@@XZ 0041c970 f calc3dp.obj
 0001:0001b9a0       ?KeepLock@StoreObj@@QAE?AW4T_F@@XZ 0041c9a0 f calc3dp.obj
 0001:0001b9d0       ??_FStoreObj@@QAEXXZ       0041c9d0 f calc3dp.obj
 0001:0001b9f0       ??_GStoreObj@@UAEPAXI@Z    0041c9f0 f calc3dp.obj
 0001:0001ba30       ??_EStoreObj@@UAEPAXI@Z    0041ca30 f calc3dp.obj
 0001:0001baa0       ??0KeyObj@@QAE@J@Z         0041caa0 f calc3dp.obj
 0001:0001bad0       ??0KeyObj@@QAE@JPAD@Z      0041cad0 f calc3dp.obj
 0001:0001bb00       ??0KeyObj@@QAE@JAAH@Z      0041cb00 f calc3dp.obj
 0001:0001bb30       ??0KeyObj@@QAE@JAAJ@Z      0041cb30 f calc3dp.obj
 0001:0001bb60       ??0KeyObj@@QAE@JAAN@Z      0041cb60 f calc3dp.obj
 0001:0001bb90       ??0KeyObj@@QAE@JAAM@Z      0041cb90 f calc3dp.obj
 0001:0001bbc0       ??0KeyObj@@QAE@JPAX@Z      0041cbc0 f calc3dp.obj
 0001:0001bbf0       ?Set@KeyObj@@QAEAAV1@PAD@Z 0041cbf0 f calc3dp.obj
 0001:0001bc20       ?Set@KeyObj@@QAEAAV1@AAH@Z 0041cc20 f calc3dp.obj
 0001:0001bc50       ?Set@KeyObj@@QAEAAV1@AAJ@Z 0041cc50 f calc3dp.obj
 0001:0001bc80       ?Set@KeyObj@@QAEAAV1@AAN@Z 0041cc80 f calc3dp.obj
 0001:0001bcb0       ?Set@KeyObj@@QAEAAV1@AAM@Z 0041ccb0 f calc3dp.obj
 0001:0001bce0       ?Set@KeyObj@@QAEAAV1@PAX@Z 0041cce0 f calc3dp.obj
 0001:0001bd10       ?Fld@KeyObj@@QBEJXZ        0041cd10 f calc3dp.obj
 0001:0001bd30       ?HasValue@KeyObj@@QBE?AW4T_F@@XZ 0041cd30 f calc3dp.obj
 0001:0001bd60       ?Value@KeyObj@@QBEPAXXZ    0041cd60 f calc3dp.obj
 0001:0001bd80       ??4KeyObj@@QAEAAV0@ABV0@@Z 0041cd80 f calc3dp.obj
 0001:0001bdb0       ??0ObjInfo@@IAE@XZ         0041cdb0 f calc3dp.obj
 0001:0001bde0       ?Set@ObjInfo@@QAEXAAVStoreObj@@@Z 0041cde0 f calc3dp.obj
 0001:0001be20       ?NotSet@ObjInfo@@QAE?AW4T_F@@XZ 0041ce20 f calc3dp.obj
 0001:0001be50       ?RecType@ObjInfo@@QAEHXZ   0041ce50 f calc3dp.obj
 0001:0001be70       ?GetObj@ObjInfo@@QAEPAVStoreObj@@XZ 0041ce70 f calc3dp.obj
 0001:0001be90       ??4ObjInfo@@QAEAAV0@ABV0@@Z 0041ce90 f calc3dp.obj
 0001:0001bec0       ?GetInfo@Polymorph@@IAEPAVObjInfo@@XZ 0041cec0 f calc3dp.obj
 0001:0001bee0       ??CPolymorph@@QAEPAVStoreObj@@XZ 0041cee0 f calc3dp.obj
 0001:0001bf10       ?GetObj@Polymorph@@QAEPAVStoreObj@@XZ 0041cf10 f calc3dp.obj
 0001:0001bf40       ?RecType@Polymorph@@UAEHXZ 0041cf40 f calc3dp.obj
 0001:0001bf70       ??0Polymorph@@QAE@AAV0@@Z  0041cf70 f calc3dp.obj
 0001:0001c020       ??4Polymorph@@QAEAAV0@AAV0@@Z 0041d020 f calc3dp.obj
 0001:0001c080       ??_GPolymorph@@UAEPAXI@Z   0041d080 f calc3dp.obj
 0001:0001c0c0       ??_EPolymorph@@UAEPAXI@Z   0041d0c0 f calc3dp.obj
 0001:0001c130       ??0triton@@QAE@XZ          0041d130 f calc3dp.obj
 0001:0001c1b0       ?OpenMe@triton@@QAEXXZ     0041d1b0 f calc3dp.obj
 0001:0001c1d0       ?MakeCurrent@triton@@UAEXXZ 0041d1d0 f calc3dp.obj
 0001:0001c1f0       ??0triton@@QAE@ABV0@@Z     0041d1f0 f calc3dp.obj
 0001:0001c270       ??4triton@@QAEAAV0@ABV0@@Z 0041d270 f calc3dp.obj
 0001:0001c2a0       ??1triton@@UAE@XZ          0041d2a0 f calc3dp.obj
 0001:0001c300       ??_Gtriton@@UAEPAXI@Z      0041d300 f calc3dp.obj
 0001:0001c340       ??_Etriton@@UAEPAXI@Z      0041d340 f calc3dp.obj
 0001:0001c3c0       ??0TransformObj@@QAE@XZ    0041d3c0 f calc3dp.obj
 0001:0001c440       ??1TransformObj@@UAE@XZ    0041d440 f calc3dp.obj
 0001:0001c4b0       ?RecType@TransformObj@@UAEHXZ 0041d4b0 f calc3dp.obj
 0001:0001c4d0       ?RecName@TransformObj@@UAEPADXZ 0041d4d0 f calc3dp.obj
 0001:0001c4f0       ?RecData@TransformObj@@UAEPAXXZ 0041d4f0 f calc3dp.obj
 0001:0001c510       ?RecDataSize@TransformObj@@QAEJXZ 0041d510 f calc3dp.obj
 0001:0001c530       ?_GetDb@TransformObj@@UAEPAVVistaDb@@XZ 0041d530 f calc3dp.obj
 0001:0001c550       ??ATransformObj@@QAEAAV0@W4NavCtrl@@@Z 0041d550 f calc3dp.obj
 0001:0001c580       ??ATransformObj@@QAEAAV0@AAVKeyObj@@@Z 0041d580 f calc3dp.obj
 0001:0001c5b0       ??ATransformObj@@QAEAAV0@AAVDbAddr@@@Z 0041d5b0 f calc3dp.obj
 0001:0001c5e0       ??ETransformObj@@QAEAAV0@XZ 0041d5e0 f calc3dp.obj
 0001:0001c600       ??FTransformObj@@QAEAAV0@XZ 0041d600 f calc3dp.obj
 0001:0001c620       ??ETransformObj@@QAEAAV0@H@Z 0041d620 f calc3dp.obj
 0001:0001c640       ??FTransformObj@@QAEAAV0@H@Z 0041d640 f calc3dp.obj
 0001:0001c660       ??5TransformObj@@QAEAAVClassesObj@@AAV1@@Z 0041d660 f calc3dp.obj
 0001:0001c690       ?OwnerUsingSet@TransformObj@@QAEAAVClassesObj@@AAV2@H@Z 0041d690 f calc3dp.obj
 0001:0001c6c0       ?Members@TransformObj@@QAEJAAVClassesObj@@H@Z 0041d6c0 f calc3dp.obj
 0001:0001c6f0       ??0TransformObj@@QAE@AAV0@@Z 0041d6f0 f calc3dp.obj
 0001:0001c7a0       ??4TransformObj@@QAEAAV0@AAV0@@Z 0041d7a0 f calc3dp.obj
 0001:0001c800       ??_GTransformObj@@UAEPAXI@Z 0041d800 f calc3dp.obj
 0001:0001c840       ??_ETransformObj@@UAEPAXI@Z 0041d840 f calc3dp.obj
 0001:0001c8c0       ??0ClassesObj@@QAE@XZ      0041d8c0 f calc3dp.obj
 0001:0001c940       ??0ClassesObj@@QAE@AAVSetObj@@@Z 0041d940 f calc3dp.obj
 0001:0001c9c0       ??0ClassesObj@@QAE@AAVKeyObj@@@Z 0041d9c0 f calc3dp.obj
 0001:0001ca40       ??0ClassesObj@@QAE@AAVSystemObj@@@Z 0041da40 f calc3dp.obj
 0001:0001cad0       ??0ClassesObj@@QAE@AAV0@@Z 0041dad0 f calc3dp.obj
 0001:0001cb60       ??0ClassesObj@@QAE@AAVTransformObj@@@Z 0041db60 f calc3dp.obj
 0001:0001cbf0       ??0ClassesObj@@QAE@AAVGroupsObj@@@Z 0041dbf0 f calc3dp.obj
 0001:0001cc80       ??0ClassesObj@@QAE@AAVPropertiesObj@@@Z 0041dc80 f calc3dp.obj
 0001:0001cd10       ??1ClassesObj@@UAE@XZ      0041dd10 f calc3dp.obj
 0001:0001cd80       ?RecType@ClassesObj@@UAEHXZ 0041dd80 f calc3dp.obj
 0001:0001cda0       ?RecName@ClassesObj@@UAEPADXZ 0041dda0 f calc3dp.obj
 0001:0001cdc0       ?RecData@ClassesObj@@UAEPAXXZ 0041ddc0 f calc3dp.obj
 0001:0001cde0       ?RecDataSize@ClassesObj@@QAEJXZ 0041dde0 f calc3dp.obj
 0001:0001ce00       ?_GetDb@ClassesObj@@UAEPAVVistaDb@@XZ 0041de00 f calc3dp.obj
 0001:0001ce20       ??AClassesObj@@QAEAAV0@W4NavCtrl@@@Z 0041de20 f calc3dp.obj
 0001:0001ce50       ??AClassesObj@@QAEAAV0@AAVKeyObj@@@Z 0041de50 f calc3dp.obj
 0001:0001ce80       ??AClassesObj@@QAEAAV0@AAVDbAddr@@@Z 0041de80 f calc3dp.obj
 0001:0001ceb0       ??EClassesObj@@QAEAAV0@XZ  0041deb0 f calc3dp.obj
 0001:0001ced0       ??FClassesObj@@QAEAAV0@XZ  0041ded0 f calc3dp.obj
 0001:0001cef0       ??EClassesObj@@QAEAAV0@H@Z 0041def0 f calc3dp.obj
 0001:0001cf10       ??FClassesObj@@QAEAAV0@H@Z 0041df10 f calc3dp.obj
 0001:0001cf30       ??5ClassesObj@@QAEAAV0@AAV0@@Z 0041df30 f calc3dp.obj
 0001:0001cf60       ?OwnerUsingSet@ClassesObj@@QAEAAV1@AAV1@H@Z 0041df60 f calc3dp.obj
 0001:0001cf90       ?Members@ClassesObj@@QAEJAAV1@H@Z 0041df90 f calc3dp.obj
 0001:0001cfc0       ??5ClassesObj@@QAEAAVConeObj@@AAV1@@Z 0041dfc0 f calc3dp.obj
 0001:0001cff0       ?OwnerUsingSet@ClassesObj@@QAEAAVConeObj@@AAV2@H@Z 0041dff0 f calc3dp.obj
 0001:0001d020       ?Members@ClassesObj@@QAEJAAVConeObj@@H@Z 0041e020 f calc3dp.obj
 0001:0001d050       ??5ClassesObj@@QAEAAVCylinderObj@@AAV1@@Z 0041e050 f calc3dp.obj
 0001:0001d080       ?OwnerUsingSet@ClassesObj@@QAEAAVCylinderObj@@AAV2@H@Z 0041e080 f calc3dp.obj
 0001:0001d0b0       ?Members@ClassesObj@@QAEJAAVCylinderObj@@H@Z 0041e0b0 f calc3dp.obj
 0001:0001d0e0       ??5ClassesObj@@QAEAAVSphereObj@@AAV1@@Z 0041e0e0 f calc3dp.obj
 0001:0001d110       ?OwnerUsingSet@ClassesObj@@QAEAAVSphereObj@@AAV2@H@Z 0041e110 f calc3dp.obj
 0001:0001d140       ?Members@ClassesObj@@QAEJAAVSphereObj@@H@Z 0041e140 f calc3dp.obj
 0001:0001d170       ??5ClassesObj@@QAEAAVBoxObj@@AAV1@@Z 0041e170 f calc3dp.obj
 0001:0001d1a0       ?OwnerUsingSet@ClassesObj@@QAEAAVBoxObj@@AAV2@H@Z 0041e1a0 f calc3dp.obj
 0001:0001d1d0       ?Members@ClassesObj@@QAEJAAVBoxObj@@H@Z 0041e1d0 f calc3dp.obj
 0001:0001d200       ??5ClassesObj@@QAEAAVComplexObj@@AAV1@@Z 0041e200 f calc3dp.obj
 0001:0001d230       ?OwnerUsingSet@ClassesObj@@QAEAAVComplexObj@@AAV2@H@Z 0041e230 f calc3dp.obj
 0001:0001d260       ?Members@ClassesObj@@QAEJAAVComplexObj@@H@Z 0041e260 f calc3dp.obj
 0001:0001d290       ??5ClassesObj@@QAEAAVCirTorusObj@@AAV1@@Z 0041e290 f calc3dp.obj
 0001:0001d2c0       ?OwnerUsingSet@ClassesObj@@QAEAAVCirTorusObj@@AAV2@H@Z 0041e2c0 f calc3dp.obj
 0001:0001d2f0       ?Members@ClassesObj@@QAEJAAVCirTorusObj@@H@Z 0041e2f0 f calc3dp.obj
 0001:0001d320       ??5ClassesObj@@QAEAAVRectTorusObj@@AAV1@@Z 0041e320 f calc3dp.obj
 0001:0001d350       ?OwnerUsingSet@ClassesObj@@QAEAAVRectTorusObj@@AAV2@H@Z 0041e350 f calc3dp.obj
 0001:0001d380       ?Members@ClassesObj@@QAEJAAVRectTorusObj@@H@Z 0041e380 f calc3dp.obj
 0001:0001d3b0       ??5ClassesObj@@QAEAAVPyramidObj@@AAV1@@Z 0041e3b0 f calc3dp.obj
 0001:0001d3e0       ?OwnerUsingSet@ClassesObj@@QAEAAVPyramidObj@@AAV2@H@Z 0041e3e0 f calc3dp.obj
 0001:0001d410       ?Members@ClassesObj@@QAEJAAVPyramidObj@@H@Z 0041e410 f calc3dp.obj
 0001:0001d440       ??5ClassesObj@@QAEAAVLineObj@@AAV1@@Z 0041e440 f calc3dp.obj
 0001:0001d470       ?OwnerUsingSet@ClassesObj@@QAEAAVLineObj@@AAV2@H@Z 0041e470 f calc3dp.obj
 0001:0001d4a0       ?Members@ClassesObj@@QAEJAAVLineObj@@H@Z 0041e4a0 f calc3dp.obj
 0001:0001d4d0       ??5ClassesObj@@QAEAAVPointObj@@AAV1@@Z 0041e4d0 f calc3dp.obj
 0001:0001d500       ?OwnerUsingSet@ClassesObj@@QAEAAVPointObj@@AAV2@H@Z 0041e500 f calc3dp.obj
 0001:0001d530       ?Members@ClassesObj@@QAEJAAVPointObj@@H@Z 0041e530 f calc3dp.obj
 0001:0001d560       ?Connect@ClassesObj@@QAE?AW4T_F@@AAVSystemObj@@H@Z 0041e560 f calc3dp.obj
 0001:0001d590       ?GotoSet@ClassesObj@@QAEAAVStoreObj@@AAVSystemObj@@W4NavCtrl@@H@Z 0041e590 f calc3dp.obj
 0001:0001d5c0       ?DisConnect@ClassesObj@@QAE?AW4T_F@@AAVSystemObj@@H@Z 0041e5c0 f calc3dp.obj
 0001:0001d5f0       ?Set@ClassesObj@@QAEHAAVSystemObj@@@Z 0041e5f0 f calc3dp.obj
 0001:0001d610       ??6ClassesObj@@QAEAAVSystemObj@@AAV1@@Z 0041e610 f calc3dp.obj
 0001:0001d640       ?MemberUsingSet@ClassesObj@@QAEAAVSystemObj@@AAV2@H@Z 0041e640 f calc3dp.obj
 0001:0001d670       ?Connect@ClassesObj@@QAE?AW4T_F@@AAV1@H@Z 0041e670 f calc3dp.obj
 0001:0001d6a0       ?GotoSet@ClassesObj@@QAEAAVStoreObj@@AAV1@W4NavCtrl@@H@Z 0041e6a0 f calc3dp.obj
 0001:0001d6d0       ?DisConnect@ClassesObj@@QAE?AW4T_F@@AAV1@H@Z 0041e6d0 f calc3dp.obj
 0001:0001d700       ?Set@ClassesObj@@QAEHAAV1@@Z 0041e700 f calc3dp.obj
 0001:0001d720       ??6ClassesObj@@QAEAAV0@AAV0@@Z 0041e720 f calc3dp.obj
 0001:0001d750       ?MemberUsingSet@ClassesObj@@QAEAAV1@AAV1@H@Z 0041e750 f calc3dp.obj
 0001:0001d780       ?Connect@ClassesObj@@QAE?AW4T_F@@AAVTransformObj@@H@Z 0041e780 f calc3dp.obj
 0001:0001d7b0       ?GotoSet@ClassesObj@@QAEAAVStoreObj@@AAVTransformObj@@W4NavCtrl@@H@Z 0041e7b0 f calc3dp.obj
 0001:0001d7e0       ?DisConnect@ClassesObj@@QAE?AW4T_F@@AAVTransformObj@@H@Z 0041e7e0 f calc3dp.obj
 0001:0001d810       ?Set@ClassesObj@@QAEHAAVTransformObj@@@Z 0041e810 f calc3dp.obj
 0001:0001d830       ??6ClassesObj@@QAEAAVTransformObj@@AAV1@@Z 0041e830 f calc3dp.obj
 0001:0001d860       ?MemberUsingSet@ClassesObj@@QAEAAVTransformObj@@AAV2@H@Z 0041e860 f calc3dp.obj
 0001:0001d890       ?Connect@ClassesObj@@QAE?AW4T_F@@AAVGroupsObj@@H@Z 0041e890 f calc3dp.obj
 0001:0001d8c0       ?GotoSet@ClassesObj@@QAEAAVStoreObj@@AAVGroupsObj@@W4NavCtrl@@H@Z 0041e8c0 f calc3dp.obj
 0001:0001d8f0       ?DisConnect@ClassesObj@@QAE?AW4T_F@@AAVGroupsObj@@H@Z 0041e8f0 f calc3dp.obj
 0001:0001d920       ?Set@ClassesObj@@QAEHAAVGroupsObj@@@Z 0041e920 f calc3dp.obj
 0001:0001d940       ??6ClassesObj@@QAEAAVGroupsObj@@AAV1@@Z 0041e940 f calc3dp.obj
 0001:0001d970       ?MemberUsingSet@ClassesObj@@QAEAAVGroupsObj@@AAV2@H@Z 0041e970 f calc3dp.obj
 0001:0001d9a0       ?Connect@ClassesObj@@QAE?AW4T_F@@AAVPropertiesObj@@H@Z 0041e9a0 f calc3dp.obj
 0001:0001d9d0       ?GotoSet@ClassesObj@@QAEAAVStoreObj@@AAVPropertiesObj@@W4NavCtrl@@H@Z 0041e9d0 f calc3dp.obj
 0001:0001da00       ?DisConnect@ClassesObj@@QAE?AW4T_F@@AAVPropertiesObj@@H@Z 0041ea00 f calc3dp.obj
 0001:0001da30       ?Set@ClassesObj@@QAEHAAVPropertiesObj@@@Z 0041ea30 f calc3dp.obj
 0001:0001da50       ??6ClassesObj@@QAEAAVPropertiesObj@@AAV1@@Z 0041ea50 f calc3dp.obj
 0001:0001da80       ?MemberUsingSet@ClassesObj@@QAEAAVPropertiesObj@@AAV2@H@Z 0041ea80 f calc3dp.obj
 0001:0001dab0       ??4ClassesObj@@QAEAAV0@AAV0@@Z 0041eab0 f calc3dp.obj
 0001:0001db10       ??_GClassesObj@@UAEPAXI@Z  0041eb10 f calc3dp.obj
 0001:0001db50       ??_EClassesObj@@UAEPAXI@Z  0041eb50 f calc3dp.obj
 0001:0001dbd0       ??0GroupsObj@@QAE@XZ       0041ebd0 f calc3dp.obj
 0001:0001dc50       ??0GroupsObj@@QAE@AAVKeyObj@@@Z 0041ec50 f calc3dp.obj
 0001:0001dcd0       ??1GroupsObj@@UAE@XZ       0041ecd0 f calc3dp.obj
 0001:0001dd40       ?RecType@GroupsObj@@UAEHXZ 0041ed40 f calc3dp.obj
 0001:0001dd60       ?RecName@GroupsObj@@UAEPADXZ 0041ed60 f calc3dp.obj
 0001:0001dd80       ?RecData@GroupsObj@@UAEPAXXZ 0041ed80 f calc3dp.obj
 0001:0001dda0       ?RecDataSize@GroupsObj@@QAEJXZ 0041eda0 f calc3dp.obj
 0001:0001ddc0       ?_GetDb@GroupsObj@@UAEPAVVistaDb@@XZ 0041edc0 f calc3dp.obj
 0001:0001dde0       ??AGroupsObj@@QAEAAV0@W4NavCtrl@@@Z 0041ede0 f calc3dp.obj
 0001:0001de10       ??AGroupsObj@@QAEAAV0@AAVKeyObj@@@Z 0041ee10 f calc3dp.obj
 0001:0001de40       ??AGroupsObj@@QAEAAV0@AAVDbAddr@@@Z 0041ee40 f calc3dp.obj
 0001:0001de70       ??EGroupsObj@@QAEAAV0@XZ   0041ee70 f calc3dp.obj
 0001:0001de90       ??FGroupsObj@@QAEAAV0@XZ   0041ee90 f calc3dp.obj
 0001:0001deb0       ??EGroupsObj@@QAEAAV0@H@Z  0041eeb0 f calc3dp.obj
 0001:0001ded0       ??FGroupsObj@@QAEAAV0@H@Z  0041eed0 f calc3dp.obj
 0001:0001def0       ??5GroupsObj@@QAEAAVClassesObj@@AAV1@@Z 0041eef0 f calc3dp.obj
 0001:0001df20       ?OwnerUsingSet@GroupsObj@@QAEAAVClassesObj@@AAV2@H@Z 0041ef20 f calc3dp.obj
 0001:0001df50       ?Members@GroupsObj@@QAEJAAVClassesObj@@H@Z 0041ef50 f calc3dp.obj
 0001:0001df80       ??0GroupsObj@@QAE@AAV0@@Z  0041ef80 f calc3dp.obj
 0001:0001e030       ??4GroupsObj@@QAEAAV0@AAV0@@Z 0041f030 f calc3dp.obj
 0001:0001e090       ??_GGroupsObj@@UAEPAXI@Z   0041f090 f calc3dp.obj
 0001:0001e0d0       ??_EGroupsObj@@UAEPAXI@Z   0041f0d0 f calc3dp.obj
 0001:0001e140       ??0PropertiesObj@@QAE@XZ   0041f140 f calc3dp.obj
 0001:0001e1c0       ??1PropertiesObj@@UAE@XZ   0041f1c0 f calc3dp.obj
 0001:0001e230       ?RecType@PropertiesObj@@UAEHXZ 0041f230 f calc3dp.obj
 0001:0001e250       ?RecName@PropertiesObj@@UAEPADXZ 0041f250 f calc3dp.obj
 0001:0001e270       ?RecData@PropertiesObj@@UAEPAXXZ 0041f270 f calc3dp.obj
 0001:0001e290       ?RecDataSize@PropertiesObj@@QAEJXZ 0041f290 f calc3dp.obj
 0001:0001e2b0       ?_GetDb@PropertiesObj@@UAEPAVVistaDb@@XZ 0041f2b0 f calc3dp.obj
 0001:0001e2d0       ??APropertiesObj@@QAEAAV0@W4NavCtrl@@@Z 0041f2d0 f calc3dp.obj
 0001:0001e300       ??APropertiesObj@@QAEAAV0@AAVKeyObj@@@Z 0041f300 f calc3dp.obj
 0001:0001e330       ??APropertiesObj@@QAEAAV0@AAVDbAddr@@@Z 0041f330 f calc3dp.obj
 0001:0001e360       ??EPropertiesObj@@QAEAAV0@XZ 0041f360 f calc3dp.obj
 0001:0001e380       ??FPropertiesObj@@QAEAAV0@XZ 0041f380 f calc3dp.obj
 0001:0001e3a0       ??EPropertiesObj@@QAEAAV0@H@Z 0041f3a0 f calc3dp.obj
 0001:0001e3c0       ??FPropertiesObj@@QAEAAV0@H@Z 0041f3c0 f calc3dp.obj
 0001:0001e3e0       ??5PropertiesObj@@QAEAAVClassesObj@@AAV1@@Z 0041f3e0 f calc3dp.obj
 0001:0001e410       ?OwnerUsingSet@PropertiesObj@@QAEAAVClassesObj@@AAV2@H@Z 0041f410 f calc3dp.obj
 0001:0001e440       ?Members@PropertiesObj@@QAEJAAVClassesObj@@H@Z 0041f440 f calc3dp.obj
 0001:0001e470       ??0PropertiesObj@@QAE@AAV0@@Z 0041f470 f calc3dp.obj
 0001:0001e520       ??4PropertiesObj@@QAEAAV0@AAV0@@Z 0041f520 f calc3dp.obj
 0001:0001e580       ??_GPropertiesObj@@UAEPAXI@Z 0041f580 f calc3dp.obj
 0001:0001e5c0       ??_EPropertiesObj@@UAEPAXI@Z 0041f5c0 f calc3dp.obj
 0001:0001e630       ??0ElementObj@@QAE@XZ      0041f630 f calc3dp.obj
 0001:0001e6b0       ?RecData@ElementObj@@UAEPAXXZ 0041f6b0 f calc3dp.obj
 0001:0001e6d0       ?_GetDb@ElementObj@@UAEPAVVistaDb@@XZ 0041f6d0 f calc3dp.obj
 0001:0001e6f0       ??0ElementObj@@QAE@AAV0@@Z 0041f6f0 f calc3dp.obj
 0001:0001e790       ??4ElementObj@@QAEAAV0@AAV0@@Z 0041f790 f calc3dp.obj
 0001:0001e800       ??1ElementObj@@UAE@XZ      0041f800 f calc3dp.obj
 0001:0001e860       ??_GElementObj@@UAEPAXI@Z  0041f860 f calc3dp.obj
 0001:0001e8a0       ??_EElementObj@@UAEPAXI@Z  0041f8a0 f calc3dp.obj
 0001:0001e910       ??0BoxObj@@QAE@XZ          0041f910 f calc3dp.obj
 0001:0001e980       ??1BoxObj@@UAE@XZ          0041f980 f calc3dp.obj
 0001:0001e9f0       ?RecType@BoxObj@@UAEHXZ    0041f9f0 f calc3dp.obj
 0001:0001ea10       ?RecName@BoxObj@@UAEPADXZ  0041fa10 f calc3dp.obj
 0001:0001ea30       ?RecDataSize@BoxObj@@UAEJXZ 0041fa30 f calc3dp.obj
 0001:0001ea50       ?_GetDb@BoxObj@@UAEPAVVistaDb@@XZ 0041fa50 f calc3dp.obj
 0001:0001ea70       ??ABoxObj@@QAEAAV0@W4NavCtrl@@@Z 0041fa70 f calc3dp.obj
 0001:0001eaa0       ??ABoxObj@@QAEAAV0@AAVKeyObj@@@Z 0041faa0 f calc3dp.obj
 0001:0001ead0       ??ABoxObj@@QAEAAV0@AAVDbAddr@@@Z 0041fad0 f calc3dp.obj
 0001:0001eb00       ??EBoxObj@@QAEAAV0@XZ      0041fb00 f calc3dp.obj
 0001:0001eb20       ??FBoxObj@@QAEAAV0@XZ      0041fb20 f calc3dp.obj
 0001:0001eb40       ??EBoxObj@@QAEAAV0@H@Z     0041fb40 f calc3dp.obj
 0001:0001eb60       ??FBoxObj@@QAEAAV0@H@Z     0041fb60 f calc3dp.obj
 0001:0001eb80       ?Connect@BoxObj@@QAE?AW4T_F@@AAVClassesObj@@H@Z 0041fb80 f calc3dp.obj
 0001:0001ebb0       ?GotoSet@BoxObj@@QAEAAVStoreObj@@AAVClassesObj@@W4NavCtrl@@H@Z 0041fbb0 f calc3dp.obj
 0001:0001ebe0       ?DisConnect@BoxObj@@QAE?AW4T_F@@AAVClassesObj@@H@Z 0041fbe0 f calc3dp.obj
 0001:0001ec10       ?Set@BoxObj@@QAEHAAVClassesObj@@@Z 0041fc10 f calc3dp.obj
 0001:0001ec30       ??6BoxObj@@QAEAAVClassesObj@@AAV1@@Z 0041fc30 f calc3dp.obj
 0001:0001ec60       ?MemberUsingSet@BoxObj@@QAEAAVClassesObj@@AAV2@H@Z 0041fc60 f calc3dp.obj
 0001:0001ec90       ??0BoxObj@@QAE@AAV0@@Z     0041fc90 f calc3dp.obj
 0001:0001ed40       ??4BoxObj@@QAEAAV0@AAV0@@Z 0041fd40 f calc3dp.obj
 0001:0001eda0       ??_GBoxObj@@UAEPAXI@Z      0041fda0 f calc3dp.obj
 0001:0001ede0       ??_EBoxObj@@UAEPAXI@Z      0041fde0 f calc3dp.obj
 0001:0001ee50       ??0CirTorusObj@@QAE@XZ     0041fe50 f calc3dp.obj
 0001:0001eec0       ??1CirTorusObj@@UAE@XZ     0041fec0 f calc3dp.obj
 0001:0001ef30       ?RecType@CirTorusObj@@UAEHXZ 0041ff30 f calc3dp.obj
 0001:0001ef50       ?RecName@CirTorusObj@@UAEPADXZ 0041ff50 f calc3dp.obj
 0001:0001ef70       ?RecDataSize@CirTorusObj@@UAEJXZ 0041ff70 f calc3dp.obj
 0001:0001ef90       ?_GetDb@CirTorusObj@@UAEPAVVistaDb@@XZ 0041ff90 f calc3dp.obj
 0001:0001efb0       ??ACirTorusObj@@QAEAAV0@W4NavCtrl@@@Z 0041ffb0 f calc3dp.obj
 0001:0001efe0       ??ACirTorusObj@@QAEAAV0@AAVKeyObj@@@Z 0041ffe0 f calc3dp.obj
 0001:0001f010       ??ACirTorusObj@@QAEAAV0@AAVDbAddr@@@Z 00420010 f calc3dp.obj
 0001:0001f040       ??ECirTorusObj@@QAEAAV0@XZ 00420040 f calc3dp.obj
 0001:0001f060       ??FCirTorusObj@@QAEAAV0@XZ 00420060 f calc3dp.obj
 0001:0001f080       ??ECirTorusObj@@QAEAAV0@H@Z 00420080 f calc3dp.obj
 0001:0001f0a0       ??FCirTorusObj@@QAEAAV0@H@Z 004200a0 f calc3dp.obj
 0001:0001f0c0       ?Connect@CirTorusObj@@QAE?AW4T_F@@AAVClassesObj@@H@Z 004200c0 f calc3dp.obj
 0001:0001f0f0       ?GotoSet@CirTorusObj@@QAEAAVStoreObj@@AAVClassesObj@@W4NavCtrl@@H@Z 004200f0 f calc3dp.obj
 0001:0001f120       ?DisConnect@CirTorusObj@@QAE?AW4T_F@@AAVClassesObj@@H@Z 00420120 f calc3dp.obj
 0001:0001f150       ?Set@CirTorusObj@@QAEHAAVClassesObj@@@Z 00420150 f calc3dp.obj
 0001:0001f170       ??6CirTorusObj@@QAEAAVClassesObj@@AAV1@@Z 00420170 f calc3dp.obj
 0001:0001f1a0       ?MemberUsingSet@CirTorusObj@@QAEAAVClassesObj@@AAV2@H@Z 004201a0 f calc3dp.obj
 0001:0001f1d0       ??0CirTorusObj@@QAE@AAV0@@Z 004201d0 f calc3dp.obj
 0001:0001f280       ??4CirTorusObj@@QAEAAV0@AAV0@@Z 00420280 f calc3dp.obj
 0001:0001f2e0       ??_GCirTorusObj@@UAEPAXI@Z 004202e0 f calc3dp.obj
 0001:0001f320       ??_ECirTorusObj@@UAEPAXI@Z 00420320 f calc3dp.obj
 0001:0001f390       ??0ConeObj@@QAE@XZ         00420390 f calc3dp.obj
 0001:0001f400       ??1ConeObj@@UAE@XZ         00420400 f calc3dp.obj
 0001:0001f470       ?RecType@ConeObj@@UAEHXZ   00420470 f calc3dp.obj
 0001:0001f490       ?RecName@ConeObj@@UAEPADXZ 00420490 f calc3dp.obj
 0001:0001f4b0       ?RecDataSize@ConeObj@@UAEJXZ 004204b0 f calc3dp.obj
 0001:0001f4d0       ?_GetDb@ConeObj@@UAEPAVVistaDb@@XZ 004204d0 f calc3dp.obj
 0001:0001f4f0       ??AConeObj@@QAEAAV0@W4NavCtrl@@@Z 004204f0 f calc3dp.obj
 0001:0001f520       ??AConeObj@@QAEAAV0@AAVKeyObj@@@Z 00420520 f calc3dp.obj
 0001:0001f550       ??AConeObj@@QAEAAV0@AAVDbAddr@@@Z 00420550 f calc3dp.obj
 0001:0001f580       ??EConeObj@@QAEAAV0@XZ     00420580 f calc3dp.obj
 0001:0001f5a0       ??FConeObj@@QAEAAV0@XZ     004205a0 f calc3dp.obj
 0001:0001f5c0       ??EConeObj@@QAEAAV0@H@Z    004205c0 f calc3dp.obj
 0001:0001f5e0       ??FConeObj@@QAEAAV0@H@Z    004205e0 f calc3dp.obj
 0001:0001f600       ?Connect@ConeObj@@QAE?AW4T_F@@AAVClassesObj@@H@Z 00420600 f calc3dp.obj
 0001:0001f630       ?GotoSet@ConeObj@@QAEAAVStoreObj@@AAVClassesObj@@W4NavCtrl@@H@Z 00420630 f calc3dp.obj
 0001:0001f660       ?DisConnect@ConeObj@@QAE?AW4T_F@@AAVClassesObj@@H@Z 00420660 f calc3dp.obj
 0001:0001f690       ?Set@ConeObj@@QAEHAAVClassesObj@@@Z 00420690 f calc3dp.obj
 0001:0001f6b0       ??6ConeObj@@QAEAAVClassesObj@@AAV1@@Z 004206b0 f calc3dp.obj
 0001:0001f6e0       ?MemberUsingSet@ConeObj@@QAEAAVClassesObj@@AAV2@H@Z 004206e0 f calc3dp.obj
 0001:0001f710       ??0ConeObj@@QAE@AAV0@@Z    00420710 f calc3dp.obj
 0001:0001f7c0       ??4ConeObj@@QAEAAV0@AAV0@@Z 004207c0 f calc3dp.obj
 0001:0001f820       ??_GConeObj@@UAEPAXI@Z     00420820 f calc3dp.obj
 0001:0001f860       ??_EConeObj@@UAEPAXI@Z     00420860 f calc3dp.obj
 0001:0001f8d0       ??0CylinderObj@@QAE@XZ     004208d0 f calc3dp.obj
 0001:0001f940       ??1CylinderObj@@UAE@XZ     00420940 f calc3dp.obj
 0001:0001f9b0       ?RecType@CylinderObj@@UAEHXZ 004209b0 f calc3dp.obj
 0001:0001f9d0       ?RecName@CylinderObj@@UAEPADXZ 004209d0 f calc3dp.obj
 0001:0001f9f0       ?RecDataSize@CylinderObj@@UAEJXZ 004209f0 f calc3dp.obj
 0001:0001fa10       ?_GetDb@CylinderObj@@UAEPAVVistaDb@@XZ 00420a10 f calc3dp.obj
 0001:0001fa30       ??ACylinderObj@@QAEAAV0@W4NavCtrl@@@Z 00420a30 f calc3dp.obj
 0001:0001fa60       ??ACylinderObj@@QAEAAV0@AAVKeyObj@@@Z 00420a60 f calc3dp.obj
 0001:0001fa90       ??ACylinderObj@@QAEAAV0@AAVDbAddr@@@Z 00420a90 f calc3dp.obj
 0001:0001fac0       ??ECylinderObj@@QAEAAV0@XZ 00420ac0 f calc3dp.obj
 0001:0001fae0       ??FCylinderObj@@QAEAAV0@XZ 00420ae0 f calc3dp.obj
 0001:0001fb00       ??ECylinderObj@@QAEAAV0@H@Z 00420b00 f calc3dp.obj
 0001:0001fb20       ??FCylinderObj@@QAEAAV0@H@Z 00420b20 f calc3dp.obj
 0001:0001fb40       ?Connect@CylinderObj@@QAE?AW4T_F@@AAVClassesObj@@H@Z 00420b40 f calc3dp.obj
 0001:0001fb70       ?GotoSet@CylinderObj@@QAEAAVStoreObj@@AAVClassesObj@@W4NavCtrl@@H@Z 00420b70 f calc3dp.obj
 0001:0001fba0       ?DisConnect@CylinderObj@@QAE?AW4T_F@@AAVClassesObj@@H@Z 00420ba0 f calc3dp.obj
 0001:0001fbd0       ?Set@CylinderObj@@QAEHAAVClassesObj@@@Z 00420bd0 f calc3dp.obj
 0001:0001fbf0       ??6CylinderObj@@QAEAAVClassesObj@@AAV1@@Z 00420bf0 f calc3dp.obj
 0001:0001fc20       ?MemberUsingSet@CylinderObj@@QAEAAVClassesObj@@AAV2@H@Z 00420c20 f calc3dp.obj
 0001:0001fc50       ??0CylinderObj@@QAE@AAV0@@Z 00420c50 f calc3dp.obj
 0001:0001fd00       ??4CylinderObj@@QAEAAV0@AAV0@@Z 00420d00 f calc3dp.obj
 0001:0001fd60       ??_GCylinderObj@@UAEPAXI@Z 00420d60 f calc3dp.obj
 0001:0001fda0       ??_ECylinderObj@@UAEPAXI@Z 00420da0 f calc3dp.obj
 0001:0001fe10       ??0RectTorusObj@@QAE@XZ    00420e10 f calc3dp.obj
 0001:0001fe80       ??1RectTorusObj@@UAE@XZ    00420e80 f calc3dp.obj
 0001:0001fef0       ?RecType@RectTorusObj@@UAEHXZ 00420ef0 f calc3dp.obj
 0001:0001ff10       ?RecName@RectTorusObj@@UAEPADXZ 00420f10 f calc3dp.obj
 0001:0001ff30       ?RecDataSize@RectTorusObj@@UAEJXZ 00420f30 f calc3dp.obj
 0001:0001ff50       ?_GetDb@RectTorusObj@@UAEPAVVistaDb@@XZ 00420f50 f calc3dp.obj
 0001:0001ff70       ??ARectTorusObj@@QAEAAV0@W4NavCtrl@@@Z 00420f70 f calc3dp.obj
 0001:0001ffa0       ??ARectTorusObj@@QAEAAV0@AAVKeyObj@@@Z 00420fa0 f calc3dp.obj
 0001:0001ffd0       ??ARectTorusObj@@QAEAAV0@AAVDbAddr@@@Z 00420fd0 f calc3dp.obj
 0001:00020000       ??ERectTorusObj@@QAEAAV0@XZ 00421000 f calc3dp.obj
 0001:00020020       ??FRectTorusObj@@QAEAAV0@XZ 00421020 f calc3dp.obj
 0001:00020040       ??ERectTorusObj@@QAEAAV0@H@Z 00421040 f calc3dp.obj
 0001:00020060       ??FRectTorusObj@@QAEAAV0@H@Z 00421060 f calc3dp.obj
 0001:00020080       ?Connect@RectTorusObj@@QAE?AW4T_F@@AAVClassesObj@@H@Z 00421080 f calc3dp.obj
 0001:000200b0       ?GotoSet@RectTorusObj@@QAEAAVStoreObj@@AAVClassesObj@@W4NavCtrl@@H@Z 004210b0 f calc3dp.obj
 0001:000200e0       ?DisConnect@RectTorusObj@@QAE?AW4T_F@@AAVClassesObj@@H@Z 004210e0 f calc3dp.obj
 0001:00020110       ?Set@RectTorusObj@@QAEHAAVClassesObj@@@Z 00421110 f calc3dp.obj
 0001:00020130       ??6RectTorusObj@@QAEAAVClassesObj@@AAV1@@Z 00421130 f calc3dp.obj
 0001:00020160       ?MemberUsingSet@RectTorusObj@@QAEAAVClassesObj@@AAV2@H@Z 00421160 f calc3dp.obj
 0001:00020190       ??0RectTorusObj@@QAE@AAV0@@Z 00421190 f calc3dp.obj
 0001:00020240       ??4RectTorusObj@@QAEAAV0@AAV0@@Z 00421240 f calc3dp.obj
 0001:000202a0       ??_GRectTorusObj@@UAEPAXI@Z 004212a0 f calc3dp.obj
 0001:000202e0       ??_ERectTorusObj@@UAEPAXI@Z 004212e0 f calc3dp.obj
 0001:00020350       ??0SphereObj@@QAE@XZ       00421350 f calc3dp.obj
 0001:000203c0       ??1SphereObj@@UAE@XZ       004213c0 f calc3dp.obj
 0001:00020430       ?RecType@SphereObj@@UAEHXZ 00421430 f calc3dp.obj
 0001:00020450       ?RecName@SphereObj@@UAEPADXZ 00421450 f calc3dp.obj
 0001:00020470       ?RecDataSize@SphereObj@@UAEJXZ 00421470 f calc3dp.obj
 0001:00020490       ?_GetDb@SphereObj@@UAEPAVVistaDb@@XZ 00421490 f calc3dp.obj
 0001:000204b0       ??ASphereObj@@QAEAAV0@W4NavCtrl@@@Z 004214b0 f calc3dp.obj
 0001:000204e0       ??ASphereObj@@QAEAAV0@AAVKeyObj@@@Z 004214e0 f calc3dp.obj
 0001:00020510       ??ASphereObj@@QAEAAV0@AAVDbAddr@@@Z 00421510 f calc3dp.obj
 0001:00020540       ??ESphereObj@@QAEAAV0@XZ   00421540 f calc3dp.obj
 0001:00020560       ??FSphereObj@@QAEAAV0@XZ   00421560 f calc3dp.obj
 0001:00020580       ??ESphereObj@@QAEAAV0@H@Z  00421580 f calc3dp.obj
 0001:000205a0       ??FSphereObj@@QAEAAV0@H@Z  004215a0 f calc3dp.obj
 0001:000205c0       ?Connect@SphereObj@@QAE?AW4T_F@@AAVClassesObj@@H@Z 004215c0 f calc3dp.obj
 0001:000205f0       ?GotoSet@SphereObj@@QAEAAVStoreObj@@AAVClassesObj@@W4NavCtrl@@H@Z 004215f0 f calc3dp.obj
 0001:00020620       ?DisConnect@SphereObj@@QAE?AW4T_F@@AAVClassesObj@@H@Z 00421620 f calc3dp.obj
 0001:00020650       ?Set@SphereObj@@QAEHAAVClassesObj@@@Z 00421650 f calc3dp.obj
 0001:00020670       ??6SphereObj@@QAEAAVClassesObj@@AAV1@@Z 00421670 f calc3dp.obj
 0001:000206a0       ?MemberUsingSet@SphereObj@@QAEAAVClassesObj@@AAV2@H@Z 004216a0 f calc3dp.obj
 0001:000206d0       ??0SphereObj@@QAE@AAV0@@Z  004216d0 f calc3dp.obj
 0001:00020780       ??4SphereObj@@QAEAAV0@AAV0@@Z 00421780 f calc3dp.obj
 0001:000207e0       ??_GSphereObj@@UAEPAXI@Z   004217e0 f calc3dp.obj
 0001:00020820       ??_ESphereObj@@UAEPAXI@Z   00421820 f calc3dp.obj
 0001:00020890       ??0PyramidObj@@QAE@XZ      00421890 f calc3dp.obj
 0001:00020900       ??1PyramidObj@@UAE@XZ      00421900 f calc3dp.obj
 0001:00020970       ?RecType@PyramidObj@@UAEHXZ 00421970 f calc3dp.obj
 0001:00020990       ?RecName@PyramidObj@@UAEPADXZ 00421990 f calc3dp.obj
 0001:000209b0       ?RecDataSize@PyramidObj@@UAEJXZ 004219b0 f calc3dp.obj
 0001:000209d0       ?_GetDb@PyramidObj@@UAEPAVVistaDb@@XZ 004219d0 f calc3dp.obj
 0001:000209f0       ??APyramidObj@@QAEAAV0@W4NavCtrl@@@Z 004219f0 f calc3dp.obj
 0001:00020a20       ??APyramidObj@@QAEAAV0@AAVKeyObj@@@Z 00421a20 f calc3dp.obj
 0001:00020a50       ??APyramidObj@@QAEAAV0@AAVDbAddr@@@Z 00421a50 f calc3dp.obj
 0001:00020a80       ??EPyramidObj@@QAEAAV0@XZ  00421a80 f calc3dp.obj
 0001:00020aa0       ??FPyramidObj@@QAEAAV0@XZ  00421aa0 f calc3dp.obj
 0001:00020ac0       ??EPyramidObj@@QAEAAV0@H@Z 00421ac0 f calc3dp.obj
 0001:00020ae0       ??FPyramidObj@@QAEAAV0@H@Z 00421ae0 f calc3dp.obj
 0001:00020b00       ?Connect@PyramidObj@@QAE?AW4T_F@@AAVClassesObj@@H@Z 00421b00 f calc3dp.obj
 0001:00020b30       ?GotoSet@PyramidObj@@QAEAAVStoreObj@@AAVClassesObj@@W4NavCtrl@@H@Z 00421b30 f calc3dp.obj
 0001:00020b60       ?DisConnect@PyramidObj@@QAE?AW4T_F@@AAVClassesObj@@H@Z 00421b60 f calc3dp.obj
 0001:00020b90       ?Set@PyramidObj@@QAEHAAVClassesObj@@@Z 00421b90 f calc3dp.obj
 0001:00020bb0       ??6PyramidObj@@QAEAAVClassesObj@@AAV1@@Z 00421bb0 f calc3dp.obj
 0001:00020be0       ?MemberUsingSet@PyramidObj@@QAEAAVClassesObj@@AAV2@H@Z 00421be0 f calc3dp.obj
 0001:00020c10       ??0PyramidObj@@QAE@AAV0@@Z 00421c10 f calc3dp.obj
 0001:00020cc0       ??4PyramidObj@@QAEAAV0@AAV0@@Z 00421cc0 f calc3dp.obj
 0001:00020d20       ??_GPyramidObj@@UAEPAXI@Z  00421d20 f calc3dp.obj
 0001:00020d60       ??_EPyramidObj@@UAEPAXI@Z  00421d60 f calc3dp.obj
 0001:00020dd0       ??0ComplexObj@@QAE@XZ      00421dd0 f calc3dp.obj
 0001:00020e40       ??1ComplexObj@@UAE@XZ      00421e40 f calc3dp.obj
 0001:00020eb0       ?RecType@ComplexObj@@UAEHXZ 00421eb0 f calc3dp.obj
 0001:00020ed0       ?RecName@ComplexObj@@UAEPADXZ 00421ed0 f calc3dp.obj
 0001:00020ef0       ?RecDataSize@ComplexObj@@UAEJXZ 00421ef0 f calc3dp.obj
 0001:00020f10       ?_GetDb@ComplexObj@@UAEPAVVistaDb@@XZ 00421f10 f calc3dp.obj
 0001:00020f30       ??AComplexObj@@QAEAAV0@W4NavCtrl@@@Z 00421f30 f calc3dp.obj
 0001:00020f60       ??AComplexObj@@QAEAAV0@AAVKeyObj@@@Z 00421f60 f calc3dp.obj
 0001:00020f90       ??AComplexObj@@QAEAAV0@AAVDbAddr@@@Z 00421f90 f calc3dp.obj
 0001:00020fc0       ??EComplexObj@@QAEAAV0@XZ  00421fc0 f calc3dp.obj
 0001:00020fe0       ??FComplexObj@@QAEAAV0@XZ  00421fe0 f calc3dp.obj
 0001:00021000       ??EComplexObj@@QAEAAV0@H@Z 00422000 f calc3dp.obj
 0001:00021020       ??FComplexObj@@QAEAAV0@H@Z 00422020 f calc3dp.obj
 0001:00021040       ??5ComplexObj@@QAEAAVFacesObj@@AAV1@@Z 00422040 f calc3dp.obj
 0001:00021070       ?OwnerUsingSet@ComplexObj@@QAEAAVFacesObj@@AAV2@H@Z 00422070 f calc3dp.obj
 0001:000210a0       ?Members@ComplexObj@@QAEJAAVFacesObj@@H@Z 004220a0 f calc3dp.obj
 0001:000210d0       ?Connect@ComplexObj@@QAE?AW4T_F@@AAVClassesObj@@H@Z 004220d0 f calc3dp.obj
 0001:00021100       ?GotoSet@ComplexObj@@QAEAAVStoreObj@@AAVClassesObj@@W4NavCtrl@@H@Z 00422100 f calc3dp.obj
 0001:00021130       ?DisConnect@ComplexObj@@QAE?AW4T_F@@AAVClassesObj@@H@Z 00422130 f calc3dp.obj
 0001:00021160       ?Set@ComplexObj@@QAEHAAVClassesObj@@@Z 00422160 f calc3dp.obj
 0001:00021180       ??6ComplexObj@@QAEAAVClassesObj@@AAV1@@Z 00422180 f calc3dp.obj
 0001:000211b0       ?MemberUsingSet@ComplexObj@@QAEAAVClassesObj@@AAV2@H@Z 004221b0 f calc3dp.obj
 0001:000211e0       ??0ComplexObj@@QAE@AAV0@@Z 004221e0 f calc3dp.obj
 0001:00021290       ??4ComplexObj@@QAEAAV0@AAV0@@Z 00422290 f calc3dp.obj
 0001:000212f0       ??_GComplexObj@@UAEPAXI@Z  004222f0 f calc3dp.obj
 0001:00021330       ??_EComplexObj@@UAEPAXI@Z  00422330 f calc3dp.obj
 0001:000213a0       ??0FacesObj@@QAE@XZ        004223a0 f calc3dp.obj
 0001:00021410       ??1FacesObj@@UAE@XZ        00422410 f calc3dp.obj
 0001:00021480       ?RecType@FacesObj@@UAEHXZ  00422480 f calc3dp.obj
 0001:000214a0       ?RecName@FacesObj@@UAEPADXZ 004224a0 f calc3dp.obj
 0001:000214c0       ?RecDataSize@FacesObj@@UAEJXZ 004224c0 f calc3dp.obj
 0001:000214e0       ?_GetDb@FacesObj@@UAEPAVVistaDb@@XZ 004224e0 f calc3dp.obj
 0001:00021500       ??AFacesObj@@QAEAAV0@W4NavCtrl@@@Z 00422500 f calc3dp.obj
 0001:00021530       ??AFacesObj@@QAEAAV0@AAVKeyObj@@@Z 00422530 f calc3dp.obj
 0001:00021560       ??AFacesObj@@QAEAAV0@AAVDbAddr@@@Z 00422560 f calc3dp.obj
 0001:00021590       ??EFacesObj@@QAEAAV0@XZ    00422590 f calc3dp.obj
 0001:000215b0       ??FFacesObj@@QAEAAV0@XZ    004225b0 f calc3dp.obj
 0001:000215d0       ??EFacesObj@@QAEAAV0@H@Z   004225d0 f calc3dp.obj
 0001:000215f0       ??FFacesObj@@QAEAAV0@H@Z   004225f0 f calc3dp.obj
 0001:00021610       ??5FacesObj@@QAEAAVVerticesObj@@AAV1@@Z 00422610 f calc3dp.obj
 0001:00021640       ?OwnerUsingSet@FacesObj@@QAEAAVVerticesObj@@AAV2@H@Z 00422640 f calc3dp.obj
 0001:00021670       ?Members@FacesObj@@QAEJAAVVerticesObj@@H@Z 00422670 f calc3dp.obj
 0001:000216a0       ?Connect@FacesObj@@QAE?AW4T_F@@AAVComplexObj@@H@Z 004226a0 f calc3dp.obj
 0001:000216d0       ?GotoSet@FacesObj@@QAEAAVStoreObj@@AAVComplexObj@@W4NavCtrl@@H@Z 004226d0 f calc3dp.obj
 0001:00021700       ?DisConnect@FacesObj@@QAE?AW4T_F@@AAVComplexObj@@H@Z 00422700 f calc3dp.obj
 0001:00021730       ?Set@FacesObj@@QAEHAAVComplexObj@@@Z 00422730 f calc3dp.obj
 0001:00021750       ??6FacesObj@@QAEAAVComplexObj@@AAV1@@Z 00422750 f calc3dp.obj
 0001:00021780       ?MemberUsingSet@FacesObj@@QAEAAVComplexObj@@AAV2@H@Z 00422780 f calc3dp.obj
 0001:000217b0       ??0FacesObj@@QAE@AAV0@@Z   004227b0 f calc3dp.obj
 0001:00021850       ??4FacesObj@@QAEAAV0@AAV0@@Z 00422850 f calc3dp.obj
 0001:000218b0       ??_GFacesObj@@UAEPAXI@Z    004228b0 f calc3dp.obj
 0001:000218f0       ??_EFacesObj@@UAEPAXI@Z    004228f0 f calc3dp.obj
 0001:00021960       ??0VerticesObj@@QAE@XZ     00422960 f calc3dp.obj
 0001:000219d0       ??1VerticesObj@@UAE@XZ     004229d0 f calc3dp.obj
 0001:00021a40       ?RecType@VerticesObj@@UAEHXZ 00422a40 f calc3dp.obj
 0001:00021a60       ?RecName@VerticesObj@@UAEPADXZ 00422a60 f calc3dp.obj
 0001:00021a80       ?RecDataSize@VerticesObj@@UAEJXZ 00422a80 f calc3dp.obj
 0001:00021aa0       ?_GetDb@VerticesObj@@UAEPAVVistaDb@@XZ 00422aa0 f calc3dp.obj
 0001:00021ac0       ??AVerticesObj@@QAEAAV0@W4NavCtrl@@@Z 00422ac0 f calc3dp.obj
 0001:00021af0       ??AVerticesObj@@QAEAAV0@AAVKeyObj@@@Z 00422af0 f calc3dp.obj
 0001:00021b20       ??AVerticesObj@@QAEAAV0@AAVDbAddr@@@Z 00422b20 f calc3dp.obj
 0001:00021b50       ??EVerticesObj@@QAEAAV0@XZ 00422b50 f calc3dp.obj
 0001:00021b70       ??FVerticesObj@@QAEAAV0@XZ 00422b70 f calc3dp.obj
 0001:00021b90       ??EVerticesObj@@QAEAAV0@H@Z 00422b90 f calc3dp.obj
 0001:00021bb0       ??FVerticesObj@@QAEAAV0@H@Z 00422bb0 f calc3dp.obj
 0001:00021bd0       ?Connect@VerticesObj@@QAE?AW4T_F@@AAVFacesObj@@H@Z 00422bd0 f calc3dp.obj
 0001:00021c00       ?GotoSet@VerticesObj@@QAEAAVStoreObj@@AAVFacesObj@@W4NavCtrl@@H@Z 00422c00 f calc3dp.obj
 0001:00021c30       ?DisConnect@VerticesObj@@QAE?AW4T_F@@AAVFacesObj@@H@Z 00422c30 f calc3dp.obj
 0001:00021c60       ?Set@VerticesObj@@QAEHAAVFacesObj@@@Z 00422c60 f calc3dp.obj
 0001:00021c80       ??6VerticesObj@@QAEAAVFacesObj@@AAV1@@Z 00422c80 f calc3dp.obj
 0001:00021cb0       ?MemberUsingSet@VerticesObj@@QAEAAVFacesObj@@AAV2@H@Z 00422cb0 f calc3dp.obj
 0001:00021ce0       ??0VerticesObj@@QAE@AAV0@@Z 00422ce0 f calc3dp.obj
 0001:00021d90       ??4VerticesObj@@QAEAAV0@AAV0@@Z 00422d90 f calc3dp.obj
 0001:00021df0       ??_GVerticesObj@@UAEPAXI@Z 00422df0 f calc3dp.obj
 0001:00021e30       ??_EVerticesObj@@UAEPAXI@Z 00422e30 f calc3dp.obj
 0001:00021ea0       ??0PointObj@@QAE@XZ        00422ea0 f calc3dp.obj
 0001:00021f10       ??1PointObj@@UAE@XZ        00422f10 f calc3dp.obj
 0001:00021f80       ?RecType@PointObj@@UAEHXZ  00422f80 f calc3dp.obj
 0001:00021fa0       ?RecName@PointObj@@UAEPADXZ 00422fa0 f calc3dp.obj
 0001:00021fc0       ?RecDataSize@PointObj@@UAEJXZ 00422fc0 f calc3dp.obj
 0001:00021fe0       ?_GetDb@PointObj@@UAEPAVVistaDb@@XZ 00422fe0 f calc3dp.obj
 0001:00022000       ??APointObj@@QAEAAV0@W4NavCtrl@@@Z 00423000 f calc3dp.obj
 0001:00022030       ??APointObj@@QAEAAV0@AAVKeyObj@@@Z 00423030 f calc3dp.obj
 0001:00022060       ??APointObj@@QAEAAV0@AAVDbAddr@@@Z 00423060 f calc3dp.obj
 0001:00022090       ??EPointObj@@QAEAAV0@XZ    00423090 f calc3dp.obj
 0001:000220b0       ??FPointObj@@QAEAAV0@XZ    004230b0 f calc3dp.obj
 0001:000220d0       ??EPointObj@@QAEAAV0@H@Z   004230d0 f calc3dp.obj
 0001:000220f0       ??FPointObj@@QAEAAV0@H@Z   004230f0 f calc3dp.obj
 0001:00022110       ?Connect@PointObj@@QAE?AW4T_F@@AAVClassesObj@@H@Z 00423110 f calc3dp.obj
 0001:00022140       ?GotoSet@PointObj@@QAEAAVStoreObj@@AAVClassesObj@@W4NavCtrl@@H@Z 00423140 f calc3dp.obj
 0001:00022170       ?DisConnect@PointObj@@QAE?AW4T_F@@AAVClassesObj@@H@Z 00423170 f calc3dp.obj
 0001:000221a0       ?Set@PointObj@@QAEHAAVClassesObj@@@Z 004231a0 f calc3dp.obj
 0001:000221c0       ??6PointObj@@QAEAAVClassesObj@@AAV1@@Z 004231c0 f calc3dp.obj
 0001:000221f0       ?MemberUsingSet@PointObj@@QAEAAVClassesObj@@AAV2@H@Z 004231f0 f calc3dp.obj
 0001:00022220       ??0PointObj@@QAE@AAV0@@Z   00423220 f calc3dp.obj
 0001:000222d0       ??4PointObj@@QAEAAV0@AAV0@@Z 004232d0 f calc3dp.obj
 0001:00022330       ??_GPointObj@@UAEPAXI@Z    00423330 f calc3dp.obj
 0001:00022370       ??_EPointObj@@UAEPAXI@Z    00423370 f calc3dp.obj
 0001:000223e0       ??0LineObj@@QAE@XZ         004233e0 f calc3dp.obj
 0001:00022450       ??1LineObj@@UAE@XZ         00423450 f calc3dp.obj
 0001:000224c0       ?RecType@LineObj@@UAEHXZ   004234c0 f calc3dp.obj
 0001:000224e0       ?RecName@LineObj@@UAEPADXZ 004234e0 f calc3dp.obj
 0001:00022500       ?RecDataSize@LineObj@@UAEJXZ 00423500 f calc3dp.obj
 0001:00022520       ?_GetDb@LineObj@@UAEPAVVistaDb@@XZ 00423520 f calc3dp.obj
 0001:00022540       ??ALineObj@@QAEAAV0@W4NavCtrl@@@Z 00423540 f calc3dp.obj
 0001:00022570       ??ALineObj@@QAEAAV0@AAVKeyObj@@@Z 00423570 f calc3dp.obj
 0001:000225a0       ??ALineObj@@QAEAAV0@AAVDbAddr@@@Z 004235a0 f calc3dp.obj
 0001:000225d0       ??ELineObj@@QAEAAV0@XZ     004235d0 f calc3dp.obj
 0001:000225f0       ??FLineObj@@QAEAAV0@XZ     004235f0 f calc3dp.obj
 0001:00022610       ??ELineObj@@QAEAAV0@H@Z    00423610 f calc3dp.obj
 0001:00022630       ??FLineObj@@QAEAAV0@H@Z    00423630 f calc3dp.obj
 0001:00022650       ?Connect@LineObj@@QAE?AW4T_F@@AAVClassesObj@@H@Z 00423650 f calc3dp.obj
 0001:00022680       ?GotoSet@LineObj@@QAEAAVStoreObj@@AAVClassesObj@@W4NavCtrl@@H@Z 00423680 f calc3dp.obj
 0001:000226b0       ?DisConnect@LineObj@@QAE?AW4T_F@@AAVClassesObj@@H@Z 004236b0 f calc3dp.obj
 0001:000226e0       ?Set@LineObj@@QAEHAAVClassesObj@@@Z 004236e0 f calc3dp.obj
 0001:00022700       ??6LineObj@@QAEAAVClassesObj@@AAV1@@Z 00423700 f calc3dp.obj
 0001:00022730       ?MemberUsingSet@LineObj@@QAEAAVClassesObj@@AAV2@H@Z 00423730 f calc3dp.obj
 0001:00022760       ??0LineObj@@QAE@AAV0@@Z    00423760 f calc3dp.obj
 0001:00022810       ??4LineObj@@QAEAAV0@AAV0@@Z 00423810 f calc3dp.obj
 0001:00022870       ??_GLineObj@@UAEPAXI@Z     00423870 f calc3dp.obj
 0001:000228b0       ??_ELineObj@@UAEPAXI@Z     004238b0 f calc3dp.obj
 0001:00022920       ??0SystemObj@@QAE@XZ       00423920 f calc3dp.obj
 0001:000229a0       ?RecType@SystemObj@@UAEHXZ 004239a0 f calc3dp.obj
 0001:000229c0       ?RecName@SystemObj@@UAEPADXZ 004239c0 f calc3dp.obj
 0001:000229e0       ?_GetDb@SystemObj@@UAEPAVVistaDb@@XZ 004239e0 f calc3dp.obj
 0001:00022a00       ??5SystemObj@@QAEAAVClassesObj@@AAV1@@Z 00423a00 f calc3dp.obj
 0001:00022a30       ?OwnerUsingSet@SystemObj@@QAEAAVClassesObj@@AAV2@H@Z 00423a30 f calc3dp.obj
 0001:00022a60       ?Members@SystemObj@@QAEJAAVClassesObj@@H@Z 00423a60 f calc3dp.obj
 0001:00022a90       ??0SystemObj@@QAE@AAV0@@Z  00423a90 f calc3dp.obj
 0001:00022b10       ??4SystemObj@@QAEAAV0@AAV0@@Z 00423b10 f calc3dp.obj
 0001:00022b40       ??1SystemObj@@UAE@XZ       00423b40 f calc3dp.obj
 0001:00022ba0       ??_GSystemObj@@UAEPAXI@Z   00423ba0 f calc3dp.obj
 0001:00022be0       ??_ESystemObj@@UAEPAXI@Z   00423be0 f calc3dp.obj
 0001:00022c50       ??0Classes_type_KeyObj@@QAE@XZ 00423c50 f calc3dp.obj
 0001:00022c90       ??1Classes_type_KeyObj@@UAE@XZ 00423c90 f calc3dp.obj
 0001:00022cb0       ??0Classes_type_KeyObj@@QAE@ABV0@@Z 00423cb0 f calc3dp.obj
 0001:00022d20       ??4Classes_type_KeyObj@@QAEAAV0@ABV0@@Z 00423d20 f calc3dp.obj
 0001:00022d80       ??_GClasses_type_KeyObj@@UAEPAXI@Z 00423d80 f calc3dp.obj
 0001:00022dc0       ??_EClasses_type_KeyObj@@UAEPAXI@Z 00423dc0 f calc3dp.obj
 0001:00022e30       ??0Classes_name_KeyObj@@QAE@XZ 00423e30 f calc3dp.obj
 0001:00022e70       ??1Classes_name_KeyObj@@UAE@XZ 00423e70 f calc3dp.obj
 0001:00022e90       ??0Classes_name_KeyObj@@QAE@ABV0@@Z 00423e90 f calc3dp.obj
 0001:00022f00       ??4Classes_name_KeyObj@@QAEAAV0@ABV0@@Z 00423f00 f calc3dp.obj
 0001:00022f80       ??_GClasses_name_KeyObj@@UAEPAXI@Z 00423f80 f calc3dp.obj
 0001:00022fc0       ??_EClasses_name_KeyObj@@UAEPAXI@Z 00423fc0 f calc3dp.obj
 0001:00023030       ??0Groups_name_KeyObj@@QAE@XZ 00424030 f calc3dp.obj
 0001:00023070       ??1Groups_name_KeyObj@@UAE@XZ 00424070 f calc3dp.obj
 0001:00023090       ??0Groups_name_KeyObj@@QAE@ABV0@@Z 00424090 f calc3dp.obj
 0001:00023100       ??4Groups_name_KeyObj@@QAEAAV0@ABV0@@Z 00424100 f calc3dp.obj
 0001:00023180       ??_GGroups_name_KeyObj@@UAEPAXI@Z 00424180 f calc3dp.obj
 0001:000231c0       ??_EGroups_name_KeyObj@@UAEPAXI@Z 004241c0 f calc3dp.obj
 0001:00023230       ??0rvqLiteDb@@QAE@XZ       00424230 f calc3dp.obj
 0001:000232b0       ?MakeCurrent@rvqLiteDb@@UAEXXZ 004242b0 f calc3dp.obj
 0001:000232d0       ??0rvqLiteDb@@QAE@ABV0@@Z  004242d0 f calc3dp.obj
 0001:00023350       ??4rvqLiteDb@@QAEAAV0@ABV0@@Z 00424350 f calc3dp.obj
 0001:00023380       ??1rvqLiteDb@@UAE@XZ       00424380 f calc3dp.obj
 0001:000233e0       ??_GrvqLiteDb@@UAEPAXI@Z   004243e0 f calc3dp.obj
 0001:00023420       ??_ErvqLiteDb@@UAEPAXI@Z   00424420 f calc3dp.obj
 0001:000234a0       ??0equipObj@@QAE@XZ        004244a0 f calc3dp.obj
 0001:00023530       ??1equipObj@@UAE@XZ        00424530 f calc3dp.obj
 0001:000235a0       ?RecType@equipObj@@UAEHXZ  004245a0 f calc3dp.obj
 0001:000235c0       ?RecName@equipObj@@UAEPADXZ 004245c0 f calc3dp.obj
 0001:000235e0       ?TotalSize@equipObj@@UAEJXZ 004245e0 f calc3dp.obj
 0001:00023600       ?MakeEmpty@equipObj@@QAEXXZ 00424600 f calc3dp.obj
 0001:00023640       ?RecData@equipObj@@UAEPAXXZ 00424640 f calc3dp.obj
 0001:00023660       ?_GetDb@equipObj@@UAEPAVVistaDb@@XZ 00424660 f calc3dp.obj
 0001:00023680       ??AequipObj@@QAEAAV0@W4NavCtrl@@@Z 00424680 f calc3dp.obj
 0001:000236b0       ??AequipObj@@QAEAAV0@AAVKeyObj@@@Z 004246b0 f calc3dp.obj
 0001:000236e0       ??AequipObj@@QAEAAV0@AAVDbAddr@@@Z 004246e0 f calc3dp.obj
 0001:00023710       ??EequipObj@@QAEAAV0@XZ    00424710 f calc3dp.obj
 0001:00023730       ??FequipObj@@QAEAAV0@XZ    00424730 f calc3dp.obj
 0001:00023750       ??EequipObj@@QAEAAV0@H@Z   00424750 f calc3dp.obj
 0001:00023770       ??FequipObj@@QAEAAV0@H@Z   00424770 f calc3dp.obj
 0001:00023790       ??5equipObj@@QAEAAVeq_docs_intObj@@AAV1@@Z 00424790 f calc3dp.obj
 0001:000237c0       ?OwnerUsingSet@equipObj@@QAEAAVeq_docs_intObj@@AAV2@H@Z 004247c0 f calc3dp.obj
 0001:000237f0       ?Members@equipObj@@QAEJAAVeq_docs_intObj@@H@Z 004247f0 f calc3dp.obj
 0001:00023820       ??5equipObj@@QAEAAVprogressObj@@AAV1@@Z 00424820 f calc3dp.obj
 0001:00023850       ?OwnerUsingSet@equipObj@@QAEAAVprogressObj@@AAV2@H@Z 00424850 f calc3dp.obj
 0001:00023880       ?Members@equipObj@@QAEJAAVprogressObj@@H@Z 00424880 f calc3dp.obj
 0001:000238b0       ??5equipObj@@QAEAAVeq_mproc_intObj@@AAV1@@Z 004248b0 f calc3dp.obj
 0001:000238e0       ?OwnerUsingSet@equipObj@@QAEAAVeq_mproc_intObj@@AAV2@H@Z 004248e0 f calc3dp.obj
 0001:00023910       ?Members@equipObj@@QAEJAAVeq_mproc_intObj@@H@Z 00424910 f calc3dp.obj
 0001:00023940       ??5equipObj@@QAEAAVmhistObj@@AAV1@@Z 00424940 f calc3dp.obj
 0001:00023970       ?OwnerUsingSet@equipObj@@QAEAAVmhistObj@@AAV2@H@Z 00424970 f calc3dp.obj
 0001:000239a0       ?Members@equipObj@@QAEJAAVmhistObj@@H@Z 004249a0 f calc3dp.obj
 0001:000239d0       ??5equipObj@@QAEAAVeq_parts_intObj@@AAV1@@Z 004249d0 f calc3dp.obj
 0001:00023a00       ?OwnerUsingSet@equipObj@@QAEAAVeq_parts_intObj@@AAV2@H@Z 00424a00 f calc3dp.obj
 0001:00023a30       ?Members@equipObj@@QAEJAAVeq_parts_intObj@@H@Z 00424a30 f calc3dp.obj
 0001:00023a60       ??5equipObj@@QAEAAV0@AAV0@@Z 00424a60 f calc3dp.obj
 0001:00023a90       ?OwnerUsingSet@equipObj@@QAEAAV1@AAV1@H@Z 00424a90 f calc3dp.obj
 0001:00023ac0       ?Members@equipObj@@QAEJAAV1@H@Z 00424ac0 f calc3dp.obj
 0001:00023af0       ??5equipObj@@QAEAAVimage_equip_boxObj@@AAV1@@Z 00424af0 f calc3dp.obj
 0001:00023b20       ?OwnerUsingSet@equipObj@@QAEAAVimage_equip_boxObj@@AAV2@H@Z 00424b20 f calc3dp.obj
 0001:00023b50       ?Members@equipObj@@QAEJAAVimage_equip_boxObj@@H@Z 00424b50 f calc3dp.obj
 0001:00023b80       ?Connect@equipObj@@QAE?AW4T_F@@AAVcommsysObj@@H@Z 00424b80 f calc3dp.obj
 0001:00023bb0       ?GotoSet@equipObj@@QAEAAVStoreObj@@AAVcommsysObj@@W4NavCtrl@@H@Z 00424bb0 f calc3dp.obj
 0001:00023be0       ?DisConnect@equipObj@@QAE?AW4T_F@@AAVcommsysObj@@H@Z 00424be0 f calc3dp.obj
 0001:00023c10       ?Set@equipObj@@QAEHAAVcommsysObj@@@Z 00424c10 f calc3dp.obj
 0001:00023c30       ??6equipObj@@QAEAAVcommsysObj@@AAV1@@Z 00424c30 f calc3dp.obj
 0001:00023c60       ?MemberUsingSet@equipObj@@QAEAAVcommsysObj@@AAV2@H@Z 00424c60 f calc3dp.obj
 0001:00023c90       ?Connect@equipObj@@QAE?AW4T_F@@AAV1@H@Z 00424c90 f calc3dp.obj
 0001:00023cc0       ?GotoSet@equipObj@@QAEAAVStoreObj@@AAV1@W4NavCtrl@@H@Z 00424cc0 f calc3dp.obj
 0001:00023cf0       ?DisConnect@equipObj@@QAE?AW4T_F@@AAV1@H@Z 00424cf0 f calc3dp.obj
 0001:00023d20       ?Set@equipObj@@QAEHAAV1@@Z 00424d20 f calc3dp.obj
 0001:00023d40       ??6equipObj@@QAEAAV0@AAV0@@Z 00424d40 f calc3dp.obj
 0001:00023d70       ?MemberUsingSet@equipObj@@QAEAAV1@AAV1@H@Z 00424d70 f calc3dp.obj
 0001:00023da0       ?Connect@equipObj@@QAE?AW4T_F@@AAVvendorObj@@H@Z 00424da0 f calc3dp.obj
 0001:00023dd0       ?GotoSet@equipObj@@QAEAAVStoreObj@@AAVvendorObj@@W4NavCtrl@@H@Z 00424dd0 f calc3dp.obj
 0001:00023e00       ?DisConnect@equipObj@@QAE?AW4T_F@@AAVvendorObj@@H@Z 00424e00 f calc3dp.obj
 0001:00023e30       ?Set@equipObj@@QAEHAAVvendorObj@@@Z 00424e30 f calc3dp.obj
 0001:00023e50       ??6equipObj@@QAEAAVvendorObj@@AAV1@@Z 00424e50 f calc3dp.obj
 0001:00023e80       ?MemberUsingSet@equipObj@@QAEAAVvendorObj@@AAV2@H@Z 00424e80 f calc3dp.obj
 0001:00023eb0       ??0equipObj@@QAE@AAV0@@Z   00424eb0 f calc3dp.obj
 0001:00023f60       ??4equipObj@@QAEAAV0@AAV0@@Z 00424f60 f calc3dp.obj
 0001:00023fc0       ??_GequipObj@@UAEPAXI@Z    00424fc0 f calc3dp.obj
 0001:00024000       ??_EequipObj@@UAEPAXI@Z    00425000 f calc3dp.obj
 0001:00024080       ??0engdocObj@@QAE@XZ       00425080 f calc3dp.obj
 0001:00024110       ??1engdocObj@@UAE@XZ       00425110 f calc3dp.obj
 0001:00024180       ?RecType@engdocObj@@UAEHXZ 00425180 f calc3dp.obj
 0001:000241a0       ?RecName@engdocObj@@UAEPADXZ 004251a0 f calc3dp.obj
 0001:000241c0       ?TotalSize@engdocObj@@UAEJXZ 004251c0 f calc3dp.obj
 0001:000241e0       ?MakeEmpty@engdocObj@@QAEXXZ 004251e0 f calc3dp.obj
 0001:00024220       ?RecData@engdocObj@@UAEPAXXZ 00425220 f calc3dp.obj
 0001:00024240       ?_GetDb@engdocObj@@UAEPAVVistaDb@@XZ 00425240 f calc3dp.obj
 0001:00024260       ??AengdocObj@@QAEAAV0@W4NavCtrl@@@Z 00425260 f calc3dp.obj
 0001:00024290       ??AengdocObj@@QAEAAV0@AAVKeyObj@@@Z 00425290 f calc3dp.obj
 0001:000242c0       ??AengdocObj@@QAEAAV0@AAVDbAddr@@@Z 004252c0 f calc3dp.obj
 0001:000242f0       ??EengdocObj@@QAEAAV0@XZ   004252f0 f calc3dp.obj
 0001:00024310       ??FengdocObj@@QAEAAV0@XZ   00425310 f calc3dp.obj
 0001:00024330       ??EengdocObj@@QAEAAV0@H@Z  00425330 f calc3dp.obj
 0001:00024350       ??FengdocObj@@QAEAAV0@H@Z  00425350 f calc3dp.obj
 0001:00024370       ??5engdocObj@@QAEAAVeq_docs_intObj@@AAV1@@Z 00425370 f calc3dp.obj
 0001:000243a0       ?OwnerUsingSet@engdocObj@@QAEAAVeq_docs_intObj@@AAV2@H@Z 004253a0 f calc3dp.obj
 0001:000243d0       ?Members@engdocObj@@QAEJAAVeq_docs_intObj@@H@Z 004253d0 f calc3dp.obj
 0001:00024400       ??5engdocObj@@QAEAAVparts_docs_intObj@@AAV1@@Z 00425400 f calc3dp.obj
 0001:00024430       ?OwnerUsingSet@engdocObj@@QAEAAVparts_docs_intObj@@AAV2@H@Z 00425430 f calc3dp.obj
 0001:00024460       ?Members@engdocObj@@QAEJAAVparts_docs_intObj@@H@Z 00425460 f calc3dp.obj
 0001:00024490       ??0engdocObj@@QAE@AAV0@@Z  00425490 f calc3dp.obj
 0001:00024540       ??4engdocObj@@QAEAAV0@AAV0@@Z 00425540 f calc3dp.obj
 0001:000245a0       ??_GengdocObj@@UAEPAXI@Z   004255a0 f calc3dp.obj
 0001:000245e0       ??_EengdocObj@@UAEPAXI@Z   004255e0 f calc3dp.obj
 0001:00024660       ??0progressObj@@QAE@XZ     00425660 f calc3dp.obj
 0001:000246e0       ??1progressObj@@UAE@XZ     004256e0 f calc3dp.obj
 0001:00024750       ?RecType@progressObj@@UAEHXZ 00425750 f calc3dp.obj
 0001:00024770       ?RecName@progressObj@@UAEPADXZ 00425770 f calc3dp.obj
 0001:00024790       ?TotalSize@progressObj@@UAEJXZ 00425790 f calc3dp.obj
 0001:000247b0       ?MakeEmpty@progressObj@@QAEXXZ 004257b0 f calc3dp.obj
 0001:000247f0       ?RecData@progressObj@@UAEPAXXZ 004257f0 f calc3dp.obj
 0001:00024810       ?_GetDb@progressObj@@UAEPAVVistaDb@@XZ 00425810 f calc3dp.obj
 0001:00024830       ??AprogressObj@@QAEAAV0@W4NavCtrl@@@Z 00425830 f calc3dp.obj
 0001:00024860       ??AprogressObj@@QAEAAV0@AAVKeyObj@@@Z 00425860 f calc3dp.obj
 0001:00024890       ??AprogressObj@@QAEAAV0@AAVDbAddr@@@Z 00425890 f calc3dp.obj
 0001:000248c0       ??EprogressObj@@QAEAAV0@XZ 004258c0 f calc3dp.obj
 0001:000248e0       ??FprogressObj@@QAEAAV0@XZ 004258e0 f calc3dp.obj
 0001:00024900       ??EprogressObj@@QAEAAV0@H@Z 00425900 f calc3dp.obj
 0001:00024920       ??FprogressObj@@QAEAAV0@H@Z 00425920 f calc3dp.obj
 0001:00024940       ?Connect@progressObj@@QAE?AW4T_F@@AAVequipObj@@H@Z 00425940 f calc3dp.obj
 0001:00024970       ?GotoSet@progressObj@@QAEAAVStoreObj@@AAVequipObj@@W4NavCtrl@@H@Z 00425970 f calc3dp.obj
 0001:000249a0       ?DisConnect@progressObj@@QAE?AW4T_F@@AAVequipObj@@H@Z 004259a0 f calc3dp.obj
 0001:000249d0       ?Set@progressObj@@QAEHAAVequipObj@@@Z 004259d0 f calc3dp.obj
 0001:000249f0       ??6progressObj@@QAEAAVequipObj@@AAV1@@Z 004259f0 f calc3dp.obj
 0001:00024a20       ?MemberUsingSet@progressObj@@QAEAAVequipObj@@AAV2@H@Z 00425a20 f calc3dp.obj
 0001:00024a50       ??0progressObj@@QAE@AAV0@@Z 00425a50 f calc3dp.obj
 0001:00024b00       ??4progressObj@@QAEAAV0@AAV0@@Z 00425b00 f calc3dp.obj
 0001:00024b60       ??_GprogressObj@@UAEPAXI@Z 00425b60 f calc3dp.obj
 0001:00024ba0       ??_EprogressObj@@UAEPAXI@Z 00425ba0 f calc3dp.obj
 0001:00024c10       ??0mprocObj@@QAE@XZ        00425c10 f calc3dp.obj
 0001:00024ca0       ??1mprocObj@@UAE@XZ        00425ca0 f calc3dp.obj
 0001:00024d10       ?RecType@mprocObj@@UAEHXZ  00425d10 f calc3dp.obj
 0001:00024d30       ?RecName@mprocObj@@UAEPADXZ 00425d30 f calc3dp.obj
[...]
FIXUPS: 4540a 14 11 1a 17 49d 17 57 62 190 ffffe2fa 40 28 17 37 1e f 7b
FIXUPS: 43feb ad 33 402 1d cc df 18 16 10 1b 10 10 c 57 1e 11 7b 36 ad
FIXUPS: 4493f 7e 2a2 1d ffffe9cb 1a 9b 18 20 25 25 25 f1 7b 10d 1f 16 2b
FIXUPS: 43aa6 e4 2f 21 10 3e 56 2b 18 17 1b 40 28 1d 3b 2c 33 20 ffffdc64
FIXUPS: 41ab1 84 44 b50 17 11 1b 77 186 1f 12 1d 12 33 1d 17 11 7c 410
FIXUPS: 42e8c 88 1ee 12 18 46 f 23 19 171 15 1ec ffffdaef 4e 16 16 12 12
FIXUPS: 410d6 16 fd 40e 100 17 4a 18 ce 17 17 17 17 17 1b 17 17 1b 31 17
FIXUPS: 4197e 7c 13 2d 1b 19 ffffe942 17 11 365 9e 11 1b 61 10 1d 12 12
FIXUPS: 408cb 18 18 12 5e f 10b 43 2d f 10b 43 59 15 19 11 a6 11 16 24f
FIXUPS: 56122 45 fffe9901 ce de 13 1b 30 24 10 14 14 1f c1 ca 11 11 11
FIXUPS: 3fec2 17 11 3db 18 12 12 18 18 12 23 11 11 11 161cd c c 147 e d
FIXUPS: 5670b c 3d 3a dd d7 fffff4b2 c 1e b 2e 2b 2a 2b 2a 2b 2a 2b 2a
FIXUPS: 55fd6 2a 2b 48 2b 2a 2e 1213 2b 2a 2b 2f 2b 2a 2b 2a 2b 2a 2b 2a
FIXUPS: 57537 2a 2b 2a 2b 2a 2b 2a 2e 2e 5a ffffeb25 1d 20 80 203 1b 16
FIXUPS: 56538 961 27 9 b 2e 2b 2a 3f 17 c 27 9 b 2e 2b 2a 2b 2a 3f 17 c
FIXUPS: 57155 9 b 2e 2b 2a 2b 48 2b 2a 2b fffff76d 2b 2a 47 c 1e b 2e 2b
FIXUPS: 56ba0 2b 2c 2b 2a 2b 2a 3f 17 c 27 9 b 2e 3f 17 c 27 9 b 2e 3f
FIXUPS: 56e8d 1327 1f 11 11 11 11 1b 7 14 7 16 7 18 fffff688 f4 3b 58 3b
FIXUPS: 57b6c 1c 15 c 48 c c b1 b4 ffffec0a 2a 2b 2a 2b 1370 f7 26 21 26
FIXUPS: 57f0f e e 2e 19 19 19 e 2e 19 e e e e e e 2e 19 14 e e 2e 1f 11
FIXUPS: 5813c 11 1d c1f 2b 2a 2b 48 2b 2a 2b 2a 2b 2a 2b 2a 2b 2a 2b 2a
FIXUPS: 5907a 2a 2e 2c 2c 2c 2c fffff3c3 18 1c b 5e b b3 13 17a b 2e 2b
FIXUPS: 588d9 2b 2a 2b 2a 2b 2a 2b 2a 2b 2a 2b 2c 2b 2c 2b 2c 2b 2c 2b
FIXUPS: 58c35 2b 2a 2b 2a 2b 2a 2b fc4 1b 18 38 14 39 2e 3c 58 17 56 b
FIXUPS: 59f7d 53 17 4f 36 1e 37 14 5c 14 1b 2a ffffe55e 2a 2b 2a 2b 2a
FIXUPS: 58803 c 11e4 38 c 8 17 2d 17 1b 12 25 c 2c 19 7 7 8 10 1a e a 12
FIXUPS: 59bd0 29 25 1e 17 19 17 2d 13 3b 14 fffff796 1f 9 b 4f 13 53 9
FIXUPS: 595a4 4c 23 2b e e 26 13 4d 13 42 29 64 b 5e 1c 19 17 5b 39 11
FIXUPS: 599a5 1c 27 b2b 1e 5 10 2a 13 5f b fffffc08 18 1c b 50 21 b 23
FIXUPS: 5a3a0 13 ffffee06 2a 32 32 41 2a c8 1d 9 20 37 46 42 14 182c 12
FIXUPS: 5ad40 cf d7 8f 65 c b 4f 58 6f 41 fffff50d 18 1c b 5e b 93 13 fffffc5b
FIXUPS: 5a434 b 29 15 52 5 f 12 e 8 11d8 7f c 9 b fffffa08 b a 1a 9 25
FIXUPS: 5b1f2 a 25 9 3a 3c 94 8e fffff412 25 25 25 3b 12 6f cf 183 b4 66
FIXUPS: 5ac77 b be8 9 5c 50 15 21 1a fffffa9f 12 12 20 22 c 9 b 29 15 17
FIXUPS: 5b544 11 6 2a 15 24 15 10 36 28 3d c 20 26 1716 28 31 16 29 d1
FIXUPS: 5cf5f 10 14 14 19 17 e 2e 13 1f 4b 1d 1d 1f 38 8e 5d 18 10 8c 4b
FIXUPS: 5b7c5 15 31 19 20 11ae 13 10 13 3a 14 1f 28 c 16 d e 32 1c c 22
FIXUPS: 5cb8f 1d 7 f 7 11 e e 66 15 13 16 60 21 65 f ffffefd1 1c 2e 21
FIXUPS: 5bde0 7 5 6c 12 11d 13 6b 61 82 19 13 168 52 1a6 94 43 4e 1cd c
FIXUPS: 5c77a e 11 58 bd 8e 17 6d efa b 2b 13 7f c 9 b ffffe0ca 1d 15 27
FIXUPS: 5bada 19 2e 14 15 7e 15 10 22 22 b 12 1c 1f 15 15 17 e d 14 18f2
FIXUPS: 5d605 11 11 b 15 c b f 11 e c b 16 18 62 d e b 4b b 17 13 26 17
FIXUPS: 5d829 26 8 b 37 c 9 2069 e 51 47 2b7 47 1c 19 17 5b ffffd5fc 12
FIXUPS: 5d37b 12 20 22 c 9 b 29 15 17 6e 1a 12 b 10 b 1d 10 2c b 1f6c d
FIXUPS: 5f4f0 13 10 e 37 28 3a 18 18 18 4f 8d 20 28 33 43 13 23 23 1e 15
FIXUPS: 5f83b 23 23 1e 12 17 20 12 d fffff7b5 23 25 1c 19 19 19 13 c 1b
FIXUPS: 5f1b4 13 e 37 28 2c 28 34 18 18 18 13 23 20 25 19 10 10 c 18 9
FIXUPS: 5f4c8 fffff84e c 1b f 13 e 37 28 3a 18 18 18 13 20 23 2d 1a 1d
FIXUPS: 5ef14 1b f 13 e 37 28 3a 18 18 18 13 23 23 fffff8bc 18 13 20 23
FIXUPS: 5e9e6 28 13 23 20 37 1e 1e 16 c 18 c 13 e 37 28 3a 18 18 18 13
FIXUPS: 5ec55 23 23 2c 19 19 fffff8f0 18 13 23 20 26 10 10 c 18 c 13 e
FIXUPS: 5e725 28 3a 18 18 18 13 20 23 13 c 1b f 13 e 3a 28 34 18 fffff601
FIXUPS: 5df59 24 e 28 f 13 1a6 13 2c 2d 2d 2e 13 2d 2e 2e 2e 13 2d 2e 2e
FIXUPS: 5e3f3 1a e1 d 14 17 37 28 34 18 fffff51b 18 2d 37 28 3d 18 15 15
FIXUPS: 5dc27 5d f b 22 1e 1c 20 14 7 14 7 13 13 6 16 c f b 7 5a 20 18
FIXUPS: 616fe 16 1c 3a 13 f 5b 1c 14 f 44 7e 14 19 14 4b 66 14 19 f 4b
FIXUPS: 61ac7 14 19 1f 13 33 ffffbe97 1d 67 3a 22 364a 6a 1a 1a 2c 15 1a
FIXUPS: 6122d 1f 1a 1a 1f 18 33 18 1a 1a 26 58 40 40 2a 23 61 2d 38 2a
FIXUPS: 61594 2a 23 f1 16 fffff4c5 17 15 d 13 15 d 14 3f 24 42 18 27 23
FIXUPS: 60d46 1c 64 1a 18 21 18 24 ed 24 63 14 25 6c 1f 1f 24 1a fffff517
FIXUPS: 60616 17 30 15 2a 1a 1c 10 1f 2d 14 89 21 19 8d 18 be 28 20 4d
FIXUPS: 60a45 27 1c 1a 27 1c 1a 3b 12 23 21 fffff515 13 1f 24 1e 9 1c 13
FIXUPS: 6016d 40 15 19 20 1d 46 22 1f 2e 24 14 8c 25 18 2b d5 22 35 44
FIXUPS: 6057e 15 17 1e 1c06 57 2c c b 78 13 ffffdaa5 10 a 10 1a 32 22 4f
FIXUPS: 5fea2 14 c f 19 44 c 14 c f 23 19 20 16 1a c 13 1c33 29 15 17 5a
FIXUPS: 61d12 1b 13 e 7 b 24 22 10 1e 3c 2b ba 64 9c 16 a 26 41 21 20 51
FIXUPS: 6212e 51 15 f f 15a4 16 a 12 1f 16 16 2d 13 99 f f c 9 b ffffea7f
FIXUPS: 6237f 4e 26 7a 2f 3c8 17 fffff323 12 12 14 20 22 f c 9 17c8 9 19
FIXUPS: 6344d 8 1e 1a 41 1b 1b 8 b 1c 7 10 7 14 7 16 7 19 8 24 43 9 19
FIXUPS: 6366d 1a 2c 16 26 34 fffffa2c 1d 5e 11 12 8 24 1b 24 16 a c 3e
FIXUPS: 632f1 8 7 10 7 14 7 16 7 1d 25 7 10 7 14 7 16 7 d fffffaa5 24 b
FIXUPS: 62f0b 1b 8 7 10 7 14 7 16 7 15 27 e 22 16 f a b 9 13 19 16 a 28
FIXUPS: 630c1 1d 1a 1d 1a fffff8d6 c 9 b 29 15 17 17 17 17 17 65 3c 5e
FIXUPS: 62c33 5e 8d 1c 23 1c 2e 12 14 14 e 17 23 d 12 13 a b d29 f f f
FIXUPS: 63bd5 f c 9 b 93 81 f f f f f f f f c 9 b 30 60 13 ffffeadb 12
FIXUPS: 62952 12 12 71 f 2f04 25 25 25 25 32 13 ffffdf5b 12 12 12 12 12
FIXUPS: 6399a 12 12 12 12 14 1b 21 21 21 21 21 21 21 21 21 32 f f 1972
FIXUPS: 6550d 13 13 13 13 13 14 43 1c 27 e 68 e b c 29 15 13 24 b b 2f
FIXUPS: 65770 c c c c c b 22 fc fffff9b0 11 11 13 13 21 b 2e c c 9 b 22
FIXUPS: 65386 11 11 11 11 11 11 13 13 13 13 13 13 20 15 15 15 15 15 fffff8bc
FIXUPS: 64de5 c c 3b 20 8 15 14 d b 1a b 1c 1b c 12 7a 7 1c 1c a9 13 13
FIXUPS: 650b6 8 104 23 23 23 23 23 fffff8ec c c c c c c c c 9 b 39 d 20
FIXUPS: 64c4a e 25 14 e 2a 8 29 12 7 a e 9 7 19 9 b 2e fffff872 2f 12 11
FIXUPS: 6466f 14 11 26 3c 8 11a 36 1a 12 9e 7 15 1c 1c 85 13 13 13 13 b
FIXUPS: 64a4d 56 16 27 b b 39 fffff7aa c 9 b 3f 26 2a b b c 29 1a 14 15
FIXUPS: 6442e 24 19 26 2c 14 19 26 2c 19 26 d b 1a b 13 27 b fffff951 9
FIXUPS: 63f62 71 9 b 26 50 22 6b 26 2a b b c 29 12 12 11 21 8 15 14 11
FIXUPS: 64225 1a 23 b 1c 13 25 c 1a7c 37 3a 3c 37 3c 37 3c 37 3c 35 37
FIXUPS: 66011 f 1e b 3b 53 f 1e b 3b 37 4a 23 b 59 b ffffdc29 15 6f 15
FIXUPS: 66710 13 fffffb71 1c 2d b 6f 2c b 5e b 26 53 13 fffff585 2a 2b
FIXUPS: 65a87 2b 2a 2b 2c 2b 2a 2b 2c 2b 2a 35 39 39 30 d88 12 48 2b a
FIXUPS: 66b3d 9 9 47 d b 10 49 10 3d b 9f bf 17 fffff6ed 1c 2d b 68 2c
FIXUPS: 665b4 23 6d b 52 22 20 4cd2 5c 14 1b 2a ffffb2f7 1e 25 7 8 19 12
FIXUPS: 66826 17 13 22 8 16 11 29 71 8 10 49 10 3d b 34 1e 25 7 8 4483
FIXUPS: 6af0b a 12 29 29 25 1e 17 19 17 2d 13 3b 14 11 1b 18 38 14 39 2e
FIXUPS: 6b1c5 45 b 68 53 17 2f 36 1e 37 fffff6fd 64 b 3e 1c 19 17 5b 39
FIXUPS: 6ac3c 6f 17 63 1c 27 b 38 c 8 17 2d 17 1b 12 25 c 2c 19 7 7 8 10
FIXUPS: 6a65d c 11 1a 1c d 8 c 8 25 2b 4a 8 9 11 c 19 b 28 16 12 1e 36
FIXUPS: 6a87f 12 f 1c b 2a 6f 13 102 fffff96a 2c 7 a b 17 f 12 10 17 d
FIXUPS: 6a4a3 3b b 28 15 2b 8 6 e 6 b 2a 28 8 6 e 6 38 f b c fffff7ce 2b
FIXUPS: 69e54 e b b 14 3e 21 b 1f b 37 1c 1c 34 73 2b 10 b e f 2c c b 247
FIXUPS: 6a351 32 15 1a 8 7 fffff3cd 27 49 38 4a 24 a 1f 1d 21 4b 15 16
FIXUPS: 6998c b 12 2f 17 b a7 229 b b 35 c 1d 77 12 f 19 f d fffff522 c
FIXUPS: 69359 2f 5 10 e 24 14 1f 3f 19 c d 10 7b 51 48 8 26 1b 27 1c 27
FIXUPS: 69666 27 1c 26 25 27 26 27 fffff913 27 27 27 27 27 27 1e b b b
FIXUPS: 691b0 a 9 b a 16 9 25 9 d 15 c 20 36 20 b f 9 19 f 11 fffffa3c
FIXUPS: 68d67 e 6 b c 20 8 c d 2a 4c 20 3d 32 3e 5 15 2b 8 6 e 6 b c 2d
FIXUPS: 68fef 8 14 e e 2d fffff978 c 1a 16 20 17 b 3a b c 4e 21 12 c 20
FIXUPS: 68b54 9 1d c 9 31 c c 19 b 22 b d8 13 5 15 2b fffff865 19 b 2e
FIXUPS: 6861e 17 f e 15 26 e 20 1f 2f 15 13 b 32 b 34 14 1c 58 22 16 37
FIXUPS: 688b3 1d b 1c 88 1c fffff858 16 b 45 3b 1e 45 22 14 b 3e 4b 18
FIXUPS: 683e4 36 12 b b c 12 23 24 18 13 d 15 f 25 c b 40 1c fffff821 a
FIXUPS: 67dce 15 12 19 11 11 19 b 24 22 28 5 19 a 19 c c 14 2e 8 b cb 14
FIXUPS: 6807d 8 b cb 14 2c 2c fffff918 33 9 25 11 f 33 9 23 13 13 f 9 9
FIXUPS: 67c16 23 1c 16 17 1b f 8 15 5 15 1a b 2e 4e d 8 15 fffffb15 b d
FIXUPS: 678e6 8 c a 9 b 8 16 c b 18 10 18 15 9 9 19 14 9 b 17 15 20 16
FIXUPS: 67a6e 15 2d 13 d fffffa1c 34 f 12 9 f 10 16 22 34 a 12 c 9 b 8a
FIXUPS: 676a8 7 e 17 16 d 11 10 1b 10 34 48 f c 9 b fffff925 13 16 18 18
FIXUPS: 67176 28 32 5 11 db 12 d 10 c e 9 7 11 10 e 36 1c 2d b 68 12 f
FIXUPS: 67467 10 15 44 4eed 40 12 14 1f 17 10 1f 17 b 25 c b ffffa951 1d
FIXUPS: 66e73 21 2f 15 14 7 28 37 f d 12 12 1c 12f c e 7 4ff7 17 10 21
FIXUPS: 6c15b b 12 1a b 15 21 1e b 12 1a b 10 2e c c b 40 12 14 1f 17 10
FIXUPS: 6c35f 17 b 25 c fffffa4d 12 14 1f 17 10 21 1e b 12 1a b 10 25 c
FIXUPS: 6bf38 40 12 14 1f 17 10 1f 17 b 25 c b 40 12 f 14 fffffa69 d 22
FIXUPS: 6bb77 b 40 17 1f 17 b 1c b 37 f 11 1b 18 8 12 14 8 12 1b 18 8 12
FIXUPS: 6bd74 8 d 22 9 b fffffa76 40 17 21 1e b 12 1a 10 1c b 40 17 29
FIXUPS: 6b9dd 1c b 37 f 11 1b 18 8 12 14 8 12 1b 18 8 12 14 fffffa01 10
FIXUPS: 6b567 17 b 25 c b 22 3c 12 14 1f 17 10 1f 17 b 25 c b 40 12 14
FIXUPS: 6b791 17 10 1f 17 b 25 c 3efe 19 1c b 42 12 1c 1b 12 14 345 f 26
FIXUPS: 6fb9e 33 8 1c 18 4c 67 13 239 f f c 9 b ffffb556 3c 12 14 1f 3d3d
FIXUPS: 6f27a b 22 7 10 7 14 7 16 7 11 f 11 5f 6b 1c cf 11 25 66 11 66
FIXUPS: 6f60e 19 3e 26 b 1b b 1c 1b fffff55e 16 12e d b 14 d 23 12e d b
FIXUPS: 6ef4b d 23 2c 38 16 12 1f b 1c 1b 58 1c b 62 3e 12 1f b 22 1e fffff5b9
FIXUPS: 6e7db b 22 1e 5b 1c b 1f 43 5b f c 9 8 a0 b 25 6 14 6 18 c 8 6
FIXUPS: 6eac1 6 99 73 30 10 1c fffff705 8a 23 b 14 13 2f 8 44 33 b 37 85
FIXUPS: 6e5cf c c c 9 c a 13 19 14 1f 20 20 25 19 22 19 2a 56 fffff713
FIXUPS: 6ded0 2d 2f 5 10 e 25 16 15 1a 7 6 17 11 d 2b 2e d 1c 13 14 3e
FIXUPS: 6e168 f 1c e 50 19 fb 1c b fffff7fc a 9 e e 13 e 34 e 1a 9 12 7
FIXUPS: 6dc15 57 3b 19 11 c c 13 d e 3b 45 34 4d 13 43 16 12 18 fffff8e0
FIXUPS: 6d79c e 16 17 b 33 20 8b 29 c c c 9 c 23 61 2e 19 35 d 7 a e 9
FIXUPS: 6da5e 19 b 36 1f 29 c fffff7fd 54 9 f 19 11 1c 12 10 b 24 22 92
FIXUPS: 6d4db 86 cb e 9 8 3a 11 e 8 c 11 1c 31 c 1a 16 16 13 fffff38e f
FIXUPS: 6cb21 b 70 b 13 9 e 8 f b cb 33d e fb 1c b 5 e 5 e 7 91 a 3b 9
FIXUPS: 6d24a 47 9 36 1e 2f49 5a f 1e b 3f 43 23 b 59 b ffffc12a 5 1a 1a
FIXUPS: 6c55d 311 1c 2d b 68 15 12 12 17 63 f f 9 b 51 9a 4272 13 1e 19
FIXUPS: 70dd2 37 b 34 fffff5cd 18 1c b 5e b a3 13 fffffa25 2a 3f 17 c 27
FIXUPS: 70054 b 2e 57 f 1e b 3f 45 43 7e9 17 10 1d 1e b 17 3b c c c c c
FIXUPS: 70ad3 b 51 22 20 1e b 17 32 b 51 22 20 1e b 17 32 b 51 fffff900
FIXUPS: 70681 b 51 18 1d 13 1e 19 1c 1c 13 1e 19 1c 1c 13 1e 19 1c 1c 13
FIXUPS: 708c9 19 1c 1c 13 1e 17 21 20 1e 4f0 b 5e b 22 17 12 2d 8e 40 12
FIXUPS: 710bd 13 b ae 13 1d c 27 d b 5b 32 14f 18 48 13 fffff17a 22 20
FIXUPS: 7062d b ece 4b 6b 4e 19 10 1a 29 db 28 45 28 45 28 e8 22 13 16
FIXUPS: 719ae 2a 14 2a 16 14 20 38 e 4b 67 47 4f fffff297 1a51 30 7b fffffb8d
FIXUPS: 7257e b 29 19 19 19 19 13a 13 5f b fffffa63 37 15 8 35 84 7 10
FIXUPS: 7235b 14 7 16 7 d fffffc61 179 8e 1e7b 3b 14 11 1b 18 38 14 39
FIXUPS: 741c9 3c 45 b 68 53 17 2f 36 1e 37 14 5c 14 1b 2a ffffe346 21 c
FIXUPS: 72841 10 2f 37 14ae 1c 27 b 38 c 8 17 2d 17 1b 12 25 c 2c 19 7
FIXUPS: 73f0b 8 10 1a e a 12 29 29 25 1e 17 19 17 2d fffff653 19 f 38 43
FIXUPS: 73784 2c 13 5f b 3b 43 b 8a 30 13 63 41 b 43 29 64 b 5e 1c 19 17
FIXUPS: 73c12 39 11 91 17 fffff3f0 126 a1 20 37 2e 50 8 10 20 38 44 10
FIXUPS: 7345e 8 8 10 2c 34 b 22 1e 7 8 2f f 13 f 42 19 14 a8 fffff69c 1b
FIXUPS: 72d81 1f 9 11 22 3e 11 2c 3f 30 2e 43 e 24 10 16 2b 6 20 6 1f 22
FIXUPS: 73048 28 13 b 28 f 19 d 1822 3a 3c 2e 39 56 f 1e b 3b 53 f 1e b
FIXUPS: 74b79 37 4b 23 b ffffded5 2c b 29 77 86 15 22 21 23 25 15 1b 23b2
FIXUPS: 75109 b 2c d 23 13 5f b fffff2fb 2a 2b 2a 2b 2a 2b 2a 2b 2c 2b
FIXUPS: 746c2 2b 2a 2b 2a 2b 2a 39 39 35 30 3e 44e 15 15 80 12 1b 13 16
FIXUPS: 74e40 c b 52 12 1b 13 16 1c c b 22 1e 38 14 f 16 d f 1c 22 b 28
FIXUPS: 75083 1438 1e 1e 1c 11 11 2f d d d d 9 c c b 2b 12 2f 13 7f c 9
FIXUPS: 766e2 ffffe58c 12 f 1d 10 1f c 9 b 13b5 c 27 8 1f e 20 2b c b 3c
FIXUPS: 761cd 17 15 f 41 12 c 15 25 15 17 2b 35 22 35 22 35 22 35 22 49
FIXUPS: 75d60 16 1b b 1f b 33 b 17 15 12 34 9 c c b 22 3c 25 15 22 2f 16
FIXUPS: 75fb0 15 1e 2e f 42 20 11 b fffff9a9 37 1c 10 2d 1f b 41 12 c e
FIXUPS: 75b7f 20 25 15 e b 8 19 c b 16 45 1e b 13 1a 2b 10 13 15 19 fffff976
FIXUPS: 756eb b 1f b 22 1a 17 15 49 15 b b 3f c c c b 41 12 c 15 18 52
FIXUPS: 75957 34 c c b 7a 10 7 fffff8e2 16 22 19 35 a 12 c 9 b 29 12 17
FIXUPS: 754a3 12 f f 26 40 3d 22 3d 1a 11 1a b b b 10 b 40 18 1410 52 13
FIXUPS: 76b82 b fffffb98 18 1c b 50 13 21 b 34 12 b5 95 21 11 4b 13 ffffe81b
FIXUPS: 75240 12 29 d 1c 34 f 12 9 f 356c d 15 10 10 d 64 13 ffffe289 17
FIXUPS: 76bef 27 9 b 2e 2b 3a 2b 2a 2b 2a 2b 2a 2b 2a 2b 2c 2b 2c fffffb9f
FIXUPS: 76a8a b 1988 1e 13 24 13 34 f 7f 14 43 4d 6a f 43 19 27 16 1d 12
FIXUPS: 7874a e 16 1d 2e 2e 15 10 10 d 1f 15 10 fffff7d9 2c 38 8 29 11
FIXUPS: 78104 33 28 8 2d 34 1c a 29 2c c 8 1b 35 19 19 8 11 18 33 e 17
FIXUPS: 78375 79 19 e fffff6de 14 21 2e 19 b 28 f 19 d 9 126 c4 16 17 20
FIXUPS: 77e5a 34 50 8 10 29 38 4d 10 18 10 17 17 a 8 11 fffff633 16 1a
FIXUPS: 776bb 3e 1a 35 3f 30 2e 10 1b 16 30 2e 17 17 43 e 3a 25 16 39 6
FIXUPS: 779e5 17 17 2d d e 1e 74 fffff75f 17 76 1d 8 b0 38 c 8 21 b 23
FIXUPS: 7745a 38 c 8 21 b 23 29 b 10 26 15 d 29 28 9 1a 24 28 9 fffff8e8
FIXUPS: 76f44 12 12 14 20 20 2b f f f f f c 9 b 6c 16 1d 76 f f f f f c
FIXUPS: 771c7 b 26 12 17 17 6e83 1b 43 c c c c b 2c 13 5f b a9 f f f f
FIXUPS: 7e2ee 9 b 52 ffffa661 15 15 15 15 15 15 15 15 ffffe4b1 12 6eaa
FIXUPS: 7dddb 11 11 17 24 21 1f 13 6 25 b 17 24 26 26 1f 13 6 e 11 11 17
FIXUPS: 7dfeb 26 26 26 13 7 1a 7 1c fffff99d 10 10 10 10 10 10 10 10 f
FIXUPS: 7daeb 3e 31 16 6 b 10 d e 14 b 16 6 d 12f e 17 16 26 1f 13 6 fffff746
FIXUPS: 7d529 27 24 25 35 b 3c 15 25 32 b 3a 35 84 28 59 b 1b b 11 138
FIXUPS: 7d98a d c b 1a 1b b 18 32 c fffff717 1e 19 19 15 25 35 b 1e 19
FIXUPS: 7d275 19 19 15 25 35 b 1e 19 15 25 35 b 1e 19 19 19 1d 25 35 b
FIXUPS: 7d4db fffff937 18 1a c b 16 16 e 21 1c 1d 1e b 2d 2d c b 43 13
FIXUPS: 7cffc b 13 12 25 35 b 1e 19 19 15 25 35 fffff9ca b 5c 14 b 12 17
FIXUPS: 7cbd5 b 17 19 b 16 8 1f e 1b 8 22 7 1a 7 1c 7 1b 16 26 8 27 25
FIXUPS: 7cdaa b fffff9ad 6 13 24 3b 7 b 25 5a 13 12 34 d 1f 5a c c d f
FIXUPS: 7c989 39 7 1e 39 1e e b 39 7 1e 39 1e fffffa32 c c b 41 e 1b a
FIXUPS: 7c5dd 7 d 8 7 9 8 8 e 8 17 1c 19 10 25 37 b c 16 f c 8 7 19 fffffaf0
FIXUPS: 7c252 c 29 6c 1b 13 2f 1c c c c c c c b 21 14 1b 14 1b 14 48 12
FIXUPS: 7c4ba 8 13 b 6 22 b 6 fffff95b 7 8 19 48 16 10 f 25 a 12 10 32
FIXUPS: 7bfa4 13 b 33 45 12 1c b 7b 22 17 24 e b c 29 2a b 6e fffff8db
FIXUPS: 7bb1f 10 40 b 39 1e 25 7 8 19 48 1e 25 8 10 40 b 3d 8 c 19 5 e
FIXUPS: 7bdac 21 13 19 e 23 7 1e fffff8fe f 44 27 1c 3f 34 1e 2c 7 a b
FIXUPS: 7b8d3 f 3c 10 7 1e f 8 36 b 47 23 c 1e 25 7 8 19 48 1e fffff735
FIXUPS: 7b272 11 12 10 3b b be 28 20 31 96 7 1e 39 1e e b 9a 7 1e 39 1e
FIXUPS: 7b671 b 45 8 e 13 1c 15 12 fffff798 32 1e 25 7 8 19 12 15 4b 16
FIXUPS: 7b004 d 10 13 d 10 3b b 39 a 1e 39 1e e b 42 1e 25 7 8 19 fffff958
FIXUPS: 7ab7d 21 c c c b 42 12 1c b 3b f b f 19 b 46 24 2c f c 38 2c 16
FIXUPS: 7ae03 25 f c 38 2c 16 fffff80c 25 25 25 f 20 f 3e 12 1c b 42 12
FIXUPS: 7a85d b 38 22 19 3c bc 12 1c b 4b 1c 27 e 68 e b 9 26 fffff6ea
FIXUPS: 7a24f 25 23 13 b 28 13 8 1d f c b 36 1e 25 7 8 2d 10 3b b 48 37
FIXUPS: 7a4d4 19 b 1f 11e 25 25 25 fffff7ba 76 1a 19 45 93 b 14 12 1b 1b
FIXUPS: 7a061 11 11 11 11 14 14 14 14 14 14 14 1b 1b 1b 1b 16 1b b 10 25
FIXUPS: 79af6 26 17 11 35 9 a b 3e 24 e e 20 25 1b e 4b 1e 2c 7 a b 17
FIXUPS: 79d5a 3c 10 7 1e f 8 36 b fffff8d9 36 38 22 2b b 25 1c c 8 94 34
FIXUPS: 798fd 2c 7 a b 17 f d f c 38 10 9 b d 52 30 13 27 22 fffff8d4 32
FIXUPS: 793fb 17 20 13 1a 32 1b 17 20 13 1a e 12 e 12 e 12 17 16 13 13
FIXUPS: 795da 22 4a 19 17 20 1c 11 28 fffff962 f f f f f 9 b f2 f f f f
FIXUPS: 791e9 f f f f 9 b 3b 2f 18 17 29 1d 16 f 34 8 13 d fffff9b6 15
FIXUPS: 78d79 15 11 13 13 13 13 13 13 1b 1b 1b 1b 35 15 12 12 12 e 10 12
FIXUPS: 78f3f 12 12 12 12 8a f f f 5512 13 ffffa589 1f e 1b 11 9 1d 2a
FIXUPS: 78ba6 11 11 11 11 11 11 11 13 13 13 13 13 13 13 13 13 13 20 15
FIXUPS: 78d25 15 628f 14 23 13 fffff7d2 18 1c b a9 b 48 13 fffffc5a 1d
FIXUPS: 7e5c6 21 1e 15 18 1b 4c 2c 1d 7 fffffce8 2c b 46 2c b 60 b 754
FIXUPS: 7ec58 c 14 f 14 f 14 f 26 23 23 23 1d 1e 24 14 29 b a 13 32 a 16
FIXUPS: 7eea4 a 16 32 2d 48 2a 2a 13e 83 13 fffff7eb 12 12 12 12 70 f f
FIXUPS: 7ea60 9 b 29 15 17 17 17 17 17 17 17 17 50 11 14 14 14 d 10 10
FIXUPS: 7f556 c c 17 c 10 9 11 c 23 b 40 77 24 13 fffffaf1 1c 2d b 6f 2c
FIXUPS: 7f2ce 5e b 26 53 13 fffffc92 18 1c b 5e d6c 1e 17 19 17 2d 13 47
FIXUPS: 7ff55 68 53 17 37 14 11 1b 18 38 14 3f 14 1b 2a fffff26b 12 13
FIXUPS: 7f452 9 b 6e 9 b 59f 19 17 5b 39 11 89 1c 27 b 38 c 8 17 2d 17
FIXUPS: 7fcf5 12 25 c 2c 19 7 7 8 10 1a e a 12 29 29 a19 24 a 2b 11 19
FIXUPS: 808e0 36 70 ffffeda4 18 1f b 5e 7 1c 7 8 7 10 7 4b b 49 c 4b 13
FIXUPS: 7f995 29 64 b 3e a71 19 b 34 11 17 8 32 24 8 a 14 11 19 b 36 28
FIXUPS: 806a5 26 7 8 12 3a 8 10 7 19 b 36 27 32 28 13c2 13 10 10 13 68
FIXUPS: 81ca3 38 ffffe50d 27 b d d 4f 15 14 1c b 36 24 8 a 14 11 19 b 36
FIXUPS: 803e6 32 3c 32 24 1473 44 10 7 2e 10 a 1b 7 14 7 16 7 d 10 a 2d
FIXUPS: 81ab1 27 1d 17 10 13 10 11 13 17 10 13 10 11 11 e17 c b 1c b 2c
FIXUPS: 82a63 ffffe81b f8 fd 16e 12 15 1f 9 b 8b 9 b 47 15 a7 14 7 6d 36
FIXUPS: 818a2 14 7 16 7 d d91 53 4e d 14 d 14 d 14 d 25 c b 31 d 14 d 14
FIXUPS: 82845 14 e 33 37 13 21 1c 1f 17 17 18 a 3e fffff74a 16 a 26 41
FIXUPS: 821c0 20 51 20 51 15 f f 1c 3d 2c c b 29 5c 12 12 49 6b 70 5d d
FIXUPS: 825ee 12 2a 12 2a 62a 13 fffff07b 12 12 12 12 12 12 20 13 13 13
FIXUPS: 81df6 22 f f f f c 9 b 29 15 17 17 17 17 17 6e 2b 72 2903 14 4e
FIXUPS: 849b4 29 c 16 a c 13 e 4b 1f 29 c 16 a c 13 e 4e 13 ffffdf31 1c
FIXUPS: 82afd b 6f 2c b 5e b 26 1825 e 4d 1f 2f f 1c d f 13 e 3b 13 26
FIXUPS: 84609 15 31 15 17 10 2c 24 14 9d 48 f 13 13 f eb 10 10 fffff784
FIXUPS: 840b4 9 db b b d c 13 15 d 10 10 10 12 13 e 5d 1f 2f f 19 d f 13
FIXUPS: 8436f 5d 1f 2f f 19 d fffff7dd 19 21 12 d 10 18 a 28 3a 19 13 13
FIXUPS: 83d61 123 1c f d 10 15 5d 15 20 1f 13 10 19 10 10 e 5d 1f fffff70a
FIXUPS: 8378f c f 13 d d d e 70 28 3d 17 31 14 19 12 1c 10 b4 24 15 15
FIXUPS: 83aa9 15 17 1e 1d 8e 1a 28 3a fffff86b 7 13 d e 5d 1f 2f f 19 d
FIXUPS: 835a9 7 1f 30 17 16 d c f 7 1f 30 17 16 d c f 7 1f 30 17 fffffa3a
FIXUPS: 831c5 28 c a 19 22 f 15 13 1d 18 16 d e 5d 1f 2f f 19 d f 7 1f
FIXUPS: 83419 c 16 a 5 11 12 f fffff99c 3a c c 79 1f 2f f 19 d f f f f
FIXUPS: 82fb1 f 13 e 5d 1f 2f f 19 d f 1a 1d 1f 21 2f 15 14 1a59 b 5e 10
FIXUPS: 84ca8 16 13 13 13 13 9 b 17 19 27 12 28 d 11 9 38 b5 58 17 ffffddb3
FIXUPS: 82d5c c 16 a 1c b 5e 635b 2f 11 ab d1 b5 1f8 17 295 13 13 55 163
FIXUPS: 89ab2 2b 13 13 13 1ff 56 336 34 67f e4 10 56 17 211 f2 ffffa003
FIXUPS: 84bd2 19 2f44 17 25 22 1c 37 d2 d5 e 1b e 1ff db e 1b e 1dc 1d
FIXUPS: 88809 34 95 41 173 a2 27 1b be fd 158 21 140 21 ffffde7b 11 11
FIXUPS: 86eaf 1b 18 18 10 10 10 2b a0 1a 14f 4e 32 74 43 176 1ac 197 9a
FIXUPS: 87835 1c9 21 27 1d 1a 10 18 2e 37 ffffeac9 13 1c 35 2f 28 3b 1f
FIXUPS: 866f4 26 1a 29 28 17 b3 41 26 36 77 61 7b 9d 61 10e 44 30 33 35
FIXUPS: 86d7a 11 46 7f ffffeb19 14 14 22 13 13 26 13 67 8a af f f 2b 2b
FIXUPS: 85d2f f b3 eb 10 7f 39 26 eb 1a 1c 258 23 6b 93 e9 13 5889 36 1c
FIXUPS: 8be58 1c 11 b 31 3b b4 20 60 13 ffff8f2b 270 13 e2 5b 176 14 14
FIXUPS: 854ee 111 13 26 de 13 1b 42 de e2 13 6004 2e 9 9 9 d 11 9 11 11
FIXUPS: 8ba1a 33 31 28 28 14 1c 5f 3f 11 d 62 b ba 11 11 13 12 b 44 e 42
FIXUPS: 8b493 1c 3c 5e 5b 4d 117 1a 28 f 1b d 52 8 10 9 16 4a 18 31 c c
FIXUPS: 8b8be b 2c 9 9 9 11 11 9 11 fffff2d5 1c 2d b 4a 1f 1d 3d 3a 1c
FIXUPS: 8ad99 a5 b aa 44 a8 61 39 22 56 12 1a 70 1e 94 4a 82 2a 35 2b 50
FIXUPS: 8b450
